ARM Linker, 5.03 [Build 76] [MDK-ARM Lite]

==============================================================================

Section Cross References

    main.o(i.main) refers to init.o(i.init_ALL) for init_ALL
    main.o(i.main) refers to usart.o(i.USART_puts) for USART_puts
    main.o(i.main) refers to time.o(i.Delay) for Delay
    main.o(i.main) refers to imu.o(i.read_imu) for read_imu
    init.o(i.init_ALL) refers to init.o(i.init_discovery_board) for init_discovery_board
    init.o(i.init_ALL) refers to init.o(i.init_SysTick) for init_SysTick
    init.o(i.init_ALL) refers to init.o(i.init_Button) for init_Button
    init.o(i.init_ALL) refers to init.o(i.init_ESC) for init_ESC
    init.o(i.init_ALL) refers to init.o(i.init_gyro) for init_gyro
    init.o(i.init_ALL) refers to init.o(i.init_acc_mag) for init_acc_mag
    init.o(i.init_ALL) refers to init.o(i.init_timer) for init_timer
    init.o(i.init_ALL) refers to init.o(i.init_USART2) for init_USART2
    init.o(i.init_Button) refers to stm32f3_discovery.o(i.STM_EVAL_PBInit) for STM_EVAL_PBInit
    init.o(i.init_ESC) refers to printfa.o(i.__0sprintf) for __2sprintf
    init.o(i.init_ESC) refers to usart.o(i.USART_puts) for USART_puts
    init.o(i.init_ESC) refers to init.o(i.init_ESC_GPIO) for init_ESC_GPIO
    init.o(i.init_ESC) refers to init.o(i.init_ESC_Timer) for init_ESC_Timer
    init.o(i.init_ESC) refers to usart.o(.bss) for send
    init.o(i.init_ESC) refers to init.o(.data) for .data
    init.o(i.init_ESC_GPIO) refers to stm32f30x_rcc.o(i.RCC_APB1PeriphClockCmd) for RCC_APB1PeriphClockCmd
    init.o(i.init_ESC_GPIO) refers to stm32f30x_rcc.o(i.RCC_AHBPeriphClockCmd) for RCC_AHBPeriphClockCmd
    init.o(i.init_ESC_GPIO) refers to stm32f30x_gpio.o(i.GPIO_Init) for GPIO_Init
    init.o(i.init_ESC_GPIO) refers to stm32f30x_gpio.o(i.GPIO_PinAFConfig) for GPIO_PinAFConfig
    init.o(i.init_ESC_GPIO) refers to init.o(.data) for .data
    init.o(i.init_ESC_Timer) refers to stm32f30x_tim.o(i.TIM_TimeBaseInit) for TIM_TimeBaseInit
    init.o(i.init_ESC_Timer) refers to stm32f30x_tim.o(i.TIM_OC1Init) for TIM_OC1Init
    init.o(i.init_ESC_Timer) refers to stm32f30x_tim.o(i.TIM_OC1PreloadConfig) for TIM_OC1PreloadConfig
    init.o(i.init_ESC_Timer) refers to stm32f30x_tim.o(i.TIM_OC2Init) for TIM_OC2Init
    init.o(i.init_ESC_Timer) refers to stm32f30x_tim.o(i.TIM_OC2PreloadConfig) for TIM_OC2PreloadConfig
    init.o(i.init_ESC_Timer) refers to stm32f30x_tim.o(i.TIM_OC3Init) for TIM_OC3Init
    init.o(i.init_ESC_Timer) refers to stm32f30x_tim.o(i.TIM_OC3PreloadConfig) for TIM_OC3PreloadConfig
    init.o(i.init_ESC_Timer) refers to stm32f30x_tim.o(i.TIM_OC4Init) for TIM_OC4Init
    init.o(i.init_ESC_Timer) refers to stm32f30x_tim.o(i.TIM_OC4PreloadConfig) for TIM_OC4PreloadConfig
    init.o(i.init_ESC_Timer) refers to stm32f30x_tim.o(i.TIM_ARRPreloadConfig) for TIM_ARRPreloadConfig
    init.o(i.init_ESC_Timer) refers to stm32f30x_tim.o(i.TIM_CtrlPWMOutputs) for TIM_CtrlPWMOutputs
    init.o(i.init_ESC_Timer) refers to stm32f30x_tim.o(i.TIM_Cmd) for TIM_Cmd
    init.o(i.init_ESC_Timer) refers to system_stm32f30x.o(.data) for SystemCoreClock
    init.o(i.init_ESC_Timer) refers to init.o(.bss) for .bss
    init.o(i.init_SysTick) refers to system_stm32f30x.o(.data) for SystemCoreClock
    init.o(i.init_USART2) refers to stm32f30x_rcc.o(i.RCC_APB1PeriphClockCmd) for RCC_APB1PeriphClockCmd
    init.o(i.init_USART2) refers to stm32f30x_rcc.o(i.RCC_AHBPeriphClockCmd) for RCC_AHBPeriphClockCmd
    init.o(i.init_USART2) refers to stm32f30x_gpio.o(i.GPIO_Init) for GPIO_Init
    init.o(i.init_USART2) refers to stm32f30x_gpio.o(i.GPIO_PinAFConfig) for GPIO_PinAFConfig
    init.o(i.init_USART2) refers to stm32f30x_usart.o(i.USART_Init) for USART_Init
    init.o(i.init_USART2) refers to stm32f30x_usart.o(i.USART_ITConfig) for USART_ITConfig
    init.o(i.init_USART2) refers to stm32f30x_misc.o(i.NVIC_Init) for NVIC_Init
    init.o(i.init_USART2) refers to stm32f30x_usart.o(i.USART_Cmd) for USART_Cmd
    init.o(i.init_USART2) refers to init.o(.data) for .data
    init.o(i.init_USART2) refers to init.o(.bss) for .bss
    init.o(i.init_acc_mag) refers to stm32f3_discovery_lsm303dlhc.o(i.LSM303DLHC_MagInit) for LSM303DLHC_MagInit
    init.o(i.init_acc_mag) refers to stm32f3_discovery_lsm303dlhc.o(i.LSM303DLHC_AccInit) for LSM303DLHC_AccInit
    init.o(i.init_acc_mag) refers to stm32f3_discovery_lsm303dlhc.o(i.LSM303DLHC_AccFilterConfig) for LSM303DLHC_AccFilterConfig
    init.o(i.init_discovery_board) refers to stm32f3_discovery.o(i.STM_EVAL_LEDInit) for STM_EVAL_LEDInit
    init.o(i.init_discovery_board) refers to stm32f3_discovery.o(i.STM_EVAL_PBInit) for STM_EVAL_PBInit
    init.o(i.init_gyro) refers to stm32f3_discovery_l3gd20.o(i.L3GD20_Init) for L3GD20_Init
    init.o(i.init_gyro) refers to stm32f3_discovery_l3gd20.o(i.L3GD20_FilterConfig) for L3GD20_FilterConfig
[...]
    Removing stm32f30x_spi.o(i.SPI_NSSPulseModeCmd), (20 bytes).
    Removing stm32f30x_spi.o(i.SPI_SSOutputCmd), (20 bytes).
    Removing stm32f30x_spi.o(i.SPI_StructInit), (28 bytes).
    Removing stm32f30x_spi.o(i.SPI_TIModeCmd), (20 bytes).
    Removing stm32f30x_spi.o(i.SPI_TransmitCRC), (10 bytes).
    Removing stm32f30x_i2c.o(.rev16_text), (4 bytes).
    Removing stm32f30x_i2c.o(.revsh_text), (4 bytes).
    Removing stm32f30x_i2c.o(i.I2C_10BitAddressHeaderCmd), (20 bytes).
    Removing stm32f30x_i2c.o(i.I2C_10BitAddressingModeCmd), (20 bytes).
    Removing stm32f30x_i2c.o(i.I2C_AcknowledgeConfig), (20 bytes).
    Removing stm32f30x_i2c.o(i.I2C_AutoEndCmd), (20 bytes).
    Removing stm32f30x_i2c.o(i.I2C_CalculatePEC), (20 bytes).
    Removing stm32f30x_i2c.o(i.I2C_ClearITPendingBit), (4 bytes).
    Removing stm32f30x_i2c.o(i.I2C_ClockTimeoutCmd), (20 bytes).
    Removing stm32f30x_i2c.o(i.I2C_DMACmd), (16 bytes).
    Removing stm32f30x_i2c.o(i.I2C_DeInit), (44 bytes).
    Removing stm32f30x_i2c.o(i.I2C_DualAddressCmd), (20 bytes).
    Removing stm32f30x_i2c.o(i.I2C_ExtendedClockTimeoutCmd), (20 bytes).
    Removing stm32f30x_i2c.o(i.I2C_GeneralCallCmd), (20 bytes).
    Removing stm32f30x_i2c.o(i.I2C_GenerateSTART), (20 bytes).
    Removing stm32f30x_i2c.o(i.I2C_GenerateSTOP), (20 bytes).
    Removing stm32f30x_i2c.o(i.I2C_GetAddressMatched), (10 bytes).
    Removing stm32f30x_i2c.o(i.I2C_GetITStatus), (46 bytes).
    Removing stm32f30x_i2c.o(i.I2C_GetPEC), (6 bytes).
    Removing stm32f30x_i2c.o(i.I2C_GetTransferDirection), (18 bytes).
    Removing stm32f30x_i2c.o(i.I2C_ITConfig), (16 bytes).
    Removing stm32f30x_i2c.o(i.I2C_IdleClockTimeoutCmd), (20 bytes).
    Removing stm32f30x_i2c.o(i.I2C_MasterRequestConfig), (20 bytes).
    Removing stm32f30x_i2c.o(i.I2C_NumberOfBytesConfig), (14 bytes).
    Removing stm32f30x_i2c.o(i.I2C_OwnAddress2Config), (30 bytes).
    Removing stm32f30x_i2c.o(i.I2C_PECRequestCmd), (20 bytes).
    Removing stm32f30x_i2c.o(i.I2C_ReadRegister), (10 bytes).
    Removing stm32f30x_i2c.o(i.I2C_ReloadCmd), (20 bytes).
    Removing stm32f30x_i2c.o(i.I2C_SMBusAlertCmd), (20 bytes).
    Removing stm32f30x_i2c.o(i.I2C_SlaveAddressConfig), (16 bytes).
    Removing stm32f30x_i2c.o(i.I2C_SlaveByteControlCmd), (20 bytes).
    Removing stm32f30x_i2c.o(i.I2C_SoftwareResetCmd), (20 bytes).
    Removing stm32f30x_i2c.o(i.I2C_StopModeCmd), (20 bytes).
    Removing stm32f30x_i2c.o(i.I2C_StretchClockCmd), (20 bytes).
    Removing stm32f30x_i2c.o(i.I2C_StructInit), (22 bytes).
    Removing stm32f30x_i2c.o(i.I2C_TimeoutAConfig), (16 bytes).
    Removing stm32f30x_i2c.o(i.I2C_TimeoutBConfig), (24 bytes).
    Removing stm32f30x_usart.o(.rev16_text), (4 bytes).
    Removing stm32f30x_usart.o(.revsh_text), (4 bytes).
    Removing stm32f30x_usart.o(i.USART_AddressDetectionConfig), (16 bytes).
    Removing stm32f30x_usart.o(i.USART_AutoBaudRateCmd), (20 bytes).
    Removing stm32f30x_usart.o(i.USART_AutoBaudRateConfig), (16 bytes).
    Removing stm32f30x_usart.o(i.USART_ClearFlag), (4 bytes).
    Removing stm32f30x_usart.o(i.USART_ClearITPendingBit), (10 bytes).
    Removing stm32f30x_usart.o(i.USART_ClockInit), (28 bytes).
    Removing stm32f30x_usart.o(i.USART_ClockStructInit), (12 bytes).
    Removing stm32f30x_usart.o(i.USART_DECmd), (20 bytes).
    Removing stm32f30x_usart.o(i.USART_DEPolarityConfig), (16 bytes).
    Removing stm32f30x_usart.o(i.USART_DMACmd), (16 bytes).
    Removing stm32f30x_usart.o(i.USART_DMAReceptionErrorConfig), (16 bytes).
    Removing stm32f30x_usart.o(i.USART_DataInvCmd), (20 bytes).
    Removing stm32f30x_usart.o(i.USART_DeInit), (116 bytes).
    Removing stm32f30x_usart.o(i.USART_DirectionModeCmd), (16 bytes).
    Removing stm32f30x_usart.o(i.USART_GetFlagStatus), (14 bytes).
    Removing stm32f30x_usart.o(i.USART_HalfDuplexCmd), (20 bytes).
    Removing stm32f30x_usart.o(i.USART_InvPinCmd), (16 bytes).
    Removing stm32f30x_usart.o(i.USART_IrDACmd), (20 bytes).
    Removing stm32f30x_usart.o(i.USART_IrDAConfig), (16 bytes).
    Removing stm32f30x_usart.o(i.USART_LINBreakDetectLengthConfig), (16 bytes).
    Removing stm32f30x_usart.o(i.USART_LINCmd), (20 bytes).
    Removing stm32f30x_usart.o(i.USART_MSBFirstCmd), (20 bytes).
    Removing stm32f30x_usart.o(i.USART_MuteModeCmd), (20 bytes).
    Removing stm32f30x_usart.o(i.USART_MuteModeWakeUpConfig), (16 bytes).
    Removing stm32f30x_usart.o(i.USART_OneBitMethodCmd), (20 bytes).
    Removing stm32f30x_usart.o(i.USART_OverSampling8Cmd), (20 bytes).
    Removing stm32f30x_usart.o(i.USART_OverrunDetectionConfig), (16 bytes).
    Removing stm32f30x_usart.o(i.USART_ReceiverTimeOutCmd), (20 bytes).
    Removing stm32f30x_usart.o(i.USART_RequestCmd), (16 bytes).
    Removing stm32f30x_usart.o(i.USART_STOPModeCmd), (20 bytes).
    Removing stm32f30x_usart.o(i.USART_SWAPPinCmd), (20 bytes).
    Removing stm32f30x_usart.o(i.USART_SetAddress), (18 bytes).
    Removing stm32f30x_usart.o(i.USART_SetAutoRetryCount), (18 bytes).
    Removing stm32f30x_usart.o(i.USART_SetBlockLength), (18 bytes).
    Removing stm32f30x_usart.o(i.USART_SetDEAssertionTime), (18 bytes).
    Removing stm32f30x_usart.o(i.USART_SetDEDeassertionTime), (18 bytes).
    Removing stm32f30x_usart.o(i.USART_SetGuardTime), (16 bytes).
    Removing stm32f30x_usart.o(i.USART_SetPrescaler), (16 bytes).
    Removing stm32f30x_usart.o(i.USART_SetReceiverTimeOut), (16 bytes).
    Removing stm32f30x_usart.o(i.USART_SmartCardCmd), (20 bytes).
    Removing stm32f30x_usart.o(i.USART_SmartCardNACKCmd), (20 bytes).
    Removing stm32f30x_usart.o(i.USART_StopModeWakeUpSourceConfig), (16 bytes).
    Removing stm32f30x_usart.o(i.USART_StructInit), (22 bytes).
    Removing stm32f3_discovery.o(.rev16_text), (4 bytes).
    Removing stm32f3_discovery.o(.revsh_text), (4 bytes).
    Removing stm32f3_discovery.o(i.STM_EVAL_LEDOff), (24 bytes).
    Removing stm32f3_discovery_lsm303dlhc.o(.rev16_text), (4 bytes).
    Removing stm32f3_discovery_lsm303dlhc.o(.revsh_text), (4 bytes).
    Removing stm32f3_discovery_lsm303dlhc.o(i.LSM303DLHC_AccClickITConfig), (46 bytes).
    Removing stm32f3_discovery_lsm303dlhc.o(i.LSM303DLHC_AccFilterClickCmd), (42 bytes).
    Removing stm32f3_discovery_lsm303dlhc.o(i.LSM303DLHC_AccFilterCmd), (42 bytes).
    Removing stm32f3_discovery_lsm303dlhc.o(i.LSM303DLHC_AccGetDataStatus), (20 bytes).
    Removing stm32f3_discovery_lsm303dlhc.o(i.LSM303DLHC_AccINT1InterruptConfig), (54 bytes).
    Removing stm32f3_discovery_lsm303dlhc.o(i.LSM303DLHC_AccINT2InterruptConfig), (54 bytes).
    Removing stm32f3_discovery_lsm303dlhc.o(i.LSM303DLHC_AccIT1Config), (58 bytes).
    Removing stm32f3_discovery_lsm303dlhc.o(i.LSM303DLHC_AccIT2Config), (58 bytes).
    Removing stm32f3_discovery_lsm303dlhc.o(i.LSM303DLHC_AccRebootCmd), (38 bytes).
    Removing stm32f3_discovery_lsm303dlhc.o(i.LSM303DLHC_MagGetDataStatus), (20 bytes).
    Removing stm32f3_discovery_l3gd20.o(.rev16_text), (4 bytes).
    Removing stm32f3_discovery_l3gd20.o(.revsh_text), (4 bytes).
    Removing stm32f3_discovery_l3gd20.o(i.L3GD20_GetDataStatus), (18 bytes).
    Removing stm32f3_discovery_l3gd20.o(i.L3GD20_INT1InterruptCmd), (40 bytes).
    Removing stm32f3_discovery_l3gd20.o(i.L3GD20_INT1InterruptConfig), (100 bytes).
    Removing stm32f3_discovery_l3gd20.o(i.L3GD20_INT2InterruptCmd), (40 bytes).
    Removing stm32f3_discovery_l3gd20.o(i.L3GD20_RebootCmd), (36 bytes).
    Removing startup_stm32f30x.o(HEAP), (512 bytes).
    Removing dfixi.o(.text), (62 bytes).
    Removing cdcmple.o(.text), (40 bytes).

358 unused section(s) (total 8324 bytes) removed from the image.

==============================================================================

Image Symbol Table

    Local Symbols

    Symbol Name                              Value     Ov Type        Size  Object(Section)

    ../clib/microlib/division.c              0x00000000   Number         0  uldiv.o ABSOLUTE
    ../clib/microlib/division.c              0x00000000   Number         0  uidiv.o ABSOLUTE
    ../clib/microlib/errno.c                 0x00000000   Number         0  errno.o ABSOLUTE
    ../clib/microlib/init/entry.s            0x00000000   Number         0  entry7b.o ABSOLUTE
    ../clib/microlib/init/entry.s            0x00000000   Number         0  entry.o ABSOLUTE
    ../clib/microlib/init/entry.s            0x00000000   Number         0  entry9a.o ABSOLUTE
    ../clib/microlib/init/entry.s            0x00000000   Number         0  entry11b.o ABSOLUTE
    ../clib/microlib/init/entry.s            0x00000000   Number         0  entry8b.o ABSOLUTE
    ../clib/microlib/init/entry.s            0x00000000   Number         0  entry8a.o ABSOLUTE
    ../clib/microlib/init/entry.s            0x00000000   Number         0  entry11a.o ABSOLUTE
    ../clib/microlib/init/entry.s            0x00000000   Number         0  entry7a.o ABSOLUTE
    ../clib/microlib/init/entry.s            0x00000000   Number         0  entry5.o ABSOLUTE
    ../clib/microlib/init/entry.s            0x00000000   Number         0  entry2.o ABSOLUTE
    ../clib/microlib/init/entry.s            0x00000000   Number         0  entry9b.o ABSOLUTE
    ../clib/microlib/init/entry.s            0x00000000   Number         0  entry10b.o ABSOLUTE
    ../clib/microlib/init/entry.s            0x00000000   Number         0  entry10a.o ABSOLUTE
    ../clib/microlib/longlong.c              0x00000000   Number         0  llsshr.o ABSOLUTE
    ../clib/microlib/longlong.c              0x00000000   Number         0  llushr.o ABSOLUTE
    ../clib/microlib/longlong.c              0x00000000   Number         0  llshl.o ABSOLUTE
    ../clib/microlib/printf/printf.c         0x00000000   Number         0  printfa.o ABSOLUTE
    ../clib/microlib/printf/printf.c         0x00000000   Number         0  printf0.o ABSOLUTE
    ../clib/microlib/printf/printf.c         0x00000000   Number         0  printfb.o ABSOLUTE
    ../clib/microlib/printf/printf.c         0x00000000   Number         0  printf1.o ABSOLUTE
    ../clib/microlib/printf/printf.c         0x00000000   Number         0  printf2.o ABSOLUTE
    ../clib/microlib/printf/printf.c         0x00000000   Number         0  printf6.o ABSOLUTE
    ../clib/microlib/printf/printf.c         0x00000000   Number         0  printf7.o ABSOLUTE
    ../clib/microlib/printf/printf.c         0x00000000   Number         0  printf3.o ABSOLUTE
    ../clib/microlib/printf/printf.c         0x00000000   Number         0  printf4.o ABSOLUTE
    ../clib/microlib/printf/printf.c         0x00000000   Number         0  printf5.o ABSOLUTE
    ../clib/microlib/printf/printf.c         0x00000000   Number         0  printf8.o ABSOLUTE
    ../clib/microlib/printf/stubs.s          0x00000000   Number         0  stubs.o ABSOLUTE
    ../clib/microlib/stdio/fputc.c           0x00000000   Number         0  fputc.o ABSOLUTE
    ../clib/microlib/stdio/semi.s            0x00000000   Number         0  semi.o ABSOLUTE
    ../clib/microlib/stdio/streams.c         0x00000000   Number         0  stdout.o ABSOLUTE
    ../clib/microlib/string/strcmp.c         0x00000000   Number         0  strcmp.o ABSOLUTE
    ../clib/microlib/stubs.s                 0x00000000   Number         0  iusefp.o ABSOLUTE
    ../clib/microlib/stubs.s                 0x00000000   Number         0  iusesemip.o ABSOLUTE
    ../fplib/microlib/d2f.c                  0x00000000   Number         0  d2f.o ABSOLUTE
    ../fplib/microlib/f2d.c                  0x00000000   Number         0  f2d.o ABSOLUTE
    ../fplib/microlib/fpadd.c                0x00000000   Number         0  dadd.o ABSOLUTE
    ../fplib/microlib/fpdiv.c                0x00000000   Number         0  ddiv.o ABSOLUTE
    ../fplib/microlib/fpepilogue.c           0x00000000   Number         0  depilogue.o ABSOLUTE
    ../fplib/microlib/fpepilogue.c           0x00000000   Number         0  fepilogue.o ABSOLUTE
    ../fplib/microlib/fpfix.c                0x00000000   Number         0  dfixul.o ABSOLUTE
    ../fplib/microlib/fpfix.c                0x00000000   Number         0  dfixi.o ABSOLUTE
    ../fplib/microlib/fpflt.c                0x00000000   Number         0  dflti.o ABSOLUTE
    ../fplib/microlib/fpmul.c                0x00000000   Number         0  dmul.o ABSOLUTE
    ../fplib/microlib/fpsqrt.c               0x00000000   Number         0  dsqrt.o ABSOLUTE
    ../mathlib/acos.c                        0x00000000   Number         0  acos_x.o ABSOLUTE
    ../mathlib/acos.c                        0x00000000   Number         0  acos.o ABSOLUTE
    ../mathlib/poly.c                        0x00000000   Number         0  poly.o ABSOLUTE
    ../mathlib/sqrt.c                        0x00000000   Number         0  sqrt.o ABSOLUTE
    ../mathlib/sqrt.c                        0x00000000   Number         0  sqrt_x.o ABSOLUTE
    ..\..\..\STM32F3-Discovery_FW_V1.1.0\Libraries\STM32F30x_StdPeriph_Driver\src\stm32f30x_exti.c 0x00000000   Number         0  stm32f30x_exti.o ABSOLUTE
    ..\..\..\STM32F3-Discovery_FW_V1.1.0\Libraries\STM32F30x_StdPeriph_Driver\src\stm32f30x_gpio.c 0x00000000   Number         0  stm32f30x_gpio.o ABSOLUTE
    ..\..\..\STM32F3-Discovery_FW_V1.1.0\Libraries\STM32F30x_StdPeriph_Driver\src\stm32f30x_i2c.c 0x00000000   Number         0  stm32f30x_i2c.o ABSOLUTE
    ..\..\..\STM32F3-Discovery_FW_V1.1.0\Libraries\STM32F30x_StdPeriph_Driver\src\stm32f30x_misc.c 0x00000000   Number         0  stm32f30x_misc.o ABSOLUTE
    ..\..\..\STM32F3-Discovery_FW_V1.1.0\Libraries\STM32F30x_StdPeriph_Driver\src\stm32f30x_rcc.c 0x00000000   Number         0  stm32f30x_rcc.o ABSOLUTE
    ..\..\..\STM32F3-Discovery_FW_V1.1.0\Libraries\STM32F30x_StdPeriph_Driver\src\stm32f30x_spi.c 0x00000000   Number         0  stm32f30x_spi.o ABSOLUTE
    ..\..\..\STM32F3-Discovery_FW_V1.1.0\Libraries\STM32F30x_StdPeriph_Driver\src\stm32f30x_syscfg.c 0x00000000   Number         0  stm32f30x_syscfg.o ABSOLUTE
    ..\..\..\STM32F3-Discovery_FW_V1.1.0\Libraries\STM32F30x_StdPeriph_Driver\src\stm32f30x_tim.c 0x00000000   Number         0  stm32f30x_tim.o ABSOLUTE
    ..\..\..\STM32F3-Discovery_FW_V1.1.0\Libraries\STM32F30x_StdPeriph_Driver\src\stm32f30x_usart.c 0x00000000   Number         0  stm32f30x_usart.o ABSOLUTE
    ..\..\..\STM32F3-Discovery_FW_V1.1.0\Utilities\STM32F3_Discovery\stm32f3_discovery.c 0x00000000   Number         0  stm32f3_discovery.o ABSOLUTE
    ..\..\..\STM32F3-Discovery_FW_V1.1.0\Utilities\STM32F3_Discovery\stm32f3_discovery_l3gd20.c 0x00000000   Number         0  stm32f3_discovery_l3gd20.o ABSOLUTE
    ..\..\..\STM32F3-Discovery_FW_V1.1.0\Utilities\STM32F3_Discovery\stm32f3_discovery_lsm303dlhc.c 0x00000000   Number         0  stm32f3_discovery_lsm303dlhc.o ABSOLUTE
    ..\PID.c                                 0x00000000   Number         0  pid.o ABSOLUTE
    ..\\..\\..\\STM32F3-Discovery_FW_V1.1.0\\Libraries\\STM32F30x_StdPeriph_Driver\\src\\stm32f30x_exti.c 0x00000000   Number         0  stm32f30x_exti.o ABSOLUTE
    ..\\..\\..\\STM32F3-Discovery_FW_V1.1.0\\Libraries\\STM32F30x_StdPeriph_Driver\\src\\stm32f30x_gpio.c 0x00000000   Number         0  stm32f30x_gpio.o ABSOLUTE
    ..\\..\\..\\STM32F3-Discovery_FW_V1.1.0\\Libraries\\STM32F30x_StdPeriph_Driver\\src\\stm32f30x_i2c.c 0x00000000   Number         0  stm32f30x_i2c.o ABSOLUTE
    ..\\..\\..\\STM32F3-Discovery_FW_V1.1.0\\Libraries\\STM32F30x_StdPeriph_Driver\\src\\stm32f30x_misc.c 0x00000000   Number         0  stm32f30x_misc.o ABSOLUTE
    ..\\..\\..\\STM32F3-Discovery_FW_V1.1.0\\Libraries\\STM32F30x_StdPeriph_Driver\\src\\stm32f30x_rcc.c 0x00000000   Number         0  stm32f30x_rcc.o ABSOLUTE
    ..\\..\\..\\STM32F3-Discovery_FW_V1.1.0\\Libraries\\STM32F30x_StdPeriph_Driver\\src\\stm32f30x_spi.c 0x00000000   Number         0  stm32f30x_spi.o ABSOLUTE
    ..\\..\\..\\STM32F3-Discovery_FW_V1.1.0\\Libraries\\STM32F30x_StdPeriph_Driver\\src\\stm32f30x_syscfg.c 0x00000000   Number         0  stm32f30x_syscfg.o ABSOLUTE
    ..\\..\\..\\STM32F3-Discovery_FW_V1.1.0\\Libraries\\STM32F30x_StdPeriph_Driver\\src\\stm32f30x_tim.c 0x00000000   Number         0  stm32f30x_tim.o ABSOLUTE
    ..\\..\\..\\STM32F3-Discovery_FW_V1.1.0\\Libraries\\STM32F30x_StdPeriph_Driver\\src\\stm32f30x_usart.c 0x00000000   Number         0  stm32f30x_usart.o ABSOLUTE
    ..\\..\\..\\STM32F3-Discovery_FW_V1.1.0\\Utilities\\STM32F3_Discovery\\stm32f3_discovery.c 0x00000000   Number         0  stm32f3_discovery.o ABSOLUTE
    ..\\..\\..\\STM32F3-Discovery_FW_V1.1.0\\Utilities\\STM32F3_Discovery\\stm32f3_discovery_l3gd20.c 0x00000000   Number         0  stm32f3_discovery_l3gd20.o ABSOLUTE
    ..\\..\\..\\STM32F3-Discovery_FW_V1.1.0\\Utilities\\STM32F3_Discovery\\stm32f3_discovery_lsm303dlhc.c 0x00000000   Number         0  stm32f3_discovery_lsm303dlhc.o ABSOLUTE
    ..\\PID.c                                0x00000000   Number         0  pid.o ABSOLUTE
    ..\\imu.c                                0x00000000   Number         0  imu.o ABSOLUTE
    ..\\init.c                               0x00000000   Number         0  init.o ABSOLUTE
    ..\\main.c                               0x00000000   Number         0  main.o ABSOLUTE
    ..\\motors.c                             0x00000000   Number         0  motors.o ABSOLUTE
    ..\\programs.c                           0x00000000   Number         0  programs.o ABSOLUTE
    ..\\stm32f30x_it.c                       0x00000000   Number         0  stm32f30x_it.o ABSOLUTE
    ..\\system_stm32f30x.c                   0x00000000   Number         0  system_stm32f30x.o ABSOLUTE
    ..\\time.c                               0x00000000   Number         0  time.o ABSOLUTE
    ..\\usart.c                              0x00000000   Number         0  usart.o ABSOLUTE
    ..\imu.c                                 0x00000000   Number         0  imu.o ABSOLUTE
    ..\init.c                                0x00000000   Number         0  init.o ABSOLUTE
    ..\main.c                                0x00000000   Number         0  main.o ABSOLUTE
    ..\motors.c                              0x00000000   Number         0  motors.o ABSOLUTE
    ..\programs.c                            0x00000000   Number         0  programs.o ABSOLUTE
    ..\stm32f30x_it.c                        0x00000000   Number         0  stm32f30x_it.o ABSOLUTE
    ..\system_stm32f30x.c                    0x00000000   Number         0  system_stm32f30x.o ABSOLUTE
    ..\time.c                                0x00000000   Number         0  time.o ABSOLUTE
    ..\usart.c                               0x00000000   Number         0  usart.o ABSOLUTE
    cdcmple.s                                0x00000000   Number         0  cdcmple.o ABSOLUTE
    cdrcmple.s                               0x00000000   Number         0  cdrcmple.o ABSOLUTE
    dc.s                                     0x00000000   Number         0  dc.o ABSOLUTE
    handlers.s                               0x00000000   Number         0  handlers.o ABSOLUTE
    init.s                                   0x00000000   Number         0  init.o ABSOLUTE
    startup_stm32f30x.s                      0x00000000   Number         0  startup_stm32f30x.o ABSOLUTE
    RESET                                    0x08000000   Section      392  startup_stm32f30x.o(RESET)
    .ARM.Collect$$$$00000000                 0x08000188   Section        0  entry.o(.ARM.Collect$$$$00000000)
    .ARM.Collect$$$$00000001                 0x08000188   Section        4  entry2.o(.ARM.Collect$$$$00000001)
    .ARM.Collect$$$$00000004                 0x0800018c   Section        4  entry5.o(.ARM.Collect$$$$00000004)
    .ARM.Collect$$$$00000008                 0x08000190   Section        0  entry7b.o(.ARM.Collect$$$$00000008)
    .ARM.Collect$$$$0000000A                 0x08000190   Section        0  entry8b.o(.ARM.Collect$$$$0000000A)
    .ARM.Collect$$$$0000000B                 0x08000190   Section        8  entry9a.o(.ARM.Collect$$$$0000000B)
    .ARM.Collect$$$$0000000D                 0x08000198   Section        0  entry10a.o(.ARM.Collect$$$$0000000D)
    .ARM.Collect$$$$0000000F                 0x08000198   Section        0  entry11a.o(.ARM.Collect$$$$0000000F)
    .ARM.Collect$$$$00002712                 0x08000198   Section        4  entry2.o(.ARM.Collect$$$$00002712)
    __lit__00000000                          0x08000198   Data           4  entry2.o(.ARM.Collect$$$$00002712)
    .text                                    0x0800019c   Section       36  startup_stm32f30x.o(.text)
    $v0                                      0x0800019c   Number         0  startup_stm32f30x.o(.text)
    .text                                    0x080001c0   Section        0  strcmp.o(.text)
    .text                                    0x080001dc   Section        0  dadd.o(.text)
    .text                                    0x0800032a   Section        0  dmul.o(.text)
    .text                                    0x0800040e   Section        0  ddiv.o(.text)
    .text                                    0x080004ec   Section        0  dflti.o(.text)
    .text                                    0x0800050e   Section        0  f2d.o(.text)
    .text                                    0x08000534   Section        0  d2f.o(.text)
    .text                                    0x0800056c   Section        0  uidiv.o(.text)
    .text                                    0x08000598   Section        0  uldiv.o(.text)
    .text                                    0x080005fa   Section        0  llshl.o(.text)
    .text                                    0x08000618   Section        0  llushr.o(.text)
    .text                                    0x08000638   Section        0  llsshr.o(.text)
    .text                                    0x0800065c   Section        0  fepilogue.o(.text)
    .text                                    0x0800065c   Section        0  iusefp.o(.text)
    .text                                    0x080006c8   Section        0  depilogue.o(.text)
    .text                                    0x08000786   Section        0  dsqrt.o(.text)
    .text                                    0x08000828   Section        0  dfixul.o(.text)
    .text                                    0x08000858   Section       40  cdrcmple.o(.text)
    .text                                    0x08000880   Section       36  init.o(.text)
    i.Acc_ReadAcc                            0x080008a4   Section        0  imu.o(i.Acc_ReadAcc)
    i.BusFault_Handler                       0x0800099c   Section        0  stm32f30x_it.o(i.BusFault_Handler)
    i.Compass_ReadMag                        0x080009a0   Section        0  imu.o(i.Compass_ReadMag)
    i.DebugMon_Handler                       0x08000adc   Section        0  stm32f30x_it.o(i.DebugMon_Handler)
    i.Delay                                  0x08000ae0   Section        0  time.o(i.Delay)
    i.EXTI0_IRQHandler                       0x08000af4   Section        0  stm32f30x_it.o(i.EXTI0_IRQHandler)
    i.EXTI_ClearITPendingBit                 0x08000b64   Section        0  stm32f30x_exti.o(i.EXTI_ClearITPendingBit)
    i.EXTI_GetITStatus                       0x08000b7c   Section        0  stm32f30x_exti.o(i.EXTI_GetITStatus)
    i.EXTI_Init                              0x08000bac   Section        0  stm32f30x_exti.o(i.EXTI_Init)
    i.GPIO_Init                              0x08000c8c   Section        0  stm32f30x_gpio.o(i.GPIO_Init)
    i.GPIO_PinAFConfig                       0x08000d04   Section        0  stm32f30x_gpio.o(i.GPIO_PinAFConfig)
    i.GPIO_ReadInputDataBit                  0x08000d24   Section        0  stm32f30x_gpio.o(i.GPIO_ReadInputDataBit)
    i.GPIO_ResetBits                         0x08000d32   Section        0  stm32f30x_gpio.o(i.GPIO_ResetBits)
    i.GPIO_SetBits                           0x08000d36   Section        0  stm32f30x_gpio.o(i.GPIO_SetBits)
    i.Gyro_ReadAngRate                       0x08000d3c   Section        0  imu.o(i.Gyro_ReadAngRate)
    i.HardFault_Handler                      0x08000e08   Section        0  stm32f30x_it.o(i.HardFault_Handler)
    i.I2C_ClearFlag                          0x08000e0a   Section        0  stm32f30x_i2c.o(i.I2C_ClearFlag)
    i.I2C_Cmd                                0x08000e0e   Section        0  stm32f30x_i2c.o(i.I2C_Cmd)
    i.I2C_GetFlagStatus                      0x08000e22   Section        0  stm32f30x_i2c.o(i.I2C_GetFlagStatus)
    i.I2C_Init                               0x08000e30   Section        0  stm32f30x_i2c.o(i.I2C_Init)
    i.I2C_ReceiveData                        0x08000e90   Section        0  stm32f30x_i2c.o(i.I2C_ReceiveData)
    i.I2C_SendData                           0x08000e96   Section        0  stm32f30x_i2c.o(i.I2C_SendData)
    i.I2C_TransferHandling                   0x08000e9c   Section        0  stm32f30x_i2c.o(i.I2C_TransferHandling)
    i.L3GD20_FilterCmd                       0x08000ebc   Section        0  stm32f3_discovery_l3gd20.o(i.L3GD20_FilterCmd)
    i.L3GD20_FilterConfig                    0x08000ee4   Section        0  stm32f3_discovery_l3gd20.o(i.L3GD20_FilterConfig)
    i.L3GD20_Init                            0x08000f16   Section        0  stm32f3_discovery_l3gd20.o(i.L3GD20_Init)
    i.L3GD20_LowLevel_Init                   0x08000f6c   Section        0  stm32f3_discovery_l3gd20.o(i.L3GD20_LowLevel_Init)
    L3GD20_LowLevel_Init                     0x08000f6d   Thumb Code   306  stm32f3_discovery_l3gd20.o(i.L3GD20_LowLevel_Init)
    i.L3GD20_Read                            0x080010a8   Section        0  stm32f3_discovery_l3gd20.o(i.L3GD20_Read)
    i.L3GD20_SendByte                        0x080010f4   Section        0  stm32f3_discovery_l3gd20.o(i.L3GD20_SendByte)
    L3GD20_SendByte                          0x080010f5   Thumb Code    90  stm32f3_discovery_l3gd20.o(i.L3GD20_SendByte)
    i.L3GD20_TIMEOUT_UserCallback            0x08001158   Section        0  imu.o(i.L3GD20_TIMEOUT_UserCallback)
    i.L3GD20_Write                           0x0800115c   Section        0  stm32f3_discovery_l3gd20.o(i.L3GD20_Write)
    i.LSM303DLHC_AccFilterConfig             0x080011a0   Section        0  stm32f3_discovery_lsm303dlhc.o(i.LSM303DLHC_AccFilterConfig)
    i.LSM303DLHC_AccInit                     0x080011dc   Section        0  stm32f3_discovery_lsm303dlhc.o(i.LSM303DLHC_AccInit)
    i.LSM303DLHC_LowLevel_Init               0x08001230   Section        0  stm32f3_discovery_lsm303dlhc.o(i.LSM303DLHC_LowLevel_Init)
    LSM303DLHC_LowLevel_Init                 0x08001231   Thumb Code   254  stm32f3_discovery_lsm303dlhc.o(i.LSM303DLHC_LowLevel_Init)
    i.LSM303DLHC_MagInit                     0x08001340   Section        0  stm32f3_discovery_lsm303dlhc.o(i.LSM303DLHC_MagInit)
    i.LSM303DLHC_Read                        0x080013a0   Section        0  stm32f3_discovery_lsm303dlhc.o(i.LSM303DLHC_Read)
    i.LSM303DLHC_TIMEOUT_UserCallback        0x0800149c   Section        0  imu.o(i.LSM303DLHC_TIMEOUT_UserCallback)
    i.LSM303DLHC_Write                       0x080014a0   Section        0  stm32f3_discovery_lsm303dlhc.o(i.LSM303DLHC_Write)
    i.MemManage_Handler                      0x08001584   Section        0  stm32f30x_it.o(i.MemManage_Handler)
    i.NMI_Handler                            0x08001586   Section        0  stm32f30x_it.o(i.NMI_Handler)
    i.NVIC_Init                              0x08001588   Section        0  stm32f30x_misc.o(i.NVIC_Init)
    i.PendSV_Handler                         0x080015ec   Section        0  stm32f30x_it.o(i.PendSV_Handler)
    i.RCC_AHBPeriphClockCmd                  0x080015f0   Section        0  stm32f30x_rcc.o(i.RCC_AHBPeriphClockCmd)
    i.RCC_APB1PeriphClockCmd                 0x08001608   Section        0  stm32f30x_rcc.o(i.RCC_APB1PeriphClockCmd)
    i.RCC_APB1PeriphResetCmd                 0x08001620   Section        0  stm32f30x_rcc.o(i.RCC_APB1PeriphResetCmd)
    i.RCC_APB2PeriphClockCmd                 0x08001638   Section        0  stm32f30x_rcc.o(i.RCC_APB2PeriphClockCmd)
    i.RCC_APB2PeriphResetCmd                 0x08001650   Section        0  stm32f30x_rcc.o(i.RCC_APB2PeriphResetCmd)
    i.RCC_GetClocksFreq                      0x08001668   Section        0  stm32f30x_rcc.o(i.RCC_GetClocksFreq)
    i.SPI_Cmd                                0x080018b8   Section        0  stm32f30x_spi.o(i.SPI_Cmd)
    i.SPI_I2S_DeInit                         0x080018cc   Section        0  stm32f30x_spi.o(i.SPI_I2S_DeInit)
    i.SPI_I2S_GetFlagStatus                  0x08001920   Section        0  stm32f30x_spi.o(i.SPI_I2S_GetFlagStatus)
    i.SPI_Init                               0x0800192e   Section        0  stm32f30x_spi.o(i.SPI_Init)
    i.SPI_ReceiveData8                       0x080019a8   Section        0  stm32f30x_spi.o(i.SPI_ReceiveData8)
    i.SPI_RxFIFOThresholdConfig              0x080019ac   Section        0  stm32f30x_spi.o(i.SPI_RxFIFOThresholdConfig)
    i.SPI_SendData8                          0x080019bc   Section        0  stm32f30x_spi.o(i.SPI_SendData8)
    i.STM_EVAL_LEDInit                       0x080019c0   Section        0  stm32f3_discovery.o(i.STM_EVAL_LEDInit)
    i.STM_EVAL_LEDOn                         0x08001a08   Section        0  stm32f3_discovery.o(i.STM_EVAL_LEDOn)
    i.STM_EVAL_LEDToggle                     0x08001a20   Section        0  stm32f3_discovery.o(i.STM_EVAL_LEDToggle)
    i.STM_EVAL_PBGetState                    0x08001a3c   Section        0  stm32f3_discovery.o(i.STM_EVAL_PBGetState)
    i.STM_EVAL_PBInit                        0x08001a54   Section        0  stm32f3_discovery.o(i.STM_EVAL_PBInit)
    i.SVC_Handler                            0x08001aec   Section        0  stm32f30x_it.o(i.SVC_Handler)
    i.SYSCFG_EXTILineConfig                  0x08001af0   Section        0  stm32f30x_syscfg.o(i.SYSCFG_EXTILineConfig)
    i.SetSysClock                            0x08001b18   Section        0  system_stm32f30x.o(i.SetSysClock)
    SetSysClock                              0x08001b19   Thumb Code   140  system_stm32f30x.o(i.SetSysClock)
    i.SysTick_Handler                        0x08001bac   Section        0  stm32f30x_it.o(i.SysTick_Handler)
    i.SystemInit                             0x08001bb0   Section        0  system_stm32f30x.o(i.SystemInit)
    i.TIM_ARRPreloadConfig                   0x08001c20   Section        0  stm32f30x_tim.o(i.TIM_ARRPreloadConfig)
    i.TIM_Cmd                                0x08001c34   Section        0  stm32f30x_tim.o(i.TIM_Cmd)
    i.TIM_CtrlPWMOutputs                     0x08001c48   Section        0  stm32f30x_tim.o(i.TIM_CtrlPWMOutputs)
    i.TIM_OC1Init                            0x08001c5c   Section        0  stm32f30x_tim.o(i.TIM_OC1Init)
    i.TIM_OC1PreloadConfig                   0x08001ce4   Section        0  stm32f30x_tim.o(i.TIM_OC1PreloadConfig)
    i.TIM_OC2Init                            0x08001cf0   Section        0  stm32f30x_tim.o(i.TIM_OC2Init)
    i.TIM_OC2PreloadConfig                   0x08001d68   Section        0  stm32f30x_tim.o(i.TIM_OC2PreloadConfig)
    i.TIM_OC3Init                            0x08001d78   Section        0  stm32f30x_tim.o(i.TIM_OC3Init)
    i.TIM_OC3PreloadConfig                   0x08001de4   Section        0  stm32f30x_tim.o(i.TIM_OC3PreloadConfig)
    i.TIM_OC4Init                            0x08001df0   Section        0  stm32f30x_tim.o(i.TIM_OC4Init)
    i.TIM_OC4PreloadConfig                   0x08001e44   Section        0  stm32f30x_tim.o(i.TIM_OC4PreloadConfig)
    i.TIM_TimeBaseInit                       0x08001e54   Section        0  stm32f30x_tim.o(i.TIM_TimeBaseInit)
    i.TimingDelay_Decrement                  0x08001ee4   Section        0  time.o(i.TimingDelay_Decrement)
    i.USART2_IRQHandler                      0x08001ef8   Section        0  stm32f30x_it.o(i.USART2_IRQHandler)
    i.USART_Cmd                              0x08001f7c   Section        0  stm32f30x_usart.o(i.USART_Cmd)
    i.USART_GetITStatus                      0x08001f90   Section        0  stm32f30x_usart.o(i.USART_GetITStatus)
    i.USART_ITConfig                         0x08001fca   Section        0  stm32f30x_usart.o(i.USART_ITConfig)
    i.USART_Init                             0x08001ff4   Section        0  stm32f30x_usart.o(i.USART_Init)
    i.USART_ReceiveData                      0x080020b4   Section        0  stm32f30x_usart.o(i.USART_ReceiveData)
    i.USART_SendData                         0x080020bc   Section        0  stm32f30x_usart.o(i.USART_SendData)
    i.USART_puts                             0x080020c4   Section        0  usart.o(i.USART_puts)
    i.UsageFault_Handler                     0x080020e2   Section        0  stm32f30x_it.o(i.UsageFault_Handler)
    i.__0sprintf                             0x080020e4   Section        0  printfa.o(i.__0sprintf)
    i.__hardfp_acos                          0x08002110   Section        0  acos.o(i.__hardfp_acos)
    i.__hardfp_sqrt                          0x08002460   Section        0  sqrt.o(i.__hardfp_sqrt)
    i.__kernel_poly                          0x080024da   Section        0  poly.o(i.__kernel_poly)
    i.__scatterload_copy                     0x080025d2   Section       14  handlers.o(i.__scatterload_copy)
    i.__scatterload_null                     0x080025e0   Section        2  handlers.o(i.__scatterload_null)
    i.__scatterload_zeroinit                 0x080025e2   Section       14  handlers.o(i.__scatterload_zeroinit)
    i.__set_errno                            0x080025f0   Section        0  errno.o(i.__set_errno)
    i._fp_digits                             0x080025fc   Section        0  printfa.o(i._fp_digits)
    _fp_digits                               0x080025fd   Thumb Code   326  printfa.o(i._fp_digits)
    i._printf_core                           0x08002758   Section        0  printfa.o(i._printf_core)
    _printf_core                             0x08002759   Thumb Code  1762  printfa.o(i._printf_core)
    i._printf_post_padding                   0x08002e48   Section        0  printfa.o(i._printf_post_padding)
    _printf_post_padding                     0x08002e49   Thumb Code    38  printfa.o(i._printf_post_padding)
    i._printf_pre_padding                    0x08002e6e   Section        0  printfa.o(i._printf_pre_padding)
    _printf_pre_padding                      0x08002e6f   Thumb Code    48  printfa.o(i._printf_pre_padding)
    i._sputc                                 0x08002e9e   Section        0  printfa.o(i._sputc)
    _sputc                                   0x08002e9f   Thumb Code    10  printfa.o(i._sputc)
    i.init_ALL                               0x08002ea8   Section        0  init.o(i.init_ALL)
    i.init_Button                            0x08002ed2   Section        0  init.o(i.init_Button)
    i.init_ESC                               0x08002edc   Section        0  init.o(i.init_ESC)
    i.init_ESC_GPIO                          0x08002f7c   Section        0  init.o(i.init_ESC_GPIO)
    i.init_ESC_Timer                         0x08003008   Section        0  init.o(i.init_ESC_Timer)
    i.init_SysTick                           0x080030b4   Section        0  init.o(i.init_SysTick)
    i.init_USART2                            0x080030e8   Section        0  init.o(i.init_USART2)
    i.init_acc_mag                           0x0800319c   Section        0  init.o(i.init_acc_mag)
    i.init_discovery_board                   0x080031fe   Section        0  init.o(i.init_discovery_board)
    i.init_gyro                              0x0800323c   Section        0  init.o(i.init_gyro)
    i.init_timer                             0x08003280   Section        0  init.o(i.init_timer)
    i.main                                   0x080032d4   Section        0  main.o(i.main)
    i.read_imu                               0x0800330c   Section        0  imu.o(i.read_imu)
    i.sqrt                                   0x08003790   Section        0  sqrt.o(i.sqrt)
    .constdata                               0x08003800   Section       60  stm32f3_discovery.o(.constdata)
    .constdata                               0x08003840   Section       80  acos.o(.constdata)
    pS                                       0x08003840   Data          48  acos.o(.constdata)
    qS                                       0x08003870   Data          32  acos.o(.constdata)
    .data                                    0x20000000   Section       64  init.o(.data)
    .data                                    0x20000040   Section        4  imu.o(.data)
    .data                                    0x20000044   Section       70  imu.o(.data)
    buffer                                   0x20000084   Data           6  imu.o(.data)
    .data                                    0x2000008c   Section        4  time.o(.data)
    TimingDelay                              0x2000008c   Data           4  time.o(.data)
    .data                                    0x20000090   Section       16  stm32f30x_it.o(.data)
    cnt2                                     0x20000090   Data           2  stm32f30x_it.o(.data)
    .data                                    0x200000a0   Section       20  system_stm32f30x.o(.data)
    .data                                    0x200000b4   Section       42  stm32f30x_rcc.o(.data)
    APBAHBPrescTable                         0x200000b4   Data          16  stm32f30x_rcc.o(.data)
    ADCPrescTable                            0x200000c4   Data          26  stm32f30x_rcc.o(.data)
    .data                                    0x200000e0   Section       36  stm32f3_discovery.o(.data)
    .data                                    0x20000104   Section        4  stm32f3_discovery_lsm303dlhc.o(.data)
    .data                                    0x20000108   Section        4  stm32f3_discovery_l3gd20.o(.data)
    .data                                    0x2000010c   Section        4  errno.o(.data)
    _errno                                   0x2000010c   Data           4  errno.o(.data)
    .bss                                     0x20000110   Section       68  init.o(.bss)
    .bss                                     0x20000154   Section       36  imu.o(.bss)
    .bss                                     0x20000178   Section       50  usart.o(.bss)
    .bss                                     0x200001aa   Section       51  stm32f30x_it.o(.bss)
    STACK                                    0x200001e0   Section     1024  startup_stm32f30x.o(STACK)

    Global Symbols

    Symbol Name                              Value     Ov Type        Size  Object(Section)

    BuildAttributes$$THM_ISAv4$E$P$D$K$B$S$7EM$VFPi3$EXTD16$VFPS$VFMA$PE$A:L22UL41UL21$X:L11$S22US41US21$IEEE1$IW$USESV6$~STKCKD$USESV7$~SHL$OTIME$ROPI$IEEEJ$EBA8$MICROLIB$REQ8$PRES8$EABIv2 0x00000000   Number         0  anon$$obj.o ABSOLUTE
    __ARM_use_no_argv                        0x00000000   Number         0  main.o ABSOLUTE
    _printf_a                                0x00000000   Number         0  stubs.o ABSOLUTE
    _printf_c                                0x00000000   Number         0  stubs.o ABSOLUTE
    _printf_charcount                        0x00000000   Number         0  stubs.o ABSOLUTE
    _printf_d                                0x00000000   Number         0  stubs.o ABSOLUTE
    _printf_e                                0x00000000   Number         0  stubs.o ABSOLUTE
    _printf_f                                0x00000000   Number         0  stubs.o ABSOLUTE
    _printf_flags                            0x00000000   Number         0  stubs.o ABSOLUTE
    _printf_fp_dec                           0x00000000   Number         0  stubs.o ABSOLUTE
    _printf_fp_hex                           0x00000000   Number         0  stubs.o ABSOLUTE
    _printf_g                                0x00000000   Number         0  stubs.o ABSOLUTE
    _printf_i                                0x00000000   Number         0  stubs.o ABSOLUTE
    _printf_int_dec                          0x00000000   Number         0  stubs.o ABSOLUTE
    _printf_l                                0x00000000   Number         0  stubs.o ABSOLUTE
    _printf_lc                               0x00000000   Number         0  stubs.o ABSOLUTE
    _printf_ll                               0x00000000   Number         0  stubs.o ABSOLUTE
    _printf_lld                              0x00000000   Number         0  stubs.o ABSOLUTE
    _printf_lli                              0x00000000   Number         0  stubs.o ABSOLUTE
    _printf_llo                              0x00000000   Number         0  stubs.o ABSOLUTE
    _printf_llu                              0x00000000   Number         0  stubs.o ABSOLUTE
    _printf_llx                              0x00000000   Number         0  stubs.o ABSOLUTE
    _printf_longlong_dec                     0x00000000   Number         0  stubs.o ABSOLUTE
    _printf_longlong_hex                     0x00000000   Number         0  stubs.o ABSOLUTE
    _printf_longlong_oct                     0x00000000   Number         0  stubs.o ABSOLUTE
    _printf_ls                               0x00000000   Number         0  stubs.o ABSOLUTE
    _printf_mbtowc                           0x00000000   Number         0  stubs.o ABSOLUTE
    _printf_n                                0x00000000   Number         0  stubs.o ABSOLUTE
    _printf_o                                0x00000000   Number         0  stubs.o ABSOLUTE
    _printf_p                                0x00000000   Number         0  stubs.o ABSOLUTE
    _printf_percent                          0x00000000   Number         0  stubs.o ABSOLUTE
    _printf_pre_padding                      0x00000000   Number         0  stubs.o ABSOLUTE
    _printf_return_value                     0x00000000   Number         0  stubs.o ABSOLUTE
    _printf_s                                0x00000000   Number         0  stubs.o ABSOLUTE
    _printf_sizespec                         0x00000000   Number         0  stubs.o ABSOLUTE
    _printf_str                              0x00000000   Number         0  stubs.o ABSOLUTE
    _printf_truncate_signed                  0x00000000   Number         0  stubs.o ABSOLUTE
    _printf_truncate_unsigned                0x00000000   Number         0  stubs.o ABSOLUTE
    _printf_u                                0x00000000   Number         0  stubs.o ABSOLUTE
    _printf_wc                               0x00000000   Number         0  stubs.o ABSOLUTE
    _printf_wctomb                           0x00000000   Number         0  stubs.o ABSOLUTE
    _printf_widthprec                        0x00000000   Number         0  stubs.o ABSOLUTE
    _printf_x                                0x00000000   Number         0  stubs.o ABSOLUTE
    __cpp_initialize__aeabi_                  - Undefined Weak Reference
    __cxa_finalize                            - Undefined Weak Reference
    __decompress                              - Undefined Weak Reference
    _clock_init                               - Undefined Weak Reference
    _microlib_exit                            - Undefined Weak Reference
    __Vectors_Size                           0x00000188   Number         0  startup_stm32f30x.o ABSOLUTE
    __Vectors                                0x08000000   Data           4  startup_stm32f30x.o(RESET)
    __Vectors_End                            0x08000188   Data           0  startup_stm32f30x.o(RESET)
    __main                                   0x08000189   Thumb Code     0  entry.o(.ARM.Collect$$$$00000000)
    _main_stk                                0x08000189   Thumb Code     0  entry2.o(.ARM.Collect$$$$00000001)
    _main_scatterload                        0x0800018d   Thumb Code     0  entry5.o(.ARM.Collect$$$$00000004)
    __main_after_scatterload                 0x08000191   Thumb Code     0  entry5.o(.ARM.Collect$$$$00000004)
    _main_clock                              0x08000191   Thumb Code     0  entry7b.o(.ARM.Collect$$$$00000008)
    _main_cpp_init                           0x08000191   Thumb Code     0  entry8b.o(.ARM.Collect$$$$0000000A)
    _main_init                               0x08000191   Thumb Code     0  entry9a.o(.ARM.Collect$$$$0000000B)
    __rt_final_cpp                           0x08000199   Thumb Code     0  entry10a.o(.ARM.Collect$$$$0000000D)
    __rt_final_exit                          0x08000199   Thumb Code     0  entry11a.o(.ARM.Collect$$$$0000000F)
    Reset_Handler                            0x0800019d   Thumb Code     8  startup_stm32f30x.o(.text)
    ADC1_2_IRQHandler                        0x080001b7   Thumb Code     0  startup_stm32f30x.o(.text)
    ADC3_IRQHandler                          0x080001b7   Thumb Code     0  startup_stm32f30x.o(.text)
    ADC4_IRQHandler                          0x080001b7   Thumb Code     0  startup_stm32f30x.o(.text)
    CAN1_RX1_IRQHandler                      0x080001b7   Thumb Code     0  startup_stm32f30x.o(.text)
    CAN1_SCE_IRQHandler                      0x080001b7   Thumb Code     0  startup_stm32f30x.o(.text)
    COMP1_2_3_IRQHandler                     0x080001b7   Thumb Code     0  startup_stm32f30x.o(.text)
    COMP4_5_6_IRQHandler                     0x080001b7   Thumb Code     0  startup_stm32f30x.o(.text)
    COMP7_IRQHandler                         0x080001b7   Thumb Code     0  startup_stm32f30x.o(.text)
    DMA1_Channel1_IRQHandler                 0x080001b7   Thumb Code     0  startup_stm32f30x.o(.text)
    DMA1_Channel2_IRQHandler                 0x080001b7   Thumb Code     0  startup_stm32f30x.o(.text)
    DMA1_Channel3_IRQHandler                 0x080001b7   Thumb Code     0  startup_stm32f30x.o(.text)
    DMA1_Channel4_IRQHandler                 0x080001b7   Thumb Code     0  startup_stm32f30x.o(.text)
    DMA1_Channel5_IRQHandler                 0x080001b7   Thumb Code     0  startup_stm32f30x.o(.text)
    DMA1_Channel6_IRQHandler                 0x080001b7   Thumb Code     0  startup_stm32f30x.o(.text)
    DMA1_Channel7_IRQHandler                 0x080001b7   Thumb Code     0  startup_stm32f30x.o(.text)
    DMA2_Channel1_IRQHandler                 0x080001b7   Thumb Code     0  startup_stm32f30x.o(.text)
    DMA2_Channel2_IRQHandler                 0x080001b7   Thumb Code     0  startup_stm32f30x.o(.text)
    DMA2_Channel3_IRQHandler                 0x080001b7   Thumb Code     0  startup_stm32f30x.o(.text)
    DMA2_Channel4_IRQHandler                 0x080001b7   Thumb Code     0  startup_stm32f30x.o(.text)
    DMA2_Channel5_IRQHandler                 0x080001b7   Thumb Code     0  startup_stm32f30x.o(.text)
    EXTI15_10_IRQHandler                     0x080001b7   Thumb Code     0  startup_stm32f30x.o(.text)
    EXTI1_IRQHandler                         0x080001b7   Thumb Code     0  startup_stm32f30x.o(.text)
    EXTI2_TS_IRQHandler                      0x080001b7   Thumb Code     0  startup_stm32f30x.o(.text)
    EXTI3_IRQHandler                         0x080001b7   Thumb Code     0  startup_stm32f30x.o(.text)
    EXTI4_IRQHandler                         0x080001b7   Thumb Code     0  startup_stm32f30x.o(.text)
    EXTI9_5_IRQHandler                       0x080001b7   Thumb Code     0  startup_stm32f30x.o(.text)
    FLASH_IRQHandler                         0x080001b7   Thumb Code     0  startup_stm32f30x.o(.text)
    FPU_IRQHandler                           0x080001b7   Thumb Code     0  startup_stm32f30x.o(.text)
    I2C1_ER_IRQHandler                       0x080001b7   Thumb Code     0  startup_stm32f30x.o(.text)
    I2C1_EV_IRQHandler                       0x080001b7   Thumb Code     0  startup_stm32f30x.o(.text)
    I2C2_ER_IRQHandler                       0x080001b7   Thumb Code     0  startup_stm32f30x.o(.text)
    I2C2_EV_IRQHandler                       0x080001b7   Thumb Code     0  startup_stm32f30x.o(.text)
    PVD_IRQHandler                           0x080001b7   Thumb Code     0  startup_stm32f30x.o(.text)
    RCC_IRQHandler                           0x080001b7   Thumb Code     0  startup_stm32f30x.o(.text)
    RTC_Alarm_IRQHandler                     0x080001b7   Thumb Code     0  startup_stm32f30x.o(.text)
    RTC_WKUP_IRQHandler                      0x080001b7   Thumb Code     0  startup_stm32f30x.o(.text)
    SPI1_IRQHandler                          0x080001b7   Thumb Code     0  startup_stm32f30x.o(.text)
    SPI2_IRQHandler                          0x080001b7   Thumb Code     0  startup_stm32f30x.o(.text)
    SPI3_IRQHandler                          0x080001b7   Thumb Code     0  startup_stm32f30x.o(.text)
    TAMPER_STAMP_IRQHandler                  0x080001b7   Thumb Code     0  startup_stm32f30x.o(.text)
    TIM1_BRK_TIM15_IRQHandler                0x080001b7   Thumb Code     0  startup_stm32f30x.o(.text)
    TIM1_CC_IRQHandler                       0x080001b7   Thumb Code     0  startup_stm32f30x.o(.text)
    TIM1_TRG_COM_TIM17_IRQHandler            0x080001b7   Thumb Code     0  startup_stm32f30x.o(.text)
    TIM1_UP_TIM16_IRQHandler                 0x080001b7   Thumb Code     0  startup_stm32f30x.o(.text)
    TIM2_IRQHandler                          0x080001b7   Thumb Code     0  startup_stm32f30x.o(.text)
    TIM3_IRQHandler                          0x080001b7   Thumb Code     0  startup_stm32f30x.o(.text)
    TIM4_IRQHandler                          0x080001b7   Thumb Code     0  startup_stm32f30x.o(.text)
    TIM6_DAC_IRQHandler                      0x080001b7   Thumb Code     0  startup_stm32f30x.o(.text)
    TIM7_IRQHandler                          0x080001b7   Thumb Code     0  startup_stm32f30x.o(.text)
    TIM8_BRK_IRQHandler                      0x080001b7   Thumb Code     0  startup_stm32f30x.o(.text)
    TIM8_CC_IRQHandler                       0x080001b7   Thumb Code     0  startup_stm32f30x.o(.text)
    TIM8_TRG_COM_IRQHandler                  0x080001b7   Thumb Code     0  startup_stm32f30x.o(.text)
    TIM8_UP_IRQHandler                       0x080001b7   Thumb Code     0  startup_stm32f30x.o(.text)
    UART4_IRQHandler                         0x080001b7   Thumb Code     0  startup_stm32f30x.o(.text)
    UART5_IRQHandler                         0x080001b7   Thumb Code     0  startup_stm32f30x.o(.text)
    USART1_IRQHandler                        0x080001b7   Thumb Code     0  startup_stm32f30x.o(.text)
    USART3_IRQHandler                        0x080001b7   Thumb Code     0  startup_stm32f30x.o(.text)
    USBWakeUp_IRQHandler                     0x080001b7   Thumb Code     0  startup_stm32f30x.o(.text)
    USBWakeUp_RMP_IRQHandler                 0x080001b7   Thumb Code     0  startup_stm32f30x.o(.text)
    USB_HP_CAN1_TX_IRQHandler                0x080001b7   Thumb Code     0  startup_stm32f30x.o(.text)
    USB_HP_IRQHandler                        0x080001b7   Thumb Code     0  startup_stm32f30x.o(.text)
    USB_LP_CAN1_RX0_IRQHandler               0x080001b7   Thumb Code     0  startup_stm32f30x.o(.text)
    USB_LP_IRQHandler                        0x080001b7   Thumb Code     0  startup_stm32f30x.o(.text)
    WWDG_IRQHandler                          0x080001b7   Thumb Code     0  startup_stm32f30x.o(.text)
    strcmp                                   0x080001c1   Thumb Code    28  strcmp.o(.text)
    __aeabi_dadd                             0x080001dd   Thumb Code   322  dadd.o(.text)
    __aeabi_dsub                             0x0800031f   Thumb Code     6  dadd.o(.text)
    __aeabi_drsub                            0x08000325   Thumb Code     6  dadd.o(.text)
    __aeabi_dmul                             0x0800032b   Thumb Code   228  dmul.o(.text)
    __aeabi_ddiv                             0x0800040f   Thumb Code   222  ddiv.o(.text)
    __aeabi_i2d                              0x080004ed   Thumb Code    34  dflti.o(.text)
    __aeabi_f2d                              0x0800050f   Thumb Code    38  f2d.o(.text)
    __aeabi_d2f                              0x08000535   Thumb Code    56  d2f.o(.text)
    __aeabi_uidiv                            0x0800056d   Thumb Code     0  uidiv.o(.text)
    __aeabi_uidivmod                         0x0800056d   Thumb Code    44  uidiv.o(.text)
    __aeabi_uldivmod                         0x08000599   Thumb Code    98  uldiv.o(.text)
    __aeabi_llsl                             0x080005fb   Thumb Code    30  llshl.o(.text)
    _ll_shift_l                              0x080005fb   Thumb Code     0  llshl.o(.text)
    __aeabi_llsr                             0x08000619   Thumb Code    32  llushr.o(.text)
    _ll_ushift_r                             0x08000619   Thumb Code     0  llushr.o(.text)
    __aeabi_lasr                             0x08000639   Thumb Code    36  llsshr.o(.text)
    _ll_sshift_r                             0x08000639   Thumb Code     0  llsshr.o(.text)
    __I$use$fp                               0x0800065d   Thumb Code     0  iusefp.o(.text)
    _float_round                             0x0800065d   Thumb Code    18  fepilogue.o(.text)
    _float_epilogue                          0x0800066f   Thumb Code    90  fepilogue.o(.text)
    _double_round                            0x080006c9   Thumb Code    26  depilogue.o(.text)
    _double_epilogue                         0x080006e3   Thumb Code   164  depilogue.o(.text)
    _dsqrt                                   0x08000787   Thumb Code   162  dsqrt.o(.text)
    __aeabi_d2ulz                            0x08000829   Thumb Code    48  dfixul.o(.text)
    __aeabi_cdrcmple                         0x08000859   Thumb Code    38  cdrcmple.o(.text)
    __scatterload                            0x08000881   Thumb Code    28  init.o(.text)
    __scatterload_rt2                        0x08000881   Thumb Code     0  init.o(.text)
    Acc_ReadAcc                              0x080008a5   Thumb Code   244  imu.o(i.Acc_ReadAcc)
    BusFault_Handler                         0x0800099d   Thumb Code     2  stm32f30x_it.o(i.BusFault_Handler)
    Compass_ReadMag                          0x080009a1   Thumb Code   312  imu.o(i.Compass_ReadMag)
    DebugMon_Handler                         0x08000add   Thumb Code     2  stm32f30x_it.o(i.DebugMon_Handler)
    Delay                                    0x08000ae1   Thumb Code    16  time.o(i.Delay)
    EXTI0_IRQHandler                         0x08000af5   Thumb Code    98  stm32f30x_it.o(i.EXTI0_IRQHandler)
    EXTI_ClearITPendingBit                   0x08000b65   Thumb Code    18  stm32f30x_exti.o(i.EXTI_ClearITPendingBit)
    EXTI_GetITStatus                         0x08000b7d   Thumb Code    42  stm32f30x_exti.o(i.EXTI_GetITStatus)
    EXTI_Init                                0x08000bad   Thumb Code   220  stm32f30x_exti.o(i.EXTI_Init)
    GPIO_Init                                0x08000c8d   Thumb Code   120  stm32f30x_gpio.o(i.GPIO_Init)
    GPIO_PinAFConfig                         0x08000d05   Thumb Code    32  stm32f30x_gpio.o(i.GPIO_PinAFConfig)
    GPIO_ReadInputDataBit                    0x08000d25   Thumb Code    14  stm32f30x_gpio.o(i.GPIO_ReadInputDataBit)
    GPIO_ResetBits                           0x08000d33   Thumb Code     4  stm32f30x_gpio.o(i.GPIO_ResetBits)
    GPIO_SetBits                             0x08000d37   Thumb Code     4  stm32f30x_gpio.o(i.GPIO_SetBits)
    Gyro_ReadAngRate                         0x08000d3d   Thumb Code   186  imu.o(i.Gyro_ReadAngRate)
    HardFault_Handler                        0x08000e09   Thumb Code     2  stm32f30x_it.o(i.HardFault_Handler)
    I2C_ClearFlag                            0x08000e0b   Thumb Code     4  stm32f30x_i2c.o(i.I2C_ClearFlag)
    I2C_Cmd                                  0x08000e0f   Thumb Code    20  stm32f30x_i2c.o(i.I2C_Cmd)
    I2C_GetFlagStatus                        0x08000e23   Thumb Code    14  stm32f30x_i2c.o(i.I2C_GetFlagStatus)
    I2C_Init                                 0x08000e31   Thumb Code    88  stm32f30x_i2c.o(i.I2C_Init)
    I2C_ReceiveData                          0x08000e91   Thumb Code     6  stm32f30x_i2c.o(i.I2C_ReceiveData)
    I2C_SendData                             0x08000e97   Thumb Code     4  stm32f30x_i2c.o(i.I2C_SendData)
    I2C_TransferHandling                     0x08000e9d   Thumb Code    28  stm32f30x_i2c.o(i.I2C_TransferHandling)
    L3GD20_FilterCmd                         0x08000ebd   Thumb Code    40  stm32f3_discovery_l3gd20.o(i.L3GD20_FilterCmd)
    L3GD20_FilterConfig                      0x08000ee5   Thumb Code    50  stm32f3_discovery_l3gd20.o(i.L3GD20_FilterConfig)
    L3GD20_Init                              0x08000f17   Thumb Code    84  stm32f3_discovery_l3gd20.o(i.L3GD20_Init)
    L3GD20_Read                              0x080010a9   Thumb Code    70  stm32f3_discovery_l3gd20.o(i.L3GD20_Read)
    L3GD20_TIMEOUT_UserCallback              0x08001159   Thumb Code     4  imu.o(i.L3GD20_TIMEOUT_UserCallback)
    L3GD20_Write                             0x0800115d   Thumb Code    64  stm32f3_discovery_l3gd20.o(i.L3GD20_Write)
    LSM303DLHC_AccFilterConfig               0x080011a1   Thumb Code    60  stm32f3_discovery_lsm303dlhc.o(i.LSM303DLHC_AccFilterConfig)
    LSM303DLHC_AccInit                       0x080011dd   Thumb Code    84  stm32f3_discovery_lsm303dlhc.o(i.LSM303DLHC_AccInit)
    LSM303DLHC_MagInit                       0x08001341   Thumb Code    94  stm32f3_discovery_lsm303dlhc.o(i.LSM303DLHC_MagInit)
    LSM303DLHC_Read                          0x080013a1   Thumb Code   244  stm32f3_discovery_lsm303dlhc.o(i.LSM303DLHC_Read)
    LSM303DLHC_TIMEOUT_UserCallback          0x0800149d   Thumb Code     4  imu.o(i.LSM303DLHC_TIMEOUT_UserCallback)
    LSM303DLHC_Write                         0x080014a1   Thumb Code   220  stm32f3_discovery_lsm303dlhc.o(i.LSM303DLHC_Write)
    MemManage_Handler                        0x08001585   Thumb Code     2  stm32f30x_it.o(i.MemManage_Handler)
    NMI_Handler                              0x08001587   Thumb Code     2  stm32f30x_it.o(i.NMI_Handler)
    NVIC_Init                                0x08001589   Thumb Code    90  stm32f30x_misc.o(i.NVIC_Init)
    PendSV_Handler                           0x080015ed   Thumb Code     2  stm32f30x_it.o(i.PendSV_Handler)
    RCC_AHBPeriphClockCmd                    0x080015f1   Thumb Code    18  stm32f30x_rcc.o(i.RCC_AHBPeriphClockCmd)
    RCC_APB1PeriphClockCmd                   0x08001609   Thumb Code    18  stm32f30x_rcc.o(i.RCC_APB1PeriphClockCmd)
    RCC_APB1PeriphResetCmd                   0x08001621   Thumb Code    18  stm32f30x_rcc.o(i.RCC_APB1PeriphResetCmd)
    RCC_APB2PeriphClockCmd                   0x08001639   Thumb Code    18  stm32f30x_rcc.o(i.RCC_APB2PeriphClockCmd)
    RCC_APB2PeriphResetCmd                   0x08001651   Thumb Code    18  stm32f30x_rcc.o(i.RCC_APB2PeriphResetCmd)
    RCC_GetClocksFreq                        0x08001669   Thumb Code   576  stm32f30x_rcc.o(i.RCC_GetClocksFreq)
    SPI_Cmd                                  0x080018b9   Thumb Code    20  stm32f30x_spi.o(i.SPI_Cmd)
    SPI_I2S_DeInit                           0x080018cd   Thumb Code    72  stm32f30x_spi.o(i.SPI_I2S_DeInit)
    SPI_I2S_GetFlagStatus                    0x08001921   Thumb Code    14  stm32f30x_spi.o(i.SPI_I2S_GetFlagStatus)
    SPI_Init                                 0x0800192f   Thumb Code   122  stm32f30x_spi.o(i.SPI_Init)
    SPI_ReceiveData8                         0x080019a9   Thumb Code     4  stm32f30x_spi.o(i.SPI_ReceiveData8)
    SPI_RxFIFOThresholdConfig                0x080019ad   Thumb Code    16  stm32f30x_spi.o(i.SPI_RxFIFOThresholdConfig)
    SPI_SendData8                            0x080019bd   Thumb Code     4  stm32f30x_spi.o(i.SPI_SendData8)
    STM_EVAL_LEDInit                         0x080019c1   Thumb Code    62  stm32f3_discovery.o(i.STM_EVAL_LEDInit)
    STM_EVAL_LEDOn                           0x08001a09   Thumb Code    16  stm32f3_discovery.o(i.STM_EVAL_LEDOn)
    STM_EVAL_LEDToggle                       0x08001a21   Thumb Code    20  stm32f3_discovery.o(i.STM_EVAL_LEDToggle)
    STM_EVAL_PBGetState                      0x08001a3d   Thumb Code    16  stm32f3_discovery.o(i.STM_EVAL_PBGetState)
    STM_EVAL_PBInit                          0x08001a55   Thumb Code   144  stm32f3_discovery.o(i.STM_EVAL_PBInit)
    SVC_Handler                              0x08001aed   Thumb Code     2  stm32f30x_it.o(i.SVC_Handler)
    SYSCFG_EXTILineConfig                    0x08001af1   Thumb Code    34  stm32f30x_syscfg.o(i.SYSCFG_EXTILineConfig)
    SysTick_Handler                          0x08001bad   Thumb Code     4  stm32f30x_it.o(i.SysTick_Handler)
    SystemInit                               0x08001bb1   Thumb Code    90  system_stm32f30x.o(i.SystemInit)
    TIM_ARRPreloadConfig                     0x08001c21   Thumb Code    20  stm32f30x_tim.o(i.TIM_ARRPreloadConfig)
    TIM_Cmd                                  0x08001c35   Thumb Code    20  stm32f30x_tim.o(i.TIM_Cmd)
    TIM_CtrlPWMOutputs                       0x08001c49   Thumb Code    20  stm32f30x_tim.o(i.TIM_CtrlPWMOutputs)
    TIM_OC1Init                              0x08001c5d   Thumb Code   110  stm32f30x_tim.o(i.TIM_OC1Init)
    TIM_OC1PreloadConfig                     0x08001ce5   Thumb Code    12  stm32f30x_tim.o(i.TIM_OC1PreloadConfig)
    TIM_OC2Init                              0x08001cf1   Thumb Code   106  stm32f30x_tim.o(i.TIM_OC2Init)
    TIM_OC2PreloadConfig                     0x08001d69   Thumb Code    14  stm32f30x_tim.o(i.TIM_OC2PreloadConfig)
    TIM_OC3Init                              0x08001d79   Thumb Code   100  stm32f30x_tim.o(i.TIM_OC3Init)
    TIM_OC3PreloadConfig                     0x08001de5   Thumb Code    12  stm32f30x_tim.o(i.TIM_OC3PreloadConfig)
    TIM_OC4Init                              0x08001df1   Thumb Code    76  stm32f30x_tim.o(i.TIM_OC4Init)
    TIM_OC4PreloadConfig                     0x08001e45   Thumb Code    14  stm32f30x_tim.o(i.TIM_OC4PreloadConfig)
    TIM_TimeBaseInit                         0x08001e55   Thumb Code   108  stm32f30x_tim.o(i.TIM_TimeBaseInit)
    TimingDelay_Decrement                    0x08001ee5   Thumb Code    16  time.o(i.TimingDelay_Decrement)
    USART2_IRQHandler                        0x08001ef9   Thumb Code    94  stm32f30x_it.o(i.USART2_IRQHandler)
    USART_Cmd                                0x08001f7d   Thumb Code    20  stm32f30x_usart.o(i.USART_Cmd)
    USART_GetITStatus                        0x08001f91   Thumb Code    58  stm32f30x_usart.o(i.USART_GetITStatus)
    USART_ITConfig                           0x08001fcb   Thumb Code    40  stm32f30x_usart.o(i.USART_ITConfig)
    USART_Init                               0x08001ff5   Thumb Code   176  stm32f30x_usart.o(i.USART_Init)
    USART_ReceiveData                        0x080020b5   Thumb Code     8  stm32f30x_usart.o(i.USART_ReceiveData)
    USART_SendData                           0x080020bd   Thumb Code     8  stm32f30x_usart.o(i.USART_SendData)
    USART_puts                               0x080020c5   Thumb Code    30  usart.o(i.USART_puts)
    UsageFault_Handler                       0x080020e3   Thumb Code     2  stm32f30x_it.o(i.UsageFault_Handler)
    __0sprintf                               0x080020e5   Thumb Code    34  printfa.o(i.__0sprintf)
    __1sprintf                               0x080020e5   Thumb Code     0  printfa.o(i.__0sprintf)
    __2sprintf                               0x080020e5   Thumb Code     0  printfa.o(i.__0sprintf)
    __c89sprintf                             0x080020e5   Thumb Code     0  printfa.o(i.__0sprintf)
    sprintf                                  0x080020e5   Thumb Code     0  printfa.o(i.__0sprintf)
    __hardfp_acos                            0x08002111   Thumb Code   738  acos.o(i.__hardfp_acos)
    __hardfp_sqrt                            0x08002461   Thumb Code   122  sqrt.o(i.__hardfp_sqrt)
    __kernel_poly                            0x080024db   Thumb Code   248  poly.o(i.__kernel_poly)
    __scatterload_copy                       0x080025d3   Thumb Code    14  handlers.o(i.__scatterload_copy)
    __scatterload_null                       0x080025e1   Thumb Code     2  handlers.o(i.__scatterload_null)
    __scatterload_zeroinit                   0x080025e3   Thumb Code    14  handlers.o(i.__scatterload_zeroinit)
    __set_errno                              0x080025f1   Thumb Code     6  errno.o(i.__set_errno)
    init_ALL                                 0x08002ea9   Thumb Code    42  init.o(i.init_ALL)
    init_Button                              0x08002ed3   Thumb Code     8  init.o(i.init_Button)
    init_ESC                                 0x08002edd   Thumb Code    78  init.o(i.init_ESC)
    init_ESC_GPIO                            0x08002f7d   Thumb Code   126  init.o(i.init_ESC_GPIO)
    init_ESC_Timer                           0x08003009   Thumb Code   156  init.o(i.init_ESC_Timer)
    init_SysTick                             0x080030b5   Thumb Code    44  init.o(i.init_SysTick)
    init_USART2                              0x080030e9   Thumb Code   158  init.o(i.init_USART2)
    init_acc_mag                             0x0800319d   Thumb Code    98  init.o(i.init_acc_mag)
    init_discovery_board                     0x080031ff   Thumb Code    62  init.o(i.init_discovery_board)
    init_gyro                                0x0800323d   Thumb Code    66  init.o(i.init_gyro)
    init_timer                               0x08003281   Thumb Code    68  init.o(i.init_timer)
    main                                     0x080032d5   Thumb Code    30  main.o(i.main)
    read_imu                                 0x0800330d   Thumb Code  1156  imu.o(i.read_imu)
    sqrt                                     0x08003791   Thumb Code   110  sqrt.o(i.sqrt)
    BUTTON_PORT_SOURCE                       0x08003800   Data           1  stm32f3_discovery.o(.constdata)
    BUTTON_PIN_SOURCE                        0x08003801   Data           1  stm32f3_discovery.o(.constdata)
    BUTTON_IRQn                              0x08003802   Data           1  stm32f3_discovery.o(.constdata)
    BUTTON_PIN                               0x08003804   Data           2  stm32f3_discovery.o(.constdata)
    BUTTON_EXTI_LINE                         0x08003806   Data           2  stm32f3_discovery.o(.constdata)
    BUTTON_CLK                               0x08003808   Data           4  stm32f3_discovery.o(.constdata)
    GPIO_PIN                                 0x0800380c   Data          16  stm32f3_discovery.o(.constdata)
    GPIO_CLK                                 0x0800381c   Data          32  stm32f3_discovery.o(.constdata)
    Region$$Table$$Base                      0x08003890   Number         0  anon$$obj.o(Region$$Table)
    Region$$Table$$Limit                     0x080038b0   Number         0  anon$$obj.o(Region$$Table)
    NVIC_InitStructure_USART2                0x20000000   Data           4  init.o(.data)
    period                                   0x20000004   Data           4  init.o(.data)
    GPIO_InitStructure_PWM                   0x20000008   Data           8  init.o(.data)
    GPIO_InitStruct_USART2                   0x20000010   Data           8  init.o(.data)
    ESC_min                                  0x20000018   Data           8  init.o(.data)
    ESC_max                                  0x20000020   Data           8  init.o(.data)
    ESC_lenght                               0x20000028   Data           8  init.o(.data)
    ESC_koef                                 0x20000030   Data           8  init.o(.data)
    ESC_cycle_time                           0x20000038   Data           8  init.o(.data)
    UserButtonPressed                        0x20000040   Data           4  imu.o(.data)
    u                                        0x20000044   Data           4  imu.o(.data)
    reload_gyro                              0x20000048   Data           4  imu.o(.data)
    fNormAcc                                 0x2000004c   Data           4  imu.o(.data)
    Xrot                                     0x20000050   Data           4  imu.o(.data)
    Yrot                                     0x20000054   Data           4  imu.o(.data)
    Zrot                                     0x20000058   Data           4  imu.o(.data)
    gyrXangle                                0x2000005c   Data           4  imu.o(.data)
    gyrYangle                                0x20000060   Data           4  imu.o(.data)
    gyrZangle                                0x20000064   Data           4  imu.o(.data)
    accXangle                                0x20000068   Data           4  imu.o(.data)
    accYangle                                0x2000006c   Data           4  imu.o(.data)
    accZangle                                0x20000070   Data           4  imu.o(.data)
    time                                     0x20000074   Data           4  imu.o(.data)
    counter                                  0x20000078   Data           4  imu.o(.data)
    counter_old                              0x2000007c   Data           4  imu.o(.data)
    gyro_cnt                                 0x20000080   Data           4  imu.o(.data)
    i                                        0x20000094   Data           4  stm32f30x_it.o(.data)
    s1                                       0x20000098   Data           4  stm32f30x_it.o(.data)
    rs                                       0x2000009c   Data           4  stm32f30x_it.o(.data)
    SystemCoreClock                          0x200000a0   Data           4  system_stm32f30x.o(.data)
    AHBPrescTable                            0x200000a4   Data          16  system_stm32f30x.o(.data)
    BUTTON_PORT                              0x200000e0   Data           4  stm32f3_discovery.o(.data)
    GPIO_PORT                                0x200000e4   Data          32  stm32f3_discovery.o(.data)
    LSM303DLHC_Timeout                       0x20000104   Data           4  stm32f3_discovery_lsm303dlhc.o(.data)
    L3GD20Timeout                            0x20000108   Data           4  stm32f3_discovery_l3gd20.o(.data)
    TIM_TimeBaseStructure_PWM                0x20000110   Data          12  init.o(.bss)
    TIM_OCInitStructure_PWM                  0x2000011c   Data          20  init.o(.bss)
    TIM_TimeBaseStructure_IMU                0x20000130   Data          12  init.o(.bss)
    USART_InitStruct_USART2                  0x2000013c   Data          24  init.o(.bss)
    MagBuffer                                0x20000154   Data          12  imu.o(.bss)
    AccBuffer                                0x20000160   Data          12  imu.o(.bss)
    Buffer                                   0x2000016c   Data          12  imu.o(.bss)
    send                                     0x20000178   Data          50  usart.o(.bss)
    received_string2                         0x200001aa   Data          51  stm32f30x_it.o(.bss)
    __initial_sp                             0x200005e0   Data           0  startup_stm32f30x.o(STACK)



==============================================================================

Memory Map of the image

  Image Entry point : 0x0800019d

  Load Region LR_1 (Base: 0x08000000, Size: 0x000039c0, Max: 0xffffffff, ABSOLUTE)

    Execution Region ER_RO (Base: 0x08000000, Size: 0x000038b0, Max: 0xffffffff, ABSOLUTE)

    Base Addr    Size         Type   Attr      Idx    E Section Name        Object

    0x08000000   0x00000188   Data   RO         2875    RESET               startup_stm32f30x.o
    0x08000188   0x00000000   Code   RO         2906  * .ARM.Collect$$$$00000000  mc_w.l(entry.o)
    0x08000188   0x00000004   Code   RO         3188    .ARM.Collect$$$$00000001  mc_w.l(entry2.o)
    0x0800018c   0x00000004   Code   RO         3191    .ARM.Collect$$$$00000004  mc_w.l(entry5.o)
    0x08000190   0x00000000   Code   RO         3193    .ARM.Collect$$$$00000008  mc_w.l(entry7b.o)
    0x08000190   0x00000000   Code   RO         3195    .ARM.Collect$$$$0000000A  mc_w.l(entry8b.o)
    0x08000190   0x00000008   Code   RO         3196    .ARM.Collect$$$$0000000B  mc_w.l(entry9a.o)
    0x08000198   0x00000000   Code   RO         3198    .ARM.Collect$$$$0000000D  mc_w.l(entry10a.o)
    0x08000198   0x00000000   Code   RO         3200    .ARM.Collect$$$$0000000F  mc_w.l(entry11a.o)
    0x08000198   0x00000004   Code   RO         3189    .ARM.Collect$$$$00002712  mc_w.l(entry2.o)
    0x0800019c   0x00000024   Code   RO         2876  * .text               startup_stm32f30x.o
    0x080001c0   0x0000001c   Code   RO         2909    .text               mc_w.l(strcmp.o)
    0x080001dc   0x0000014e   Code   RO         3172    .text               mf_w.l(dadd.o)
    0x0800032a   0x000000e4   Code   RO         3174    .text               mf_w.l(dmul.o)
    0x0800040e   0x000000de   Code   RO         3176    .text               mf_w.l(ddiv.o)
    0x080004ec   0x00000022   Code   RO         3178    .text               mf_w.l(dflti.o)
    0x0800050e   0x00000026   Code   RO         3182    .text               mf_w.l(f2d.o)
    0x08000534   0x00000038   Code   RO         3184    .text               mf_w.l(d2f.o)
    0x0800056c   0x0000002c   Code   RO         3205    .text               mc_w.l(uidiv.o)
    0x08000598   0x00000062   Code   RO         3207    .text               mc_w.l(uldiv.o)
    0x080005fa   0x0000001e   Code   RO         3209    .text               mc_w.l(llshl.o)
    0x08000618   0x00000020   Code   RO         3211    .text               mc_w.l(llushr.o)
    0x08000638   0x00000024   Code   RO         3213    .text               mc_w.l(llsshr.o)
    0x0800065c   0x00000000   Code   RO         3222    .text               mc_w.l(iusefp.o)
    0x0800065c   0x0000006c   Code   RO         3223    .text               mf_w.l(fepilogue.o)
    0x080006c8   0x000000be   Code   RO         3225    .text               mf_w.l(depilogue.o)
    0x08000786   0x000000a2   Code   RO         3227    .text               mf_w.l(dsqrt.o)
    0x08000828   0x00000030   Code   RO         3229    .text               mf_w.l(dfixul.o)
    0x08000858   0x00000028   Code   RO         3233    .text               mf_w.l(cdrcmple.o)
    0x08000880   0x00000024   Code   RO         3235    .text               mc_w.l(init.o)
    0x080008a4   0x000000f8   Code   RO          307    i.Acc_ReadAcc       imu.o
    0x0800099c   0x00000002   Code   RO          478    i.BusFault_Handler  stm32f30x_it.o
    0x0800099e   0x00000002   PAD
    0x080009a0   0x0000013c   Code   RO          308    i.Compass_ReadMag   imu.o
    0x08000adc   0x00000002   Code   RO          479    i.DebugMon_Handler  stm32f30x_it.o
    0x08000ade   0x00000002   PAD
    0x08000ae0   0x00000014   Code   RO          377    i.Delay             time.o
    0x08000af4   0x00000070   Code   RO          480    i.EXTI0_IRQHandler  stm32f30x_it.o
    0x08000b64   0x00000018   Code   RO         1781    i.EXTI_ClearITPendingBit  stm32f30x_exti.o
    0x08000b7c   0x00000030   Code   RO         1785    i.EXTI_GetITStatus  stm32f30x_exti.o
    0x08000bac   0x000000e0   Code   RO         1786    i.EXTI_Init         stm32f30x_exti.o
    0x08000c8c   0x00000078   Code   RO          618    i.GPIO_Init         stm32f30x_gpio.o
    0x08000d04   0x00000020   Code   RO          619    i.GPIO_PinAFConfig  stm32f30x_gpio.o
    0x08000d24   0x0000000e   Code   RO          622    i.GPIO_ReadInputDataBit  stm32f30x_gpio.o
    0x08000d32   0x00000004   Code   RO          625    i.GPIO_ResetBits    stm32f30x_gpio.o
    0x08000d36   0x00000004   Code   RO          626    i.GPIO_SetBits      stm32f30x_gpio.o
    0x08000d3a   0x00000002   PAD
    0x08000d3c   0x000000cc   Code   RO          309    i.Gyro_ReadAngRate  imu.o
    0x08000e08   0x00000002   Code   RO          481    i.HardFault_Handler  stm32f30x_it.o
    0x08000e0a   0x00000004   Code   RO         2053    i.I2C_ClearFlag     stm32f30x_i2c.o
    0x08000e0e   0x00000014   Code   RO         2056    i.I2C_Cmd           stm32f30x_i2c.o
    0x08000e22   0x0000000e   Code   RO         2065    i.I2C_GetFlagStatus  stm32f30x_i2c.o
    0x08000e30   0x00000060   Code   RO         2071    i.I2C_Init          stm32f30x_i2c.o
    0x08000e90   0x00000006   Code   RO         2077    i.I2C_ReceiveData   stm32f30x_i2c.o
    0x08000e96   0x00000004   Code   RO         2080    i.I2C_SendData      stm32f30x_i2c.o
    0x08000e9a   0x00000002   PAD
    0x08000e9c   0x00000020   Code   RO         2089    i.I2C_TransferHandling  stm32f30x_i2c.o
    0x08000ebc   0x00000028   Code   RO         2788    i.L3GD20_FilterCmd  stm32f3_discovery_l3gd20.o
    0x08000ee4   0x00000032   Code   RO         2789    i.L3GD20_FilterConfig  stm32f3_discovery_l3gd20.o
    0x08000f16   0x00000054   Code   RO         2794    i.L3GD20_Init       stm32f3_discovery_l3gd20.o
    0x08000f6a   0x00000002   PAD
    0x08000f6c   0x0000013c   Code   RO         2795    i.L3GD20_LowLevel_Init  stm32f3_discovery_l3gd20.o
    0x080010a8   0x0000004c   Code   RO         2796    i.L3GD20_Read       stm32f3_discovery_l3gd20.o
    0x080010f4   0x00000064   Code   RO         2798    i.L3GD20_SendByte   stm32f3_discovery_l3gd20.o
    0x08001158   0x00000004   Code   RO          310    i.L3GD20_TIMEOUT_UserCallback  imu.o
    0x0800115c   0x00000044   Code   RO         2799    i.L3GD20_Write      stm32f3_discovery_l3gd20.o
    0x080011a0   0x0000003c   Code   RO         2679    i.LSM303DLHC_AccFilterConfig  stm32f3_discovery_lsm303dlhc.o
    0x080011dc   0x00000054   Code   RO         2685    i.LSM303DLHC_AccInit  stm32f3_discovery_lsm303dlhc.o
    0x08001230   0x00000110   Code   RO         2687    i.LSM303DLHC_LowLevel_Init  stm32f3_discovery_lsm303dlhc.o
    0x08001340   0x0000005e   Code   RO         2689    i.LSM303DLHC_MagInit  stm32f3_discovery_lsm303dlhc.o
    0x0800139e   0x00000002   PAD
    0x080013a0   0x000000fc   Code   RO         2690    i.LSM303DLHC_Read   stm32f3_discovery_lsm303dlhc.o
    0x0800149c   0x00000004   Code   RO          311    i.LSM303DLHC_TIMEOUT_UserCallback  imu.o
    0x080014a0   0x000000e4   Code   RO         2691    i.LSM303DLHC_Write  stm32f3_discovery_lsm303dlhc.o
    0x08001584   0x00000002   Code   RO          482    i.MemManage_Handler  stm32f30x_it.o
    0x08001586   0x00000002   Code   RO          483    i.NMI_Handler       stm32f30x_it.o
    0x08001588   0x00000064   Code   RO          709    i.NVIC_Init         stm32f30x_misc.o
    0x080015ec   0x00000002   Code   RO          484    i.PendSV_Handler    stm32f30x_it.o
    0x080015ee   0x00000002   PAD
    0x080015f0   0x00000018   Code   RO          754    i.RCC_AHBPeriphClockCmd  stm32f30x_rcc.o
    0x08001608   0x00000018   Code   RO          756    i.RCC_APB1PeriphClockCmd  stm32f30x_rcc.o
    0x08001620   0x00000018   Code   RO          757    i.RCC_APB1PeriphResetCmd  stm32f30x_rcc.o
    0x08001638   0x00000018   Code   RO          758    i.RCC_APB2PeriphClockCmd  stm32f30x_rcc.o
    0x08001650   0x00000018   Code   RO          759    i.RCC_APB2PeriphResetCmd  stm32f30x_rcc.o
    0x08001668   0x00000250   Code   RO          766    i.RCC_GetClocksFreq  stm32f30x_rcc.o
    0x080018b8   0x00000014   Code   RO         1849    i.SPI_Cmd           stm32f30x_spi.o
    0x080018cc   0x00000054   Code   RO         1857    i.SPI_I2S_DeInit    stm32f30x_spi.o
    0x08001920   0x0000000e   Code   RO         1858    i.SPI_I2S_GetFlagStatus  stm32f30x_spi.o
    0x0800192e   0x0000007a   Code   RO         1863    i.SPI_Init          stm32f30x_spi.o
    0x080019a8   0x00000004   Code   RO         1867    i.SPI_ReceiveData8  stm32f30x_spi.o
    0x080019ac   0x00000010   Code   RO         1868    i.SPI_RxFIFOThresholdConfig  stm32f30x_spi.o
    0x080019bc   0x00000004   Code   RO         1870    i.SPI_SendData8     stm32f30x_spi.o
    0x080019c0   0x00000048   Code   RO         2622    i.STM_EVAL_LEDInit  stm32f3_discovery.o
    0x08001a08   0x00000018   Code   RO         2624    i.STM_EVAL_LEDOn    stm32f3_discovery.o
    0x08001a20   0x0000001c   Code   RO         2625    i.STM_EVAL_LEDToggle  stm32f3_discovery.o
    0x08001a3c   0x00000018   Code   RO         2626    i.STM_EVAL_PBGetState  stm32f3_discovery.o
    0x08001a54   0x00000098   Code   RO         2627    i.STM_EVAL_PBInit   stm32f3_discovery.o
    0x08001aec   0x00000002   Code   RO          485    i.SVC_Handler       stm32f30x_it.o
    0x08001aee   0x00000002   PAD
    0x08001af0   0x00000028   Code   RO         1008    i.SYSCFG_EXTILineConfig  stm32f30x_syscfg.o
    0x08001b18   0x00000094   Code   RO          580    i.SetSysClock       system_stm32f30x.o
    0x08001bac   0x00000004   Code   RO          486    i.SysTick_Handler   stm32f30x_it.o
    0x08001bb0   0x00000070   Code   RO          582    i.SystemInit        system_stm32f30x.o
    0x08001c20   0x00000014   Code   RO         1103    i.TIM_ARRPreloadConfig  stm32f30x_tim.o
    0x08001c34   0x00000014   Code   RO         1121    i.TIM_Cmd           stm32f30x_tim.o
    0x08001c48   0x00000014   Code   RO         1123    i.TIM_CtrlPWMOutputs  stm32f30x_tim.o
    0x08001c5c   0x00000088   Code   RO         1152    i.TIM_OC1Init       stm32f30x_tim.o
    0x08001ce4   0x0000000c   Code   RO         1155    i.TIM_OC1PreloadConfig  stm32f30x_tim.o
    0x08001cf0   0x00000078   Code   RO         1157    i.TIM_OC2Init       stm32f30x_tim.o
    0x08001d68   0x0000000e   Code   RO         1160    i.TIM_OC2PreloadConfig  stm32f30x_tim.o
    0x08001d76   0x00000002   PAD
    0x08001d78   0x0000006c   Code   RO         1162    i.TIM_OC3Init       stm32f30x_tim.o
    0x08001de4   0x0000000c   Code   RO         1165    i.TIM_OC3PreloadConfig  stm32f30x_tim.o
    0x08001df0   0x00000054   Code   RO         1167    i.TIM_OC4Init       stm32f30x_tim.o
    0x08001e44   0x0000000e   Code   RO         1169    i.TIM_OC4PreloadConfig  stm32f30x_tim.o
    0x08001e52   0x00000002   PAD
    0x08001e54   0x00000090   Code   RO         1208    i.TIM_TimeBaseInit  stm32f30x_tim.o
    0x08001ee4   0x00000014   Code   RO          379    i.TimingDelay_Decrement  time.o
    0x08001ef8   0x00000084   Code   RO          487    i.USART2_IRQHandler  stm32f30x_it.o
    0x08001f7c   0x00000014   Code   RO         2321    i.USART_Cmd         stm32f30x_usart.o
    0x08001f90   0x0000003a   Code   RO         2330    i.USART_GetITStatus  stm32f30x_usart.o
    0x08001fca   0x00000028   Code   RO         2332    i.USART_ITConfig    stm32f30x_usart.o
    0x08001ff2   0x00000002   PAD
    0x08001ff4   0x000000c0   Code   RO         2333    i.USART_Init        stm32f30x_usart.o
    0x080020b4   0x00000008   Code   RO         2345    i.USART_ReceiveData  stm32f30x_usart.o
    0x080020bc   0x00000008   Code   RO         2350    i.USART_SendData    stm32f30x_usart.o
    0x080020c4   0x0000001e   Code   RO          411    i.USART_puts        usart.o
    0x080020e2   0x00000002   Code   RO          488    i.UsageFault_Handler  stm32f30x_it.o
    0x080020e4   0x00000028   Code   RO         3146    i.__0sprintf        mc_w.l(printfa.o)
    0x0800210c   0x00000004   PAD
    0x08002110   0x00000350   Code   RO         2880    i.__hardfp_acos     m_wm.l(acos.o)
    0x08002460   0x0000007a   Code   RO         2894    i.__hardfp_sqrt     m_wm.l(sqrt.o)
    0x080024da   0x000000f8   Code   RO         3186    i.__kernel_poly     m_wm.l(poly.o)
    0x080025d2   0x0000000e   Code   RO         3241    i.__scatterload_copy  mc_w.l(handlers.o)
    0x080025e0   0x00000002   Code   RO         3242    i.__scatterload_null  mc_w.l(handlers.o)
    0x080025e2   0x0000000e   Code   RO         3243    i.__scatterload_zeroinit  mc_w.l(handlers.o)
    0x080025f0   0x0000000c   Code   RO         3217    i.__set_errno       mc_w.l(errno.o)
    0x080025fc   0x0000015c   Code   RO         3151    i._fp_digits        mc_w.l(printfa.o)
    0x08002758   0x000006f0   Code   RO         3152    i._printf_core      mc_w.l(printfa.o)
    0x08002e48   0x00000026   Code   RO         3153    i._printf_post_padding  mc_w.l(printfa.o)
    0x08002e6e   0x00000030   Code   RO         3154    i._printf_pre_padding  mc_w.l(printfa.o)
    0x08002e9e   0x0000000a   Code   RO         3156    i._sputc            mc_w.l(printfa.o)
    0x08002ea8   0x0000002a   Code   RO          166    i.init_ALL          init.o
    0x08002ed2   0x00000008   Code   RO          167    i.init_Button       init.o
    0x08002eda   0x00000002   PAD
    0x08002edc   0x000000a0   Code   RO          168    i.init_ESC          init.o
    0x08002f7c   0x0000008c   Code   RO          169    i.init_ESC_GPIO     init.o
    0x08003008   0x000000ac   Code   RO          170    i.init_ESC_Timer    init.o
    0x080030b4   0x00000034   Code   RO          171    i.init_SysTick      init.o
    0x080030e8   0x000000b4   Code   RO          172    i.init_USART2       init.o
    0x0800319c   0x00000062   Code   RO          173    i.init_acc_mag      init.o
    0x080031fe   0x0000003e   Code   RO          174    i.init_discovery_board  init.o
    0x0800323c   0x00000042   Code   RO          175    i.init_gyro         init.o
    0x0800327e   0x00000002   PAD
    0x08003280   0x00000054   Code   RO          176    i.init_timer        init.o
    0x080032d4   0x00000038   Code   RO            3    i.main              main.o
    0x0800330c   0x00000484   Code   RO          312    i.read_imu          imu.o
    0x08003790   0x0000006e   Code   RO         2896    i.sqrt              m_wm.l(sqrt.o)
    0x080037fe   0x00000002   PAD
    0x08003800   0x0000003c   Data   RO         2628    .constdata          stm32f3_discovery.o
    0x0800383c   0x00000004   PAD
    0x08003840   0x00000050   Data   RO         2883    .constdata          m_wm.l(acos.o)
    0x08003890   0x00000020   Data   RO         3239    Region$$Table       anon$$obj.o


    Execution Region ER_RW (Base: 0x20000000, Size: 0x00000110, Max: 0xffffffff, ABSOLUTE)

    Base Addr    Size         Type   Attr      Idx    E Section Name        Object

    0x20000000   0x00000040   Data   RW          178    .data               init.o
    0x20000040   0x00000004   Data   RW          315    .data               imu.o
    0x20000044   0x00000046   Data   RW          319    .data               imu.o
    0x2000008a   0x00000002   PAD
    0x2000008c   0x00000004   Data   RW          380    .data               time.o
    0x20000090   0x00000010   Data   RW          491    .data               stm32f30x_it.o
    0x200000a0   0x00000014   Data   RW          583    .data               system_stm32f30x.o
    0x200000b4   0x0000002a   Data   RW          792    .data               stm32f30x_rcc.o
    0x200000de   0x00000002   PAD
    0x200000e0   0x00000024   Data   RW         2629    .data               stm32f3_discovery.o
    0x20000104   0x00000004   Data   RW         2692    .data               stm32f3_discovery_lsm303dlhc.o
    0x20000108   0x00000004   Data   RW         2800    .data               stm32f3_discovery_l3gd20.o
    0x2000010c   0x00000004   Data   RW         3218    .data               mc_w.l(errno.o)


    Execution Region ER_ZI (Base: 0x20000110, Size: 0x000004d0, Max: 0xffffffff, ABSOLUTE)

    Base Addr    Size         Type   Attr      Idx    E Section Name        Object

    0x20000110   0x00000044   Zero   RW          177    .bss                init.o
    0x20000154   0x00000024   Zero   RW          313    .bss                imu.o
    0x20000178   0x00000032   Zero   RW          413    .bss                usart.o
    0x200001aa   0x00000033   Zero   RW          489    .bss                stm32f30x_it.o
    0x200001dd   0x00000003   PAD
    0x200001e0   0x00000400   Zero   RW         2873    STACK               startup_stm32f30x.o


==============================================================================

Image component sizes


      Code (inc. data)   RO Data    RW Data    ZI Data      Debug   Object Name

      1932        150          0         74         36       5787   imu.o
      1064        158          0         64         68      33349   init.o
        56         26          0          0          0     286543   main.o
        36          8        392          0       1024        776   startup_stm32f30x.o
       296         16          0          0          0       2596   stm32f30x_exti.o
       174          0          0          0          0       3871   stm32f30x_gpio.o
       176         12          0          0          0       5245   stm32f30x_i2c.o
       264         52          0         16         51       6085   stm32f30x_it.o
       100         10          0          0          0       1244   stm32f30x_misc.o
       712         46          0         42          0       6532   stm32f30x_rcc.o
       264         12          0          0          0       5265   stm32f30x_spi.o
        40          6          0          0          0        704   stm32f30x_syscfg.o
       704         92          0          0          0      10044   stm32f30x_tim.o
       326         16          0          0          0       5179   stm32f30x_usart.o
       300         42         60         36          0       4439   stm32f3_discovery.o
       734         30          0          4          0       5808   stm32f3_discovery_l3gd20.o
       990         34          0          4          0       5661   stm32f3_discovery_lsm303dlhc.o
       260         30          0         20          0       1729   system_stm32f30x.o
        40          8          0          4          0       1228   time.o
        30          0          0          0         50       1070   usart.o

    ----------------------------------------------------------------------
      8524        748        488        268       1232     393155   Object Totals
         0          0         32          0          0          0   (incl. Generated)
        26          0          4          4          3          0   (incl. Padding)

    ----------------------------------------------------------------------

      Code (inc. data)   RO Data    RW Data    ZI Data      Debug   Library Member Name

       848        110         80          0          0        188   acos.o
       248          0          0          0          0        152   poly.o
       232          0          0          0          0        296   sqrt.o
         0          0          0          0          0          0   entry.o
         0          0          0          0          0          0   entry10a.o
         0          0          0          0          0          0   entry11a.o
         8          4          0          0          0          0   entry2.o
         4          0          0          0          0          0   entry5.o
         0          0          0          0          0          0   entry7b.o
         0          0          0          0          0          0   entry8b.o
         8          4          0          0          0          0   entry9a.o
        12          6          0          4          0         68   errno.o
        30          0          0          0          0          0   handlers.o
        36          8          0          0          0         68   init.o
         0          0          0          0          0          0   iusefp.o
        30          0          0          0          0         68   llshl.o
        36          0          0          0          0         68   llsshr.o
        32          0          0          0          0         68   llushr.o
      2260         86          0          0          0        512   printfa.o
        28          0          0          0          0         76   strcmp.o
        44          0          0          0          0         80   uidiv.o
        98          0          0          0          0         92   uldiv.o
        40          2          0          0          0         68   cdrcmple.o
        56          0          0          0          0         88   d2f.o
       334          0          0          0          0        148   dadd.o
       222          0          0          0          0        100   ddiv.o
       190          0          0          0          0        176   depilogue.o
        48          0          0          0          0         68   dfixul.o
        34          0          0          0          0         76   dflti.o
       228          0          0          0          0         96   dmul.o
       162          0          0          0          0        100   dsqrt.o
        38          0          0          0          0         68   f2d.o
       108          0          0          0          0        168   fepilogue.o

    ----------------------------------------------------------------------
      5420        224         80          4          0       2892   Library Totals
         6          4          0          0          0          0   (incl. Padding)

    ----------------------------------------------------------------------

      Code (inc. data)   RO Data    RW Data    ZI Data      Debug   Library Name

      1328        110         80          0          0        636   m_wm.l
      2626        108          0          4          0       1100   mc_w.l
      1460          2          0          0          0       1156   mf_w.l

    ----------------------------------------------------------------------
      5420        224         80          4          0       2892   Library Totals

    ----------------------------------------------------------------------

==============================================================================


      Code (inc. data)   RO Data    RW Data    ZI Data      Debug   

     13944        972        568        272       1232     385303   Grand Totals
     13944        972        568        272       1232     385303   ELF Image Totals
     13944        972        568        272          0          0   ROM Totals

==============================================================================

    Total RO  Size (Code + RO Data)                14512 (  14.17kB)
    Total RW  Size (RW Data + ZI Data)              1504 (   1.47kB)
    Total ROM Size (Code + RO Data + RW Data)      14784 (  14.44kB)

==============================================================================

