ARM Linker, 5.03 [Build 76] [MDK-ARM Lite]

==============================================================================

Section Cross References

    main.o(i.main) refers to init.o(i.init_ALL) for init_ALL
    main.o(i.main) refers to stm32f3_discovery.o(i.STM_EVAL_LEDOn) for STM_EVAL_LEDOn
    main.o(i.main) refers to motors.o(i.ESC_Calibrate_All) for ESC_Calibrate_All
    main.o(i.main) refers to stm32f3_discovery.o(i.STM_EVAL_LEDOff) for STM_EVAL_LEDOff
    main.o(i.main) refers to programs.o(i.test_motors) for test_motors
    main.o(i.test) refers to imu.o(i.Acc_ReadAcc) for Acc_ReadAcc
    main.o(i.test) refers to f2d.o(.text) for __aeabi_f2d
    main.o(i.test) refers to sqrt.o(i.__hardfp_sqrt) for __hardfp_sqrt
    main.o(i.test) refers to d2f.o(.text) for __aeabi_d2f
    main.o(i.test) refers to imu.o(i.Gyro_ReadAngRate) for Gyro_ReadAngRate
    main.o(i.test) refers to acos.o(i.__hardfp_acos) for __hardfp_acos
    main.o(i.test) refers to dmul.o(.text) for __aeabi_dmul
    main.o(i.test) refers to ddiv.o(.text) for __aeabi_ddiv
    main.o(i.test) refers to dadd.o(.text) for __aeabi_drsub
    main.o(i.test) refers to imu.o(i.kalmanCalculate) for kalmanCalculate
    main.o(i.test) refers to printfa.o(i.__0sprintf) for __2sprintf
    main.o(i.test) refers to usart.o(i.USART_puts) for USART_puts
    main.o(i.test) refers to main.o(.data) for .data
    main.o(i.test) refers to main.o(.bss) for .bss
    main.o(i.test) refers to dflti.o(.text) for __aeabi_i2d
    main.o(i.test) refers to dfixi.o(.text) for __aeabi_d2iz
    init.o(i.init_ALL) refers to init.o(i.init_discovery_board) for init_discovery_board
    init.o(i.init_ALL) refers to init.o(i.init_SysTick) for init_SysTick
    init.o(i.init_ALL) refers to init.o(i.init_Button) for init_Button
    init.o(i.init_ALL) refers to init.o(i.init_ESC) for init_ESC
    init.o(i.init_ALL) refers to init.o(i.init_gyro) for init_gyro
    init.o(i.init_ALL) refers to init.o(i.init_acc) for init_acc
    init.o(i.init_ALL) refers to init.o(i.init_timer) for init_timer
    init.o(i.init_ALL) refers to init.o(i.init_USART2) for init_USART2
    init.o(i.init_Button) refers to stm32f3_discovery.o(i.STM_EVAL_PBInit) for STM_EVAL_PBInit
    init.o(i.init_ESC) refers to init.o(i.init_ESC_GPIO) for init_ESC_GPIO
    init.o(i.init_ESC) refers to init.o(i.init_ESC_Timer) for init_ESC_Timer
    init.o(i.init_ESC) refers to motors.o(i.ESC_SetPower) for ESC_SetPower
    init.o(i.init_ESC) refers to init.o(.data) for .data
    init.o(i.init_ESC_GPIO) refers to stm32f30x_rcc.o(i.RCC_APB1PeriphClockCmd) for RCC_APB1PeriphClockCmd
    init.o(i.init_ESC_GPIO) refers to stm32f30x_rcc.o(i.RCC_AHBPeriphClockCmd) for RCC_AHBPeriphClockCmd
    init.o(i.init_ESC_GPIO) refers to stm32f30x_gpio.o(i.GPIO_Init) for GPIO_Init
    init.o(i.init_ESC_GPIO) refers to stm32f30x_gpio.o(i.GPIO_PinAFConfig) for GPIO_PinAFConfig
    init.o(i.init_ESC_GPIO) refers to init.o(.data) for .data
    init.o(i.init_ESC_Timer) refers to stm32f30x_tim.o(i.TIM_TimeBaseInit) for TIM_TimeBaseInit
    init.o(i.init_ESC_Timer) refers to stm32f30x_tim.o(i.TIM_OC1Init) for TIM_OC1Init
    init.o(i.init_ESC_Timer) refers to stm32f30x_tim.o(i.TIM_OC1PreloadConfig) for TIM_OC1PreloadConfig
    init.o(i.init_ESC_Timer) refers to stm32f30x_tim.o(i.TIM_OC2Init) for TIM_OC2Init
    init.o(i.init_ESC_Timer) refers to stm32f30x_tim.o(i.TIM_OC2PreloadConfig) for TIM_OC2PreloadConfig
    init.o(i.init_ESC_Timer) refers to stm32f30x_tim.o(i.TIM_OC3Init) for TIM_OC3Init
    init.o(i.init_ESC_Timer) refers to stm32f30x_tim.o(i.TIM_OC3PreloadConfig) for TIM_OC3PreloadConfig
    init.o(i.init_ESC_Timer) refers to stm32f30x_tim.o(i.TIM_ARRPreloadConfig) for TIM_ARRPreloadConfig
    init.o(i.init_ESC_Timer) refers to stm32f30x_tim.o(i.TIM_CtrlPWMOutputs) for TIM_CtrlPWMOutputs
    init.o(i.init_ESC_Timer) refers to stm32f30x_tim.o(i.TIM_Cmd) for TIM_Cmd
    init.o(i.init_ESC_Timer) refers to system_stm32f30x.o(.data) for SystemCoreClock
    init.o(i.init_ESC_Timer) refers to init.o(.bss) for .bss
    init.o(i.init_SysTick) refers to system_stm32f30x.o(.data) for SystemCoreClock
    init.o(i.init_USART2) refers to stm32f30x_rcc.o(i.RCC_APB1PeriphClockCmd) for RCC_APB1PeriphClockCmd
    init.o(i.init_USART2) refers to stm32f30x_rcc.o(i.RCC_AHBPeriphClockCmd) for RCC_AHBPeriphClockCmd
    init.o(i.init_USART2) refers to stm32f30x_gpio.o(i.GPIO_Init) for GPIO_Init
    init.o(i.init_USART2) refers to stm32f30x_gpio.o(i.GPIO_PinAFConfig) for GPIO_PinAFConfig
    init.o(i.init_USART2) refers to stm32f30x_usart.o(i.USART_Init) for USART_Init
    init.o(i.init_USART2) refers to stm32f30x_usart.o(i.USART_ITConfig) for USART_ITConfig
    init.o(i.init_USART2) refers to stm32f30x_misc.o(i.NVIC_Init) for NVIC_Init
    init.o(i.init_USART2) refers to stm32f30x_usart.o(i.USART_Cmd) for USART_Cmd
    init.o(i.init_USART2) refers to init.o(.data) for .data
[...]
    dfixul.o(.text) refers to llushr.o(.text) for __aeabi_llsr
    dfixul.o(.text) refers to llshl.o(.text) for __aeabi_llsl
    init.o(.text) refers to entry5.o(.ARM.Collect$$$$00000004) for __main_after_scatterload


==============================================================================

Removing Unused input sections from the image.

    Removing main.o(.rev16_text), (4 bytes).
    Removing main.o(.revsh_text), (4 bytes).
    Removing main.o(i.test), (1272 bytes).
    Removing main.o(.bss), (12 bytes).
    Removing main.o(.bss), (74 bytes).
    Removing main.o(.data), (1 bytes).
    Removing main.o(.data), (4 bytes).
    Removing main.o(.data), (4 bytes).
    Removing main.o(.data), (4 bytes).
    Removing main.o(.data), (4 bytes).
    Removing main.o(.data), (80 bytes).
    Removing main.o(.data), (4 bytes).
    Removing main.o(.data), (1 bytes).
    Removing main.o(.data), (1 bytes).
    Removing main.o(.data), (4 bytes).
    Removing main.o(.data), (4 bytes).
    Removing main.o(.data), (4 bytes).
    Removing main.o(.data), (4 bytes).
    Removing main.o(.data), (4 bytes).
    Removing main.o(.data), (4 bytes).
    Removing main.o(.data), (4 bytes).
    Removing init.o(.rev16_text), (4 bytes).
    Removing init.o(.revsh_text), (4 bytes).
    Removing init.o(.data), (8 bytes).
    Removing programs.o(.rev16_text), (4 bytes).
    Removing programs.o(.revsh_text), (4 bytes).
    Removing motors.o(.rev16_text), (4 bytes).
    Removing motors.o(.revsh_text), (4 bytes).
    Removing imu.o(.rev16_text), (4 bytes).
    Removing imu.o(.revsh_text), (4 bytes).
    Removing imu.o(i.Acc_ReadAcc), (248 bytes).
    Removing imu.o(i.Compass_ReadMag), (316 bytes).
    Removing imu.o(i.Gyro_ReadAngRate), (204 bytes).
    Removing imu.o(i.kalmanCalculate), (188 bytes).
    Removing imu.o(.data), (62 bytes).
    Removing time.o(.rev16_text), (4 bytes).
    Removing time.o(.revsh_text), (4 bytes).
    Removing time.o(i.Delay_tick), (14 bytes).
    Removing usart.o(.rev16_text), (4 bytes).
    Removing usart.o(.revsh_text), (4 bytes).
    Removing usart.o(i.USART_puts), (30 bytes).
    Removing usart.o(.bss), (50 bytes).
    Removing usart.o(.data), (4 bytes).
    Removing usart.o(.data), (4 bytes).
    Removing pid.o(.rev16_text), (4 bytes).
    Removing pid.o(.revsh_text), (4 bytes).
    Removing pid.o(i.Compute), (160 bytes).
    Removing pid.o(i.SetTunings), (12 bytes).
    Removing pid.o(i.delete_it), (24 bytes).
    Removing pid.o(.data), (52 bytes).
    Removing stm32f30x_it.o(.rev16_text), (4 bytes).
    Removing stm32f30x_it.o(.revsh_text), (4 bytes).
    Removing stm32f30x_it.o(.bss), (51 bytes).
    Removing system_stm32f30x.o(.rev16_text), (4 bytes).
    Removing system_stm32f30x.o(.revsh_text), (4 bytes).
    Removing system_stm32f30x.o(i.SystemCoreClockUpdate), (108 bytes).
    Removing stm32f30x_gpio.o(.rev16_text), (4 bytes).
    Removing stm32f30x_gpio.o(.revsh_text), (4 bytes).
    Removing stm32f30x_gpio.o(i.GPIO_DeInit), (112 bytes).
    Removing stm32f30x_gpio.o(i.GPIO_PinLockConfig), (16 bytes).
    Removing stm32f30x_gpio.o(i.GPIO_ReadInputData), (4 bytes).
    Removing stm32f30x_gpio.o(i.GPIO_ReadOutputData), (4 bytes).
    Removing stm32f30x_gpio.o(i.GPIO_ReadOutputDataBit), (14 bytes).
    Removing stm32f30x_gpio.o(i.GPIO_StructInit), (20 bytes).
    Removing stm32f30x_gpio.o(i.GPIO_Write), (4 bytes).
    Removing stm32f30x_gpio.o(i.GPIO_WriteBit), (10 bytes).
    Removing stm32f30x_misc.o(.rev16_text), (4 bytes).
    Removing stm32f30x_misc.o(.revsh_text), (4 bytes).
    Removing stm32f30x_misc.o(i.NVIC_PriorityGroupConfig), (20 bytes).
    Removing stm32f30x_misc.o(i.NVIC_SetVectorTable), (20 bytes).
    Removing stm32f30x_misc.o(i.NVIC_SystemLPConfig), (24 bytes).
    Removing stm32f30x_misc.o(i.SysTick_CLKSourceConfig), (24 bytes).
    Removing stm32f30x_rcc.o(.rev16_text), (4 bytes).
    Removing stm32f30x_rcc.o(.revsh_text), (4 bytes).
    Removing stm32f30x_rcc.o(i.RCC_ADCCLKConfig), (32 bytes).
    Removing stm32f30x_rcc.o(i.RCC_AHBPeriphResetCmd), (24 bytes).
    Removing stm32f30x_rcc.o(i.RCC_AdjustHSICalibrationValue), (20 bytes).
    Removing stm32f30x_rcc.o(i.RCC_BackupResetCmd), (12 bytes).
    Removing stm32f30x_rcc.o(i.RCC_ClearFlag), (16 bytes).
    Removing stm32f30x_rcc.o(i.RCC_ClearITPendingBit), (12 bytes).
    Removing stm32f30x_rcc.o(i.RCC_ClockSecuritySystemCmd), (12 bytes).
    Removing stm32f30x_rcc.o(i.RCC_DeInit), (80 bytes).
    Removing stm32f30x_rcc.o(i.RCC_GetFlagStatus), (52 bytes).
    Removing stm32f30x_rcc.o(i.RCC_GetITStatus), (20 bytes).
    Removing stm32f30x_rcc.o(i.RCC_GetSYSCLKSource), (16 bytes).
    Removing stm32f30x_rcc.o(i.RCC_HCLKConfig), (20 bytes).
    Removing stm32f30x_rcc.o(i.RCC_HSEConfig), (16 bytes).
    Removing stm32f30x_rcc.o(i.RCC_HSICmd), (12 bytes).
    Removing stm32f30x_rcc.o(i.RCC_I2CCLKConfig), (32 bytes).
    Removing stm32f30x_rcc.o(i.RCC_I2SCLKConfig), (12 bytes).
    Removing stm32f30x_rcc.o(i.RCC_ITConfig), (24 bytes).
    Removing stm32f30x_rcc.o(i.RCC_LSEConfig), (32 bytes).
    Removing stm32f30x_rcc.o(i.RCC_LSEDriveConfig), (24 bytes).
    Removing stm32f30x_rcc.o(i.RCC_LSICmd), (12 bytes).
    Removing stm32f30x_rcc.o(i.RCC_MCOConfig), (12 bytes).
    Removing stm32f30x_rcc.o(i.RCC_PCLK1Config), (20 bytes).
    Removing stm32f30x_rcc.o(i.RCC_PCLK2Config), (20 bytes).
    Removing stm32f30x_rcc.o(i.RCC_PLLCmd), (12 bytes).
    Removing stm32f30x_rcc.o(i.RCC_PLLConfig), (24 bytes).
    Removing stm32f30x_rcc.o(i.RCC_PREDIV1Config), (20 bytes).
    Removing stm32f30x_rcc.o(i.RCC_RTCCLKCmd), (12 bytes).
    Removing stm32f30x_rcc.o(i.RCC_RTCCLKConfig), (16 bytes).
    Removing stm32f30x_rcc.o(i.RCC_SYSCLKConfig), (20 bytes).
    Removing stm32f30x_rcc.o(i.RCC_TIMCLKConfig), (32 bytes).
    Removing stm32f30x_rcc.o(i.RCC_USARTCLKConfig), (72 bytes).
    Removing stm32f30x_rcc.o(i.RCC_USBCLKConfig), (12 bytes).
    Removing stm32f30x_rcc.o(i.RCC_WaitForHSEStartUp), (44 bytes).
    Removing stm32f30x_syscfg.o(.rev16_text), (4 bytes).
    Removing stm32f30x_syscfg.o(.revsh_text), (4 bytes).
    Removing stm32f30x_syscfg.o(i.SYSCFG_BreakConfig), (16 bytes).
    Removing stm32f30x_syscfg.o(i.SYSCFG_BypassParityCheckDisable), (12 bytes).
    Removing stm32f30x_syscfg.o(i.SYSCFG_ClearFlag), (16 bytes).
    Removing stm32f30x_syscfg.o(i.SYSCFG_DMAChannelRemapConfig), (24 bytes).
    Removing stm32f30x_syscfg.o(i.SYSCFG_DeInit), (40 bytes).
    Removing stm32f30x_syscfg.o(i.SYSCFG_EncoderRemapConfig), (24 bytes).
    Removing stm32f30x_syscfg.o(i.SYSCFG_GetFlagStatus), (20 bytes).
    Removing stm32f30x_syscfg.o(i.SYSCFG_I2CFastModePlusConfig), (24 bytes).
    Removing stm32f30x_syscfg.o(i.SYSCFG_ITConfig), (24 bytes).
    Removing stm32f30x_syscfg.o(i.SYSCFG_MemoryRemapConfig), (20 bytes).
    Removing stm32f30x_syscfg.o(i.SYSCFG_SRAMWRPEnable), (16 bytes).
    Removing stm32f30x_syscfg.o(i.SYSCFG_TriggerRemapConfig), (24 bytes).
    Removing stm32f30x_syscfg.o(i.SYSCFG_USBInterruptLineRemapCmd), (12 bytes).
    Removing stm32f30x_tim.o(.rev16_text), (4 bytes).
    Removing stm32f30x_tim.o(.revsh_text), (4 bytes).
    Removing stm32f30x_tim.o(i.TI1_Config), (40 bytes).
    Removing stm32f30x_tim.o(i.TI2_Config), (54 bytes).
    Removing stm32f30x_tim.o(i.TIM_BDTRConfig), (32 bytes).
    Removing stm32f30x_tim.o(i.TIM_BDTRStructInit), (18 bytes).
    Removing stm32f30x_tim.o(i.TIM_Break1Cmd), (20 bytes).
    Removing stm32f30x_tim.o(i.TIM_Break1Config), (20 bytes).
    Removing stm32f30x_tim.o(i.TIM_Break2Cmd), (20 bytes).
    Removing stm32f30x_tim.o(i.TIM_Break2Config), (20 bytes).
    Removing stm32f30x_tim.o(i.TIM_CCPreloadControl), (22 bytes).
    Removing stm32f30x_tim.o(i.TIM_CCxCmd), (22 bytes).
    Removing stm32f30x_tim.o(i.TIM_CCxNCmd), (22 bytes).
    Removing stm32f30x_tim.o(i.TIM_ClearFlag), (8 bytes).
    Removing stm32f30x_tim.o(i.TIM_ClearITPendingBit), (8 bytes).
    Removing stm32f30x_tim.o(i.TIM_ClearOC1Ref), (12 bytes).
    Removing stm32f30x_tim.o(i.TIM_ClearOC2Ref), (14 bytes).
    Removing stm32f30x_tim.o(i.TIM_ClearOC3Ref), (12 bytes).
    Removing stm32f30x_tim.o(i.TIM_ClearOC4Ref), (14 bytes).
    Removing stm32f30x_tim.o(i.TIM_ClearOC5Ref), (12 bytes).
    Removing stm32f30x_tim.o(i.TIM_ClearOC6Ref), (14 bytes).
    Removing stm32f30x_tim.o(i.TIM_CounterModeConfig), (12 bytes).
    Removing stm32f30x_tim.o(i.TIM_DMACmd), (20 bytes).
    Removing stm32f30x_tim.o(i.TIM_DMAConfig), (8 bytes).
    Removing stm32f30x_tim.o(i.TIM_DeInit), (224 bytes).
    Removing stm32f30x_tim.o(i.TIM_ETRClockMode1Config), (20 bytes).
    Removing stm32f30x_tim.o(i.TIM_ETRClockMode2Config), (18 bytes).
    Removing stm32f30x_tim.o(i.TIM_ETRConfig), (24 bytes).
    Removing stm32f30x_tim.o(i.TIM_EncoderInterfaceConfig), (56 bytes).
    Removing stm32f30x_tim.o(i.TIM_ForcedOC1Config), (16 bytes).
    Removing stm32f30x_tim.o(i.TIM_ForcedOC2Config), (20 bytes).
    Removing stm32f30x_tim.o(i.TIM_ForcedOC3Config), (12 bytes).
    Removing stm32f30x_tim.o(i.TIM_ForcedOC4Config), (14 bytes).
    Removing stm32f30x_tim.o(i.TIM_ForcedOC5Config), (12 bytes).
    Removing stm32f30x_tim.o(i.TIM_ForcedOC6Config), (14 bytes).
    Removing stm32f30x_tim.o(i.TIM_GenerateEvent), (4 bytes).
    Removing stm32f30x_tim.o(i.TIM_GetCapture1), (4 bytes).
    Removing stm32f30x_tim.o(i.TIM_GetCapture2), (4 bytes).
    Removing stm32f30x_tim.o(i.TIM_GetCapture3), (4 bytes).
    Removing stm32f30x_tim.o(i.TIM_GetCapture4), (4 bytes).
    Removing stm32f30x_tim.o(i.TIM_GetCounter), (4 bytes).
    Removing stm32f30x_tim.o(i.TIM_GetFlagStatus), (14 bytes).
    Removing stm32f30x_tim.o(i.TIM_GetITStatus), (24 bytes).
    Removing stm32f30x_tim.o(i.TIM_GetPrescaler), (4 bytes).
    Removing stm32f30x_tim.o(i.TIM_ICInit), (184 bytes).
    Removing stm32f30x_tim.o(i.TIM_ICStructInit), (16 bytes).
    Removing stm32f30x_tim.o(i.TIM_ITConfig), (20 bytes).
    Removing stm32f30x_tim.o(i.TIM_ITRxExternalClockConfig), (18 bytes).
    Removing stm32f30x_tim.o(i.TIM_InternalClockConfig), (12 bytes).
    Removing stm32f30x_tim.o(i.TIM_OC1FastConfig), (12 bytes).
    Removing stm32f30x_tim.o(i.TIM_OC1NPolarityConfig), (12 bytes).
    Removing stm32f30x_tim.o(i.TIM_OC1PolarityConfig), (12 bytes).
    Removing stm32f30x_tim.o(i.TIM_OC2FastConfig), (14 bytes).
    Removing stm32f30x_tim.o(i.TIM_OC2NPolarityConfig), (14 bytes).
    Removing stm32f30x_tim.o(i.TIM_OC2PolarityConfig), (14 bytes).
    Removing stm32f30x_tim.o(i.TIM_OC3FastConfig), (12 bytes).
    Removing stm32f30x_tim.o(i.TIM_OC3NPolarityConfig), (14 bytes).
    Removing stm32f30x_tim.o(i.TIM_OC3PolarityConfig), (14 bytes).
    Removing stm32f30x_tim.o(i.TIM_OC4FastConfig), (14 bytes).
    Removing stm32f30x_tim.o(i.TIM_OC4Init), (84 bytes).
    Removing stm32f30x_tim.o(i.TIM_OC4PolarityConfig), (14 bytes).
    Removing stm32f30x_tim.o(i.TIM_OC4PreloadConfig), (14 bytes).
    Removing stm32f30x_tim.o(i.TIM_OC5Init), (84 bytes).
    Removing stm32f30x_tim.o(i.TIM_OC5PolarityConfig), (14 bytes).
    Removing stm32f30x_tim.o(i.TIM_OC5PreloadConfig), (12 bytes).
    Removing stm32f30x_tim.o(i.TIM_OC6Init), (80 bytes).
    Removing stm32f30x_tim.o(i.TIM_OC6PolarityConfig), (14 bytes).
    Removing stm32f30x_tim.o(i.TIM_OC6PreloadConfig), (14 bytes).
    Removing stm32f30x_tim.o(i.TIM_OCStructInit), (20 bytes).
    Removing stm32f30x_tim.o(i.TIM_PWMIConfig), (108 bytes).
    Removing stm32f30x_tim.o(i.TIM_PrescalerConfig), (6 bytes).
    Removing stm32f30x_tim.o(i.TIM_RemapConfig), (6 bytes).
    Removing stm32f30x_tim.o(i.TIM_SelectCCDMA), (22 bytes).
    Removing stm32f30x_tim.o(i.TIM_SelectCOM), (22 bytes).
    Removing stm32f30x_tim.o(i.TIM_SelectGC5C1), (20 bytes).
    Removing stm32f30x_tim.o(i.TIM_SelectGC5C2), (20 bytes).
    Removing stm32f30x_tim.o(i.TIM_SelectGC5C3), (20 bytes).
    Removing stm32f30x_tim.o(i.TIM_SelectHallSensor), (22 bytes).
    Removing stm32f30x_tim.o(i.TIM_SelectInputTrigger), (14 bytes).
    Removing stm32f30x_tim.o(i.TIM_SelectMasterSlaveMode), (18 bytes).
    Removing stm32f30x_tim.o(i.TIM_SelectOCREFClear), (18 bytes).
    Removing stm32f30x_tim.o(i.TIM_SelectOCxM), (80 bytes).
    Removing stm32f30x_tim.o(i.TIM_SelectOnePulseMode), (16 bytes).
    Removing stm32f30x_tim.o(i.TIM_SelectOutputTrigger), (18 bytes).
    Removing stm32f30x_tim.o(i.TIM_SelectOutputTrigger2), (16 bytes).
    Removing stm32f30x_tim.o(i.TIM_SelectSlaveMode), (20 bytes).
    Removing stm32f30x_tim.o(i.TIM_SetAutoreload), (4 bytes).
    Removing stm32f30x_tim.o(i.TIM_SetClockDivision), (16 bytes).
    Removing stm32f30x_tim.o(i.TIM_SetCompare1), (4 bytes).
    Removing stm32f30x_tim.o(i.TIM_SetCompare2), (4 bytes).
    Removing stm32f30x_tim.o(i.TIM_SetCompare3), (4 bytes).
    Removing stm32f30x_tim.o(i.TIM_SetCompare4), (4 bytes).
    Removing stm32f30x_tim.o(i.TIM_SetCompare5), (4 bytes).
    Removing stm32f30x_tim.o(i.TIM_SetCompare6), (4 bytes).
    Removing stm32f30x_tim.o(i.TIM_SetCounter), (4 bytes).
    Removing stm32f30x_tim.o(i.TIM_SetIC1Prescaler), (16 bytes).
    Removing stm32f30x_tim.o(i.TIM_SetIC2Prescaler), (18 bytes).
    Removing stm32f30x_tim.o(i.TIM_SetIC3Prescaler), (18 bytes).
    Removing stm32f30x_tim.o(i.TIM_SetIC4Prescaler), (26 bytes).
    Removing stm32f30x_tim.o(i.TIM_TIxExternalClockConfig), (46 bytes).
    Removing stm32f30x_tim.o(i.TIM_TimeBaseStructInit), (18 bytes).
    Removing stm32f30x_tim.o(i.TIM_UIFRemap), (20 bytes).
    Removing stm32f30x_tim.o(i.TIM_UpdateDisableConfig), (20 bytes).
    Removing stm32f30x_tim.o(i.TIM_UpdateRequestConfig), (20 bytes).
    Removing stm32f30x_exti.o(.rev16_text), (4 bytes).
    Removing stm32f30x_exti.o(.revsh_text), (4 bytes).
    Removing stm32f30x_exti.o(i.EXTI_ClearFlag), (24 bytes).
    Removing stm32f30x_exti.o(i.EXTI_DeInit), (72 bytes).
    Removing stm32f30x_exti.o(i.EXTI_GenerateSWInterrupt), (28 bytes).
    Removing stm32f30x_exti.o(i.EXTI_GetFlagStatus), (32 bytes).
    Removing stm32f30x_exti.o(i.EXTI_StructInit), (14 bytes).
    Removing stm32f30x_spi.o(.rev16_text), (4 bytes).
    Removing stm32f30x_spi.o(.revsh_text), (4 bytes).
    Removing stm32f30x_spi.o(i.I2S_Cmd), (20 bytes).
    Removing stm32f30x_spi.o(i.I2S_FullDuplexConfig), (58 bytes).
    Removing stm32f30x_spi.o(i.I2S_Init), (152 bytes).
    Removing stm32f30x_spi.o(i.I2S_StructInit), (18 bytes).
    Removing stm32f30x_spi.o(i.SPI_BiDirectionalLineConfig), (22 bytes).
    Removing stm32f30x_spi.o(i.SPI_CRCLengthConfig), (16 bytes).
    Removing stm32f30x_spi.o(i.SPI_CalculateCRC), (20 bytes).
    Removing stm32f30x_spi.o(i.SPI_DataSizeConfig), (12 bytes).
    Removing stm32f30x_spi.o(i.SPI_GetCRC), (12 bytes).
    Removing stm32f30x_spi.o(i.SPI_GetCRCPolynomial), (4 bytes).
    Removing stm32f30x_spi.o(i.SPI_GetReceptionFIFOStatus), (8 bytes).
    Removing stm32f30x_spi.o(i.SPI_GetTransmissionFIFOStatus), (8 bytes).
    Removing stm32f30x_spi.o(i.SPI_I2S_ClearFlag), (6 bytes).
    Removing stm32f30x_spi.o(i.SPI_I2S_DMACmd), (16 bytes).
    Removing stm32f30x_spi.o(i.SPI_I2S_GetITStatus), (42 bytes).
    Removing stm32f30x_spi.o(i.SPI_I2S_ITConfig), (24 bytes).
    Removing stm32f30x_spi.o(i.SPI_I2S_ReceiveData16), (4 bytes).
    Removing stm32f30x_spi.o(i.SPI_I2S_SendData16), (4 bytes).
    Removing stm32f30x_spi.o(i.SPI_LastDMATransferCmd), (16 bytes).
    Removing stm32f30x_spi.o(i.SPI_NSSInternalSoftwareConfig), (24 bytes).
    Removing stm32f30x_spi.o(i.SPI_NSSPulseModeCmd), (20 bytes).
    Removing stm32f30x_spi.o(i.SPI_SSOutputCmd), (20 bytes).
    Removing stm32f30x_spi.o(i.SPI_StructInit), (28 bytes).
    Removing stm32f30x_spi.o(i.SPI_TIModeCmd), (20 bytes).
    Removing stm32f30x_spi.o(i.SPI_TransmitCRC), (10 bytes).
    Removing stm32f30x_i2c.o(.rev16_text), (4 bytes).
    Removing stm32f30x_i2c.o(.revsh_text), (4 bytes).
    Removing stm32f30x_i2c.o(i.I2C_10BitAddressHeaderCmd), (20 bytes).
    Removing stm32f30x_i2c.o(i.I2C_10BitAddressingModeCmd), (20 bytes).
    Removing stm32f30x_i2c.o(i.I2C_AcknowledgeConfig), (20 bytes).
    Removing stm32f30x_i2c.o(i.I2C_AutoEndCmd), (20 bytes).
    Removing stm32f30x_i2c.o(i.I2C_CalculatePEC), (20 bytes).
    Removing stm32f30x_i2c.o(i.I2C_ClearITPendingBit), (4 bytes).
    Removing stm32f30x_i2c.o(i.I2C_ClockTimeoutCmd), (20 bytes).
    Removing stm32f30x_i2c.o(i.I2C_DMACmd), (16 bytes).
    Removing stm32f30x_i2c.o(i.I2C_DeInit), (44 bytes).
    Removing stm32f30x_i2c.o(i.I2C_DualAddressCmd), (20 bytes).
    Removing stm32f30x_i2c.o(i.I2C_ExtendedClockTimeoutCmd), (20 bytes).
    Removing stm32f30x_i2c.o(i.I2C_GeneralCallCmd), (20 bytes).
    Removing stm32f30x_i2c.o(i.I2C_GenerateSTART), (20 bytes).
    Removing stm32f30x_i2c.o(i.I2C_GenerateSTOP), (20 bytes).
    Removing stm32f30x_i2c.o(i.I2C_GetAddressMatched), (10 bytes).
    Removing stm32f30x_i2c.o(i.I2C_GetITStatus), (46 bytes).
    Removing stm32f30x_i2c.o(i.I2C_GetPEC), (6 bytes).
    Removing stm32f30x_i2c.o(i.I2C_GetTransferDirection), (18 bytes).
    Removing stm32f30x_i2c.o(i.I2C_ITConfig), (16 bytes).
    Removing stm32f30x_i2c.o(i.I2C_IdleClockTimeoutCmd), (20 bytes).
    Removing stm32f30x_i2c.o(i.I2C_MasterRequestConfig), (20 bytes).
    Removing stm32f30x_i2c.o(i.I2C_NumberOfBytesConfig), (14 bytes).
    Removing stm32f30x_i2c.o(i.I2C_OwnAddress2Config), (30 bytes).
    Removing stm32f30x_i2c.o(i.I2C_PECRequestCmd), (20 bytes).
    Removing stm32f30x_i2c.o(i.I2C_ReadRegister), (10 bytes).
    Removing stm32f30x_i2c.o(i.I2C_ReloadCmd), (20 bytes).
    Removing stm32f30x_i2c.o(i.I2C_SMBusAlertCmd), (20 bytes).
    Removing stm32f30x_i2c.o(i.I2C_SlaveAddressConfig), (16 bytes).
    Removing stm32f30x_i2c.o(i.I2C_SlaveByteControlCmd), (20 bytes).
    Removing stm32f30x_i2c.o(i.I2C_SoftwareResetCmd), (20 bytes).
    Removing stm32f30x_i2c.o(i.I2C_StopModeCmd), (20 bytes).
    Removing stm32f30x_i2c.o(i.I2C_StretchClockCmd), (20 bytes).
    Removing stm32f30x_i2c.o(i.I2C_StructInit), (22 bytes).
    Removing stm32f30x_i2c.o(i.I2C_TimeoutAConfig), (16 bytes).
    Removing stm32f30x_i2c.o(i.I2C_TimeoutBConfig), (24 bytes).
    Removing stm32f30x_usart.o(.rev16_text), (4 bytes).
    Removing stm32f30x_usart.o(.revsh_text), (4 bytes).
    Removing stm32f30x_usart.o(i.USART_AddressDetectionConfig), (16 bytes).
    Removing stm32f30x_usart.o(i.USART_AutoBaudRateCmd), (20 bytes).
    Removing stm32f30x_usart.o(i.USART_AutoBaudRateConfig), (16 bytes).
    Removing stm32f30x_usart.o(i.USART_ClearFlag), (4 bytes).
    Removing stm32f30x_usart.o(i.USART_ClearITPendingBit), (10 bytes).
    Removing stm32f30x_usart.o(i.USART_ClockInit), (28 bytes).
    Removing stm32f30x_usart.o(i.USART_ClockStructInit), (12 bytes).
    Removing stm32f30x_usart.o(i.USART_DECmd), (20 bytes).
    Removing stm32f30x_usart.o(i.USART_DEPolarityConfig), (16 bytes).
    Removing stm32f30x_usart.o(i.USART_DMACmd), (16 bytes).
    Removing stm32f30x_usart.o(i.USART_DMAReceptionErrorConfig), (16 bytes).
    Removing stm32f30x_usart.o(i.USART_DataInvCmd), (20 bytes).
    Removing stm32f30x_usart.o(i.USART_DeInit), (116 bytes).
    Removing stm32f30x_usart.o(i.USART_DirectionModeCmd), (16 bytes).
    Removing stm32f30x_usart.o(i.USART_GetFlagStatus), (14 bytes).
    Removing stm32f30x_usart.o(i.USART_HalfDuplexCmd), (20 bytes).
    Removing stm32f30x_usart.o(i.USART_InvPinCmd), (16 bytes).
    Removing stm32f30x_usart.o(i.USART_IrDACmd), (20 bytes).
    Removing stm32f30x_usart.o(i.USART_IrDAConfig), (16 bytes).
    Removing stm32f30x_usart.o(i.USART_LINBreakDetectLengthConfig), (16 bytes).
    Removing stm32f30x_usart.o(i.USART_LINCmd), (20 bytes).
    Removing stm32f30x_usart.o(i.USART_MSBFirstCmd), (20 bytes).
    Removing stm32f30x_usart.o(i.USART_MuteModeCmd), (20 bytes).
    Removing stm32f30x_usart.o(i.USART_MuteModeWakeUpConfig), (16 bytes).
    Removing stm32f30x_usart.o(i.USART_OneBitMethodCmd), (20 bytes).
    Removing stm32f30x_usart.o(i.USART_OverSampling8Cmd), (20 bytes).
    Removing stm32f30x_usart.o(i.USART_OverrunDetectionConfig), (16 bytes).
    Removing stm32f30x_usart.o(i.USART_ReceiverTimeOutCmd), (20 bytes).
    Removing stm32f30x_usart.o(i.USART_RequestCmd), (16 bytes).
    Removing stm32f30x_usart.o(i.USART_STOPModeCmd), (20 bytes).
    Removing stm32f30x_usart.o(i.USART_SWAPPinCmd), (20 bytes).
    Removing stm32f30x_usart.o(i.USART_SendData), (8 bytes).
    Removing stm32f30x_usart.o(i.USART_SetAddress), (18 bytes).
    Removing stm32f30x_usart.o(i.USART_SetAutoRetryCount), (18 bytes).
    Removing stm32f30x_usart.o(i.USART_SetBlockLength), (18 bytes).
    Removing stm32f30x_usart.o(i.USART_SetDEAssertionTime), (18 bytes).
    Removing stm32f30x_usart.o(i.USART_SetDEDeassertionTime), (18 bytes).
    Removing stm32f30x_usart.o(i.USART_SetGuardTime), (16 bytes).
    Removing stm32f30x_usart.o(i.USART_SetPrescaler), (16 bytes).
    Removing stm32f30x_usart.o(i.USART_SetReceiverTimeOut), (16 bytes).
    Removing stm32f30x_usart.o(i.USART_SmartCardCmd), (20 bytes).
    Removing stm32f30x_usart.o(i.USART_SmartCardNACKCmd), (20 bytes).
    Removing stm32f30x_usart.o(i.USART_StopModeWakeUpSourceConfig), (16 bytes).
    Removing stm32f30x_usart.o(i.USART_StructInit), (22 bytes).
    Removing stm32f3_discovery.o(.rev16_text), (4 bytes).
    Removing stm32f3_discovery.o(.revsh_text), (4 bytes).
    Removing stm32f3_discovery.o(i.STM_EVAL_LEDToggle), (28 bytes).
    Removing stm32f3_discovery_lsm303dlhc.o(.rev16_text), (4 bytes).
    Removing stm32f3_discovery_lsm303dlhc.o(.revsh_text), (4 bytes).
    Removing stm32f3_discovery_lsm303dlhc.o(i.LSM303DLHC_AccClickITConfig), (46 bytes).
    Removing stm32f3_discovery_lsm303dlhc.o(i.LSM303DLHC_AccFilterClickCmd), (42 bytes).
    Removing stm32f3_discovery_lsm303dlhc.o(i.LSM303DLHC_AccFilterCmd), (42 bytes).
    Removing stm32f3_discovery_lsm303dlhc.o(i.LSM303DLHC_AccGetDataStatus), (20 bytes).
    Removing stm32f3_discovery_lsm303dlhc.o(i.LSM303DLHC_AccINT1InterruptConfig), (54 bytes).
    Removing stm32f3_discovery_lsm303dlhc.o(i.LSM303DLHC_AccINT2InterruptConfig), (54 bytes).
    Removing stm32f3_discovery_lsm303dlhc.o(i.LSM303DLHC_AccIT1Config), (58 bytes).
    Removing stm32f3_discovery_lsm303dlhc.o(i.LSM303DLHC_AccIT2Config), (58 bytes).
    Removing stm32f3_discovery_lsm303dlhc.o(i.LSM303DLHC_AccRebootCmd), (38 bytes).
    Removing stm32f3_discovery_lsm303dlhc.o(i.LSM303DLHC_MagGetDataStatus), (20 bytes).
    Removing stm32f3_discovery_l3gd20.o(.rev16_text), (4 bytes).
    Removing stm32f3_discovery_l3gd20.o(.revsh_text), (4 bytes).
    Removing stm32f3_discovery_l3gd20.o(i.L3GD20_GetDataStatus), (18 bytes).
    Removing stm32f3_discovery_l3gd20.o(i.L3GD20_INT1InterruptCmd), (40 bytes).
    Removing stm32f3_discovery_l3gd20.o(i.L3GD20_INT1InterruptConfig), (100 bytes).
    Removing stm32f3_discovery_l3gd20.o(i.L3GD20_INT2InterruptCmd), (40 bytes).
    Removing stm32f3_discovery_l3gd20.o(i.L3GD20_RebootCmd), (36 bytes).
    Removing startup_stm32f30x.o(HEAP), (512 bytes).
    Removing dadd.o(.text), (334 bytes).
    Removing dmul.o(.text), (228 bytes).
    Removing ddiv.o(.text), (222 bytes).
    Removing dflti.o(.text), (34 bytes).
    Removing dfixi.o(.text), (62 bytes).
    Removing f2d.o(.text), (38 bytes).
    Removing d2f.o(.text), (56 bytes).
    Removing fepilogue.o(.text), (108 bytes).
    Removing depilogue.o(.text), (190 bytes).
    Removing dsqrt.o(.text), (162 bytes).
    Removing dfixul.o(.text), (48 bytes).
    Removing cdcmple.o(.text), (40 bytes).
    Removing cdrcmple.o(.text), (40 bytes).

379 unused section(s) (total 11962 bytes) removed from the image.

==============================================================================

Image Symbol Table

    Local Symbols

    Symbol Name                              Value     Ov Type        Size  Object(Section)

    ../clib/microlib/division.c              0x00000000   Number         0  uldiv.o ABSOLUTE
    ../clib/microlib/division.c              0x00000000   Number         0  uidiv.o ABSOLUTE
    ../clib/microlib/errno.c                 0x00000000   Number         0  errno.o ABSOLUTE
    ../clib/microlib/init/entry.s            0x00000000   Number         0  entry7a.o ABSOLUTE
    ../clib/microlib/init/entry.s            0x00000000   Number         0  entry9b.o ABSOLUTE
    ../clib/microlib/init/entry.s            0x00000000   Number         0  entry2.o ABSOLUTE
    ../clib/microlib/init/entry.s            0x00000000   Number         0  entry5.o ABSOLUTE
    ../clib/microlib/init/entry.s            0x00000000   Number         0  entry8b.o ABSOLUTE
    ../clib/microlib/init/entry.s            0x00000000   Number         0  entry7b.o ABSOLUTE
    ../clib/microlib/init/entry.s            0x00000000   Number         0  entry.o ABSOLUTE
    ../clib/microlib/init/entry.s            0x00000000   Number         0  entry8a.o ABSOLUTE
    ../clib/microlib/init/entry.s            0x00000000   Number         0  entry9a.o ABSOLUTE
    ../clib/microlib/init/entry.s            0x00000000   Number         0  entry10a.o ABSOLUTE
    ../clib/microlib/init/entry.s            0x00000000   Number         0  entry10b.o ABSOLUTE
    ../clib/microlib/init/entry.s            0x00000000   Number         0  entry11a.o ABSOLUTE
    ../clib/microlib/init/entry.s            0x00000000   Number         0  entry11b.o ABSOLUTE
    ../clib/microlib/longlong.c              0x00000000   Number         0  llushr.o ABSOLUTE
    ../clib/microlib/longlong.c              0x00000000   Number         0  llshl.o ABSOLUTE
    ../clib/microlib/longlong.c              0x00000000   Number         0  llsshr.o ABSOLUTE
    ../clib/microlib/printf/printf.c         0x00000000   Number         0  printf1.o ABSOLUTE
    ../clib/microlib/printf/printf.c         0x00000000   Number         0  printf3.o ABSOLUTE
    ../clib/microlib/printf/printf.c         0x00000000   Number         0  printf2.o ABSOLUTE
    ../clib/microlib/printf/printf.c         0x00000000   Number         0  printf0.o ABSOLUTE
    ../clib/microlib/printf/printf.c         0x00000000   Number         0  printfb.o ABSOLUTE
    ../clib/microlib/printf/printf.c         0x00000000   Number         0  printf5.o ABSOLUTE
    ../clib/microlib/printf/printf.c         0x00000000   Number         0  printf4.o ABSOLUTE
    ../clib/microlib/printf/printf.c         0x00000000   Number         0  printf6.o ABSOLUTE
    ../clib/microlib/printf/printf.c         0x00000000   Number         0  printfa.o ABSOLUTE
    ../clib/microlib/printf/printf.c         0x00000000   Number         0  printf8.o ABSOLUTE
    ../clib/microlib/printf/printf.c         0x00000000   Number         0  printf7.o ABSOLUTE
    ../clib/microlib/printf/stubs.s          0x00000000   Number         0  stubs.o ABSOLUTE
    ../clib/microlib/stdio/fputc.c           0x00000000   Number         0  fputc.o ABSOLUTE
    ../clib/microlib/stdio/semi.s            0x00000000   Number         0  semi.o ABSOLUTE
    ../clib/microlib/stdio/streams.c         0x00000000   Number         0  stdout.o ABSOLUTE
    ../clib/microlib/stubs.s                 0x00000000   Number         0  iusefp.o ABSOLUTE
    ../clib/microlib/stubs.s                 0x00000000   Number         0  iusesemip.o ABSOLUTE
    ../fplib/microlib/d2f.c                  0x00000000   Number         0  d2f.o ABSOLUTE
    ../fplib/microlib/f2d.c                  0x00000000   Number         0  f2d.o ABSOLUTE
    ../fplib/microlib/fpadd.c                0x00000000   Number         0  dadd.o ABSOLUTE
    ../fplib/microlib/fpdiv.c                0x00000000   Number         0  ddiv.o ABSOLUTE
    ../fplib/microlib/fpepilogue.c           0x00000000   Number         0  fepilogue.o ABSOLUTE
    ../fplib/microlib/fpepilogue.c           0x00000000   Number         0  depilogue.o ABSOLUTE
    ../fplib/microlib/fpfix.c                0x00000000   Number         0  dfixul.o ABSOLUTE
    ../fplib/microlib/fpfix.c                0x00000000   Number         0  dfixi.o ABSOLUTE
    ../fplib/microlib/fpflt.c                0x00000000   Number         0  dflti.o ABSOLUTE
    ../fplib/microlib/fpmul.c                0x00000000   Number         0  dmul.o ABSOLUTE
    ../fplib/microlib/fpsqrt.c               0x00000000   Number         0  dsqrt.o ABSOLUTE
    ../mathlib/acos.c                        0x00000000   Number         0  acos.o ABSOLUTE
    ../mathlib/acos.c                        0x00000000   Number         0  acos_x.o ABSOLUTE
    ../mathlib/poly.c                        0x00000000   Number         0  poly.o ABSOLUTE
    ../mathlib/sqrt.c                        0x00000000   Number         0  sqrt.o ABSOLUTE
    ../mathlib/sqrt.c                        0x00000000   Number         0  sqrt_x.o ABSOLUTE
    ..\..\..\STM32F3-Discovery_FW_V1.1.0\Libraries\STM32F30x_StdPeriph_Driver\src\stm32f30x_exti.c 0x00000000   Number         0  stm32f30x_exti.o ABSOLUTE
    ..\..\..\STM32F3-Discovery_FW_V1.1.0\Libraries\STM32F30x_StdPeriph_Driver\src\stm32f30x_gpio.c 0x00000000   Number         0  stm32f30x_gpio.o ABSOLUTE
    ..\..\..\STM32F3-Discovery_FW_V1.1.0\Libraries\STM32F30x_StdPeriph_Driver\src\stm32f30x_i2c.c 0x00000000   Number         0  stm32f30x_i2c.o ABSOLUTE
    ..\..\..\STM32F3-Discovery_FW_V1.1.0\Libraries\STM32F30x_StdPeriph_Driver\src\stm32f30x_misc.c 0x00000000   Number         0  stm32f30x_misc.o ABSOLUTE
    ..\..\..\STM32F3-Discovery_FW_V1.1.0\Libraries\STM32F30x_StdPeriph_Driver\src\stm32f30x_rcc.c 0x00000000   Number         0  stm32f30x_rcc.o ABSOLUTE
    ..\..\..\STM32F3-Discovery_FW_V1.1.0\Libraries\STM32F30x_StdPeriph_Driver\src\stm32f30x_spi.c 0x00000000   Number         0  stm32f30x_spi.o ABSOLUTE
    ..\..\..\STM32F3-Discovery_FW_V1.1.0\Libraries\STM32F30x_StdPeriph_Driver\src\stm32f30x_syscfg.c 0x00000000   Number         0  stm32f30x_syscfg.o ABSOLUTE
    ..\..\..\STM32F3-Discovery_FW_V1.1.0\Libraries\STM32F30x_StdPeriph_Driver\src\stm32f30x_tim.c 0x00000000   Number         0  stm32f30x_tim.o ABSOLUTE
    ..\..\..\STM32F3-Discovery_FW_V1.1.0\Libraries\STM32F30x_StdPeriph_Driver\src\stm32f30x_usart.c 0x00000000   Number         0  stm32f30x_usart.o ABSOLUTE
    ..\..\..\STM32F3-Discovery_FW_V1.1.0\Utilities\STM32F3_Discovery\stm32f3_discovery.c 0x00000000   Number         0  stm32f3_discovery.o ABSOLUTE
    ..\..\..\STM32F3-Discovery_FW_V1.1.0\Utilities\STM32F3_Discovery\stm32f3_discovery_l3gd20.c 0x00000000   Number         0  stm32f3_discovery_l3gd20.o ABSOLUTE
    ..\..\..\STM32F3-Discovery_FW_V1.1.0\Utilities\STM32F3_Discovery\stm32f3_discovery_lsm303dlhc.c 0x00000000   Number         0  stm32f3_discovery_lsm303dlhc.o ABSOLUTE
    ..\PID.c                                 0x00000000   Number         0  pid.o ABSOLUTE
    ..\\..\\..\\STM32F3-Discovery_FW_V1.1.0\\Libraries\\STM32F30x_StdPeriph_Driver\\src\\stm32f30x_exti.c 0x00000000   Number         0  stm32f30x_exti.o ABSOLUTE
    ..\\..\\..\\STM32F3-Discovery_FW_V1.1.0\\Libraries\\STM32F30x_StdPeriph_Driver\\src\\stm32f30x_gpio.c 0x00000000   Number         0  stm32f30x_gpio.o ABSOLUTE
    ..\\..\\..\\STM32F3-Discovery_FW_V1.1.0\\Libraries\\STM32F30x_StdPeriph_Driver\\src\\stm32f30x_i2c.c 0x00000000   Number         0  stm32f30x_i2c.o ABSOLUTE
    ..\\..\\..\\STM32F3-Discovery_FW_V1.1.0\\Libraries\\STM32F30x_StdPeriph_Driver\\src\\stm32f30x_misc.c 0x00000000   Number         0  stm32f30x_misc.o ABSOLUTE
    ..\\..\\..\\STM32F3-Discovery_FW_V1.1.0\\Libraries\\STM32F30x_StdPeriph_Driver\\src\\stm32f30x_rcc.c 0x00000000   Number         0  stm32f30x_rcc.o ABSOLUTE
    ..\\..\\..\\STM32F3-Discovery_FW_V1.1.0\\Libraries\\STM32F30x_StdPeriph_Driver\\src\\stm32f30x_spi.c 0x00000000   Number         0  stm32f30x_spi.o ABSOLUTE
    ..\\..\\..\\STM32F3-Discovery_FW_V1.1.0\\Libraries\\STM32F30x_StdPeriph_Driver\\src\\stm32f30x_syscfg.c 0x00000000   Number         0  stm32f30x_syscfg.o ABSOLUTE
    ..\\..\\..\\STM32F3-Discovery_FW_V1.1.0\\Libraries\\STM32F30x_StdPeriph_Driver\\src\\stm32f30x_tim.c 0x00000000   Number         0  stm32f30x_tim.o ABSOLUTE
    ..\\..\\..\\STM32F3-Discovery_FW_V1.1.0\\Libraries\\STM32F30x_StdPeriph_Driver\\src\\stm32f30x_usart.c 0x00000000   Number         0  stm32f30x_usart.o ABSOLUTE
    ..\\..\\..\\STM32F3-Discovery_FW_V1.1.0\\Utilities\\STM32F3_Discovery\\stm32f3_discovery.c 0x00000000   Number         0  stm32f3_discovery.o ABSOLUTE
    ..\\..\\..\\STM32F3-Discovery_FW_V1.1.0\\Utilities\\STM32F3_Discovery\\stm32f3_discovery_l3gd20.c 0x00000000   Number         0  stm32f3_discovery_l3gd20.o ABSOLUTE
    ..\\..\\..\\STM32F3-Discovery_FW_V1.1.0\\Utilities\\STM32F3_Discovery\\stm32f3_discovery_lsm303dlhc.c 0x00000000   Number         0  stm32f3_discovery_lsm303dlhc.o ABSOLUTE
    ..\\PID.c                                0x00000000   Number         0  pid.o ABSOLUTE
    ..\\imu.c                                0x00000000   Number         0  imu.o ABSOLUTE
    ..\\init.c                               0x00000000   Number         0  init.o ABSOLUTE
    ..\\main.c                               0x00000000   Number         0  main.o ABSOLUTE
    ..\\motors.c                             0x00000000   Number         0  motors.o ABSOLUTE
    ..\\programs.c                           0x00000000   Number         0  programs.o ABSOLUTE
    ..\\stm32f30x_it.c                       0x00000000   Number         0  stm32f30x_it.o ABSOLUTE
    ..\\system_stm32f30x.c                   0x00000000   Number         0  system_stm32f30x.o ABSOLUTE
    ..\\time.c                               0x00000000   Number         0  time.o ABSOLUTE
    ..\\usart.c                              0x00000000   Number         0  usart.o ABSOLUTE
    ..\imu.c                                 0x00000000   Number         0  imu.o ABSOLUTE
    ..\init.c                                0x00000000   Number         0  init.o ABSOLUTE
    ..\main.c                                0x00000000   Number         0  main.o ABSOLUTE
    ..\motors.c                              0x00000000   Number         0  motors.o ABSOLUTE
    ..\programs.c                            0x00000000   Number         0  programs.o ABSOLUTE
    ..\stm32f30x_it.c                        0x00000000   Number         0  stm32f30x_it.o ABSOLUTE
    ..\system_stm32f30x.c                    0x00000000   Number         0  system_stm32f30x.o ABSOLUTE
    ..\time.c                                0x00000000   Number         0  time.o ABSOLUTE
    ..\usart.c                               0x00000000   Number         0  usart.o ABSOLUTE
    cdcmple.s                                0x00000000   Number         0  cdcmple.o ABSOLUTE
    cdrcmple.s                               0x00000000   Number         0  cdrcmple.o ABSOLUTE
    dc.s                                     0x00000000   Number         0  dc.o ABSOLUTE
    handlers.s                               0x00000000   Number         0  handlers.o ABSOLUTE
    init.s                                   0x00000000   Number         0  init.o ABSOLUTE
    startup_stm32f30x.s                      0x00000000   Number         0  startup_stm32f30x.o ABSOLUTE
    RESET                                    0x08000000   Section      392  startup_stm32f30x.o(RESET)
    .ARM.Collect$$$$00000000                 0x08000188   Section        0  entry.o(.ARM.Collect$$$$00000000)
    .ARM.Collect$$$$00000001                 0x08000188   Section        4  entry2.o(.ARM.Collect$$$$00000001)
    .ARM.Collect$$$$00000004                 0x0800018c   Section        4  entry5.o(.ARM.Collect$$$$00000004)
    .ARM.Collect$$$$00000008                 0x08000190   Section        0  entry7b.o(.ARM.Collect$$$$00000008)
    .ARM.Collect$$$$0000000A                 0x08000190   Section        0  entry8b.o(.ARM.Collect$$$$0000000A)
    .ARM.Collect$$$$0000000B                 0x08000190   Section        8  entry9a.o(.ARM.Collect$$$$0000000B)
    .ARM.Collect$$$$0000000D                 0x08000198   Section        0  entry10a.o(.ARM.Collect$$$$0000000D)
    .ARM.Collect$$$$0000000F                 0x08000198   Section        0  entry11a.o(.ARM.Collect$$$$0000000F)
    .ARM.Collect$$$$00002712                 0x08000198   Section        4  entry2.o(.ARM.Collect$$$$00002712)
    __lit__00000000                          0x08000198   Data           4  entry2.o(.ARM.Collect$$$$00002712)
    .text                                    0x0800019c   Section       36  startup_stm32f30x.o(.text)
    $v0                                      0x0800019c   Number         0  startup_stm32f30x.o(.text)
    .text                                    0x080001c0   Section       36  init.o(.text)
    i.BusFault_Handler                       0x080001e4   Section        0  stm32f30x_it.o(i.BusFault_Handler)
    i.DebugMon_Handler                       0x080001e6   Section        0  stm32f30x_it.o(i.DebugMon_Handler)
    i.Delay                                  0x080001e8   Section        0  time.o(i.Delay)
    i.ESC_Calibrate_All                      0x080001fc   Section        0  motors.o(i.ESC_Calibrate_All)
    i.ESC_SetPower                           0x08000264   Section        0  motors.o(i.ESC_SetPower)
    i.EXTI0_IRQHandler                       0x080002b8   Section        0  stm32f30x_it.o(i.EXTI0_IRQHandler)
    i.EXTI_ClearITPendingBit                 0x08000328   Section        0  stm32f30x_exti.o(i.EXTI_ClearITPendingBit)
    i.EXTI_GetITStatus                       0x08000340   Section        0  stm32f30x_exti.o(i.EXTI_GetITStatus)
    i.EXTI_Init                              0x08000370   Section        0  stm32f30x_exti.o(i.EXTI_Init)
    i.GPIO_Init                              0x08000450   Section        0  stm32f30x_gpio.o(i.GPIO_Init)
    i.GPIO_PinAFConfig                       0x080004c8   Section        0  stm32f30x_gpio.o(i.GPIO_PinAFConfig)
    i.GPIO_ReadInputDataBit                  0x080004e8   Section        0  stm32f30x_gpio.o(i.GPIO_ReadInputDataBit)
    i.GPIO_ResetBits                         0x080004f6   Section        0  stm32f30x_gpio.o(i.GPIO_ResetBits)
    i.GPIO_SetBits                           0x080004fa   Section        0  stm32f30x_gpio.o(i.GPIO_SetBits)
    i.HardFault_Handler                      0x080004fe   Section        0  stm32f30x_it.o(i.HardFault_Handler)
    i.I2C_ClearFlag                          0x08000500   Section        0  stm32f30x_i2c.o(i.I2C_ClearFlag)
    i.I2C_Cmd                                0x08000504   Section        0  stm32f30x_i2c.o(i.I2C_Cmd)
    i.I2C_GetFlagStatus                      0x08000518   Section        0  stm32f30x_i2c.o(i.I2C_GetFlagStatus)
    i.I2C_Init                               0x08000528   Section        0  stm32f30x_i2c.o(i.I2C_Init)
    i.I2C_ReceiveData                        0x08000588   Section        0  stm32f30x_i2c.o(i.I2C_ReceiveData)
    i.I2C_SendData                           0x0800058e   Section        0  stm32f30x_i2c.o(i.I2C_SendData)
    i.I2C_TransferHandling                   0x08000594   Section        0  stm32f30x_i2c.o(i.I2C_TransferHandling)
    i.L3GD20_FilterCmd                       0x080005b4   Section        0  stm32f3_discovery_l3gd20.o(i.L3GD20_FilterCmd)
    i.L3GD20_FilterConfig                    0x080005dc   Section        0  stm32f3_discovery_l3gd20.o(i.L3GD20_FilterConfig)
    i.L3GD20_Init                            0x0800060e   Section        0  stm32f3_discovery_l3gd20.o(i.L3GD20_Init)
    i.L3GD20_LowLevel_Init                   0x08000664   Section        0  stm32f3_discovery_l3gd20.o(i.L3GD20_LowLevel_Init)
    L3GD20_LowLevel_Init                     0x08000665   Thumb Code   306  stm32f3_discovery_l3gd20.o(i.L3GD20_LowLevel_Init)
    i.L3GD20_Read                            0x080007a0   Section        0  stm32f3_discovery_l3gd20.o(i.L3GD20_Read)
    i.L3GD20_SendByte                        0x080007ec   Section        0  stm32f3_discovery_l3gd20.o(i.L3GD20_SendByte)
    L3GD20_SendByte                          0x080007ed   Thumb Code    90  stm32f3_discovery_l3gd20.o(i.L3GD20_SendByte)
    i.L3GD20_TIMEOUT_UserCallback            0x08000850   Section        0  imu.o(i.L3GD20_TIMEOUT_UserCallback)
    i.L3GD20_Write                           0x08000854   Section        0  stm32f3_discovery_l3gd20.o(i.L3GD20_Write)
    i.LSM303DLHC_AccFilterConfig             0x08000898   Section        0  stm32f3_discovery_lsm303dlhc.o(i.LSM303DLHC_AccFilterConfig)
    i.LSM303DLHC_AccInit                     0x080008d4   Section        0  stm32f3_discovery_lsm303dlhc.o(i.LSM303DLHC_AccInit)
    i.LSM303DLHC_LowLevel_Init               0x08000928   Section        0  stm32f3_discovery_lsm303dlhc.o(i.LSM303DLHC_LowLevel_Init)
    LSM303DLHC_LowLevel_Init                 0x08000929   Thumb Code   254  stm32f3_discovery_lsm303dlhc.o(i.LSM303DLHC_LowLevel_Init)
    i.LSM303DLHC_MagInit                     0x08000a38   Section        0  stm32f3_discovery_lsm303dlhc.o(i.LSM303DLHC_MagInit)
    i.LSM303DLHC_Read                        0x08000a98   Section        0  stm32f3_discovery_lsm303dlhc.o(i.LSM303DLHC_Read)
    i.LSM303DLHC_TIMEOUT_UserCallback        0x08000b94   Section        0  imu.o(i.LSM303DLHC_TIMEOUT_UserCallback)
    i.LSM303DLHC_Write                       0x08000b98   Section        0  stm32f3_discovery_lsm303dlhc.o(i.LSM303DLHC_Write)
    i.MemManage_Handler                      0x08000c7c   Section        0  stm32f30x_it.o(i.MemManage_Handler)
    i.NMI_Handler                            0x08000c7e   Section        0  stm32f30x_it.o(i.NMI_Handler)
    i.NVIC_Init                              0x08000c80   Section        0  stm32f30x_misc.o(i.NVIC_Init)
    i.PendSV_Handler                         0x08000ce4   Section        0  stm32f30x_it.o(i.PendSV_Handler)
    i.RCC_AHBPeriphClockCmd                  0x08000ce8   Section        0  stm32f30x_rcc.o(i.RCC_AHBPeriphClockCmd)
    i.RCC_APB1PeriphClockCmd                 0x08000d00   Section        0  stm32f30x_rcc.o(i.RCC_APB1PeriphClockCmd)
    i.RCC_APB1PeriphResetCmd                 0x08000d18   Section        0  stm32f30x_rcc.o(i.RCC_APB1PeriphResetCmd)
    i.RCC_APB2PeriphClockCmd                 0x08000d30   Section        0  stm32f30x_rcc.o(i.RCC_APB2PeriphClockCmd)
    i.RCC_APB2PeriphResetCmd                 0x08000d48   Section        0  stm32f30x_rcc.o(i.RCC_APB2PeriphResetCmd)
    i.RCC_GetClocksFreq                      0x08000d60   Section        0  stm32f30x_rcc.o(i.RCC_GetClocksFreq)
    i.SPI_Cmd                                0x08000fb0   Section        0  stm32f30x_spi.o(i.SPI_Cmd)
    i.SPI_I2S_DeInit                         0x08000fc4   Section        0  stm32f30x_spi.o(i.SPI_I2S_DeInit)
    i.SPI_I2S_GetFlagStatus                  0x08001018   Section        0  stm32f30x_spi.o(i.SPI_I2S_GetFlagStatus)
    i.SPI_Init                               0x08001026   Section        0  stm32f30x_spi.o(i.SPI_Init)
    i.SPI_ReceiveData8                       0x080010a0   Section        0  stm32f30x_spi.o(i.SPI_ReceiveData8)
    i.SPI_RxFIFOThresholdConfig              0x080010a4   Section        0  stm32f30x_spi.o(i.SPI_RxFIFOThresholdConfig)
    i.SPI_SendData8                          0x080010b4   Section        0  stm32f30x_spi.o(i.SPI_SendData8)
    i.STM_EVAL_LEDInit                       0x080010b8   Section        0  stm32f3_discovery.o(i.STM_EVAL_LEDInit)
    i.STM_EVAL_LEDOff                        0x08001100   Section        0  stm32f3_discovery.o(i.STM_EVAL_LEDOff)
    i.STM_EVAL_LEDOn                         0x08001118   Section        0  stm32f3_discovery.o(i.STM_EVAL_LEDOn)
    i.STM_EVAL_PBGetState                    0x08001130   Section        0  stm32f3_discovery.o(i.STM_EVAL_PBGetState)
    i.STM_EVAL_PBInit                        0x08001148   Section        0  stm32f3_discovery.o(i.STM_EVAL_PBInit)
    i.SVC_Handler                            0x080011e0   Section        0  stm32f30x_it.o(i.SVC_Handler)
    i.SYSCFG_EXTILineConfig                  0x080011e4   Section        0  stm32f30x_syscfg.o(i.SYSCFG_EXTILineConfig)
    i.SetSysClock                            0x0800120c   Section        0  system_stm32f30x.o(i.SetSysClock)
    SetSysClock                              0x0800120d   Thumb Code   140  system_stm32f30x.o(i.SetSysClock)
    i.SysTick_Handler                        0x080012a0   Section        0  stm32f30x_it.o(i.SysTick_Handler)
    i.SystemInit                             0x080012a4   Section        0  system_stm32f30x.o(i.SystemInit)
    i.TIM_ARRPreloadConfig                   0x08001314   Section        0  stm32f30x_tim.o(i.TIM_ARRPreloadConfig)
    i.TIM_Cmd                                0x08001328   Section        0  stm32f30x_tim.o(i.TIM_Cmd)
    i.TIM_CtrlPWMOutputs                     0x0800133c   Section        0  stm32f30x_tim.o(i.TIM_CtrlPWMOutputs)
    i.TIM_OC1Init                            0x08001350   Section        0  stm32f30x_tim.o(i.TIM_OC1Init)
    i.TIM_OC1PreloadConfig                   0x080013d8   Section        0  stm32f30x_tim.o(i.TIM_OC1PreloadConfig)
    i.TIM_OC2Init                            0x080013e4   Section        0  stm32f30x_tim.o(i.TIM_OC2Init)
    i.TIM_OC2PreloadConfig                   0x0800145c   Section        0  stm32f30x_tim.o(i.TIM_OC2PreloadConfig)
    i.TIM_OC3Init                            0x0800146c   Section        0  stm32f30x_tim.o(i.TIM_OC3Init)
    i.TIM_OC3PreloadConfig                   0x080014d8   Section        0  stm32f30x_tim.o(i.TIM_OC3PreloadConfig)
    i.TIM_TimeBaseInit                       0x080014e4   Section        0  stm32f30x_tim.o(i.TIM_TimeBaseInit)
    i.TimingDelay_Decrement                  0x08001574   Section        0  time.o(i.TimingDelay_Decrement)
    i.USART2_IRQHandler                      0x08001588   Section        0  stm32f30x_it.o(i.USART2_IRQHandler)
    i.USART_Cmd                              0x080015dc   Section        0  stm32f30x_usart.o(i.USART_Cmd)
    i.USART_GetITStatus                      0x080015f0   Section        0  stm32f30x_usart.o(i.USART_GetITStatus)
    i.USART_ITConfig                         0x0800162a   Section        0  stm32f30x_usart.o(i.USART_ITConfig)
    i.USART_Init                             0x08001654   Section        0  stm32f30x_usart.o(i.USART_Init)
    i.USART_ReceiveData                      0x08001714   Section        0  stm32f30x_usart.o(i.USART_ReceiveData)
    i.UsageFault_Handler                     0x0800171c   Section        0  stm32f30x_it.o(i.UsageFault_Handler)
    i.__scatterload_copy                     0x0800171e   Section       14  handlers.o(i.__scatterload_copy)
    i.__scatterload_null                     0x0800172c   Section        2  handlers.o(i.__scatterload_null)
    i.__scatterload_zeroinit                 0x0800172e   Section       14  handlers.o(i.__scatterload_zeroinit)
    i.init_ALL                               0x0800173c   Section        0  init.o(i.init_ALL)
    i.init_Button                            0x08001766   Section        0  init.o(i.init_Button)
    i.init_ESC                               0x08001770   Section        0  init.o(i.init_ESC)
    i.init_ESC_GPIO                          0x080017c4   Section        0  init.o(i.init_ESC_GPIO)
    i.init_ESC_Timer                         0x0800182c   Section        0  init.o(i.init_ESC_Timer)
    i.init_SysTick                           0x080018d8   Section        0  init.o(i.init_SysTick)
    i.init_USART2                            0x0800190c   Section        0  init.o(i.init_USART2)
    i.init_acc                               0x080019ac   Section        0  init.o(i.init_acc)
    i.init_discovery_board                   0x08001a0e   Section        0  init.o(i.init_discovery_board)
    i.init_gyro                              0x08001a4c   Section        0  init.o(i.init_gyro)
    i.init_timer                             0x08001a90   Section        0  init.o(i.init_timer)
    i.main                                   0x08001ae8   Section        0  main.o(i.main)
    i.test_motors                            0x08001b0c   Section        0  programs.o(i.test_motors)
    .constdata                               0x08001b7c   Section       60  stm32f3_discovery.o(.constdata)
    .data                                    0x20000000   Section        4  main.o(.data)
    .data                                    0x20000004   Section       32  init.o(.data)
    .data                                    0x20000024   Section        4  programs.o(.data)
    .data                                    0x20000028   Section        4  time.o(.data)
    TimingDelay                              0x20000028   Data           4  time.o(.data)
    .data                                    0x2000002c   Section       12  stm32f30x_it.o(.data)
    cnt2                                     0x2000002c   Data           2  stm32f30x_it.o(.data)
    .data                                    0x20000038   Section       20  system_stm32f30x.o(.data)
    .data                                    0x2000004c   Section       42  stm32f30x_rcc.o(.data)
    APBAHBPrescTable                         0x2000004c   Data          16  stm32f30x_rcc.o(.data)
    ADCPrescTable                            0x2000005c   Data          26  stm32f30x_rcc.o(.data)
    .data                                    0x20000078   Section       36  stm32f3_discovery.o(.data)
    .data                                    0x2000009c   Section        4  stm32f3_discovery_lsm303dlhc.o(.data)
    .data                                    0x200000a0   Section        4  stm32f3_discovery_l3gd20.o(.data)
    .bss                                     0x200000a4   Section       68  init.o(.bss)
    .bss                                     0x200000e8   Section       51  stm32f30x_it.o(.bss)
    STACK                                    0x20000120   Section     1024  startup_stm32f30x.o(STACK)

    Global Symbols

    Symbol Name                              Value     Ov Type        Size  Object(Section)

    BuildAttributes$$THM_ISAv4$E$P$D$K$B$S$7EM$VFPi3$EXTD16$VFPS$VFMA$PE$A:L22UL41UL21$X:L11$S22US41US21$IEEE1$IW$USESV6$~STKCKD$USESV7$~SHL$OTIME$ROPI$IEEEJ$EBA8$MICROLIB$REQ8$PRES8$EABIv2 0x00000000   Number         0  anon$$obj.o ABSOLUTE
    __ARM_use_no_argv                        0x00000000   Number         0  main.o ABSOLUTE
    _printf_a                                0x00000000   Number         0  stubs.o ABSOLUTE
    _printf_c                                0x00000000   Number         0  stubs.o ABSOLUTE
    _printf_charcount                        0x00000000   Number         0  stubs.o ABSOLUTE
    _printf_d                                0x00000000   Number         0  stubs.o ABSOLUTE
    _printf_e                                0x00000000   Number         0  stubs.o ABSOLUTE
    _printf_f                                0x00000000   Number         0  stubs.o ABSOLUTE
    _printf_flags                            0x00000000   Number         0  stubs.o ABSOLUTE
    _printf_fp_dec                           0x00000000   Number         0  stubs.o ABSOLUTE
    _printf_fp_hex                           0x00000000   Number         0  stubs.o ABSOLUTE
    _printf_g                                0x00000000   Number         0  stubs.o ABSOLUTE
    _printf_i                                0x00000000   Number         0  stubs.o ABSOLUTE
    _printf_int_dec                          0x00000000   Number         0  stubs.o ABSOLUTE
    _printf_l                                0x00000000   Number         0  stubs.o ABSOLUTE
    _printf_lc                               0x00000000   Number         0  stubs.o ABSOLUTE
    _printf_ll                               0x00000000   Number         0  stubs.o ABSOLUTE
    _printf_lld                              0x00000000   Number         0  stubs.o ABSOLUTE
    _printf_lli                              0x00000000   Number         0  stubs.o ABSOLUTE
    _printf_llo                              0x00000000   Number         0  stubs.o ABSOLUTE
    _printf_llu                              0x00000000   Number         0  stubs.o ABSOLUTE
    _printf_llx                              0x00000000   Number         0  stubs.o ABSOLUTE
    _printf_longlong_dec                     0x00000000   Number         0  stubs.o ABSOLUTE
    _printf_longlong_hex                     0x00000000   Number         0  stubs.o ABSOLUTE
    _printf_longlong_oct                     0x00000000   Number         0  stubs.o ABSOLUTE
    _printf_ls                               0x00000000   Number         0  stubs.o ABSOLUTE
    _printf_mbtowc                           0x00000000   Number         0  stubs.o ABSOLUTE
    _printf_n                                0x00000000   Number         0  stubs.o ABSOLUTE
    _printf_o                                0x00000000   Number         0  stubs.o ABSOLUTE
    _printf_p                                0x00000000   Number         0  stubs.o ABSOLUTE
    _printf_percent                          0x00000000   Number         0  stubs.o ABSOLUTE
    _printf_pre_padding                      0x00000000   Number         0  stubs.o ABSOLUTE
    _printf_return_value                     0x00000000   Number         0  stubs.o ABSOLUTE
    _printf_s                                0x00000000   Number         0  stubs.o ABSOLUTE
    _printf_sizespec                         0x00000000   Number         0  stubs.o ABSOLUTE
    _printf_str                              0x00000000   Number         0  stubs.o ABSOLUTE
    _printf_truncate_signed                  0x00000000   Number         0  stubs.o ABSOLUTE
    _printf_truncate_unsigned                0x00000000   Number         0  stubs.o ABSOLUTE
    _printf_u                                0x00000000   Number         0  stubs.o ABSOLUTE
    _printf_wc                               0x00000000   Number         0  stubs.o ABSOLUTE
    _printf_wctomb                           0x00000000   Number         0  stubs.o ABSOLUTE
    _printf_widthprec                        0x00000000   Number         0  stubs.o ABSOLUTE
    _printf_x                                0x00000000   Number         0  stubs.o ABSOLUTE
    __cpp_initialize__aeabi_                  - Undefined Weak Reference
    __cxa_finalize                            - Undefined Weak Reference
    __decompress                              - Undefined Weak Reference
    _clock_init                               - Undefined Weak Reference
    _microlib_exit                            - Undefined Weak Reference
    __Vectors_Size                           0x00000188   Number         0  startup_stm32f30x.o ABSOLUTE
    __Vectors                                0x08000000   Data           4  startup_stm32f30x.o(RESET)
    __Vectors_End                            0x08000188   Data           0  startup_stm32f30x.o(RESET)
    __main                                   0x08000189   Thumb Code     0  entry.o(.ARM.Collect$$$$00000000)
    _main_stk                                0x08000189   Thumb Code     0  entry2.o(.ARM.Collect$$$$00000001)
    _main_scatterload                        0x0800018d   Thumb Code     0  entry5.o(.ARM.Collect$$$$00000004)
    __main_after_scatterload                 0x08000191   Thumb Code     0  entry5.o(.ARM.Collect$$$$00000004)
    _main_clock                              0x08000191   Thumb Code     0  entry7b.o(.ARM.Collect$$$$00000008)
    _main_cpp_init                           0x08000191   Thumb Code     0  entry8b.o(.ARM.Collect$$$$0000000A)
    _main_init                               0x08000191   Thumb Code     0  entry9a.o(.ARM.Collect$$$$0000000B)
    __rt_final_cpp                           0x08000199   Thumb Code     0  entry10a.o(.ARM.Collect$$$$0000000D)
    __rt_final_exit                          0x08000199   Thumb Code     0  entry11a.o(.ARM.Collect$$$$0000000F)
    Reset_Handler                            0x0800019d   Thumb Code     8  startup_stm32f30x.o(.text)
    ADC1_2_IRQHandler                        0x080001b7   Thumb Code     0  startup_stm32f30x.o(.text)
    ADC3_IRQHandler                          0x080001b7   Thumb Code     0  startup_stm32f30x.o(.text)
    ADC4_IRQHandler                          0x080001b7   Thumb Code     0  startup_stm32f30x.o(.text)
    CAN1_RX1_IRQHandler                      0x080001b7   Thumb Code     0  startup_stm32f30x.o(.text)
    CAN1_SCE_IRQHandler                      0x080001b7   Thumb Code     0  startup_stm32f30x.o(.text)
    COMP1_2_3_IRQHandler                     0x080001b7   Thumb Code     0  startup_stm32f30x.o(.text)
    COMP4_5_6_IRQHandler                     0x080001b7   Thumb Code     0  startup_stm32f30x.o(.text)
    COMP7_IRQHandler                         0x080001b7   Thumb Code     0  startup_stm32f30x.o(.text)
    DMA1_Channel1_IRQHandler                 0x080001b7   Thumb Code     0  startup_stm32f30x.o(.text)
    DMA1_Channel2_IRQHandler                 0x080001b7   Thumb Code     0  startup_stm32f30x.o(.text)
    DMA1_Channel3_IRQHandler                 0x080001b7   Thumb Code     0  startup_stm32f30x.o(.text)
    DMA1_Channel4_IRQHandler                 0x080001b7   Thumb Code     0  startup_stm32f30x.o(.text)
    DMA1_Channel5_IRQHandler                 0x080001b7   Thumb Code     0  startup_stm32f30x.o(.text)
    DMA1_Channel6_IRQHandler                 0x080001b7   Thumb Code     0  startup_stm32f30x.o(.text)
    DMA1_Channel7_IRQHandler                 0x080001b7   Thumb Code     0  startup_stm32f30x.o(.text)
    DMA2_Channel1_IRQHandler                 0x080001b7   Thumb Code     0  startup_stm32f30x.o(.text)
    DMA2_Channel2_IRQHandler                 0x080001b7   Thumb Code     0  startup_stm32f30x.o(.text)
    DMA2_Channel3_IRQHandler                 0x080001b7   Thumb Code     0  startup_stm32f30x.o(.text)
    DMA2_Channel4_IRQHandler                 0x080001b7   Thumb Code     0  startup_stm32f30x.o(.text)
    DMA2_Channel5_IRQHandler                 0x080001b7   Thumb Code     0  startup_stm32f30x.o(.text)
    EXTI15_10_IRQHandler                     0x080001b7   Thumb Code     0  startup_stm32f30x.o(.text)
    EXTI1_IRQHandler                         0x080001b7   Thumb Code     0  startup_stm32f30x.o(.text)
    EXTI2_TS_IRQHandler                      0x080001b7   Thumb Code     0  startup_stm32f30x.o(.text)
    EXTI3_IRQHandler                         0x080001b7   Thumb Code     0  startup_stm32f30x.o(.text)
    EXTI4_IRQHandler                         0x080001b7   Thumb Code     0  startup_stm32f30x.o(.text)
    EXTI9_5_IRQHandler                       0x080001b7   Thumb Code     0  startup_stm32f30x.o(.text)
    FLASH_IRQHandler                         0x080001b7   Thumb Code     0  startup_stm32f30x.o(.text)
    FPU_IRQHandler                           0x080001b7   Thumb Code     0  startup_stm32f30x.o(.text)
    I2C1_ER_IRQHandler                       0x080001b7   Thumb Code     0  startup_stm32f30x.o(.text)
    I2C1_EV_IRQHandler                       0x080001b7   Thumb Code     0  startup_stm32f30x.o(.text)
    I2C2_ER_IRQHandler                       0x080001b7   Thumb Code     0  startup_stm32f30x.o(.text)
    I2C2_EV_IRQHandler                       0x080001b7   Thumb Code     0  startup_stm32f30x.o(.text)
    PVD_IRQHandler                           0x080001b7   Thumb Code     0  startup_stm32f30x.o(.text)
    RCC_IRQHandler                           0x080001b7   Thumb Code     0  startup_stm32f30x.o(.text)
    RTC_Alarm_IRQHandler                     0x080001b7   Thumb Code     0  startup_stm32f30x.o(.text)
    RTC_WKUP_IRQHandler                      0x080001b7   Thumb Code     0  startup_stm32f30x.o(.text)
    SPI1_IRQHandler                          0x080001b7   Thumb Code     0  startup_stm32f30x.o(.text)
    SPI2_IRQHandler                          0x080001b7   Thumb Code     0  startup_stm32f30x.o(.text)
    SPI3_IRQHandler                          0x080001b7   Thumb Code     0  startup_stm32f30x.o(.text)
    TAMPER_STAMP_IRQHandler                  0x080001b7   Thumb Code     0  startup_stm32f30x.o(.text)
    TIM1_BRK_TIM15_IRQHandler                0x080001b7   Thumb Code     0  startup_stm32f30x.o(.text)
    TIM1_CC_IRQHandler                       0x080001b7   Thumb Code     0  startup_stm32f30x.o(.text)
    TIM1_TRG_COM_TIM17_IRQHandler            0x080001b7   Thumb Code     0  startup_stm32f30x.o(.text)
    TIM1_UP_TIM16_IRQHandler                 0x080001b7   Thumb Code     0  startup_stm32f30x.o(.text)
    TIM2_IRQHandler                          0x080001b7   Thumb Code     0  startup_stm32f30x.o(.text)
    TIM3_IRQHandler                          0x080001b7   Thumb Code     0  startup_stm32f30x.o(.text)
    TIM4_IRQHandler                          0x080001b7   Thumb Code     0  startup_stm32f30x.o(.text)
    TIM6_DAC_IRQHandler                      0x080001b7   Thumb Code     0  startup_stm32f30x.o(.text)
    TIM7_IRQHandler                          0x080001b7   Thumb Code     0  startup_stm32f30x.o(.text)
    TIM8_BRK_IRQHandler                      0x080001b7   Thumb Code     0  startup_stm32f30x.o(.text)
    TIM8_CC_IRQHandler                       0x080001b7   Thumb Code     0  startup_stm32f30x.o(.text)
    TIM8_TRG_COM_IRQHandler                  0x080001b7   Thumb Code     0  startup_stm32f30x.o(.text)
    TIM8_UP_IRQHandler                       0x080001b7   Thumb Code     0  startup_stm32f30x.o(.text)
    UART4_IRQHandler                         0x080001b7   Thumb Code     0  startup_stm32f30x.o(.text)
    UART5_IRQHandler                         0x080001b7   Thumb Code     0  startup_stm32f30x.o(.text)
    USART1_IRQHandler                        0x080001b7   Thumb Code     0  startup_stm32f30x.o(.text)
    USART3_IRQHandler                        0x080001b7   Thumb Code     0  startup_stm32f30x.o(.text)
    USBWakeUp_IRQHandler                     0x080001b7   Thumb Code     0  startup_stm32f30x.o(.text)
    USBWakeUp_RMP_IRQHandler                 0x080001b7   Thumb Code     0  startup_stm32f30x.o(.text)
    USB_HP_CAN1_TX_IRQHandler                0x080001b7   Thumb Code     0  startup_stm32f30x.o(.text)
    USB_HP_IRQHandler                        0x080001b7   Thumb Code     0  startup_stm32f30x.o(.text)
    USB_LP_CAN1_RX0_IRQHandler               0x080001b7   Thumb Code     0  startup_stm32f30x.o(.text)
    USB_LP_IRQHandler                        0x080001b7   Thumb Code     0  startup_stm32f30x.o(.text)
    WWDG_IRQHandler                          0x080001b7   Thumb Code     0  startup_stm32f30x.o(.text)
    __scatterload                            0x080001c1   Thumb Code    28  init.o(.text)
    __scatterload_rt2                        0x080001c1   Thumb Code     0  init.o(.text)
    BusFault_Handler                         0x080001e5   Thumb Code     2  stm32f30x_it.o(i.BusFault_Handler)
    DebugMon_Handler                         0x080001e7   Thumb Code     2  stm32f30x_it.o(i.DebugMon_Handler)
    Delay                                    0x080001e9   Thumb Code    16  time.o(i.Delay)
    ESC_Calibrate_All                        0x080001fd   Thumb Code   102  motors.o(i.ESC_Calibrate_All)
    ESC_SetPower                             0x08000265   Thumb Code    70  motors.o(i.ESC_SetPower)
    EXTI0_IRQHandler                         0x080002b9   Thumb Code    98  stm32f30x_it.o(i.EXTI0_IRQHandler)
    EXTI_ClearITPendingBit                   0x08000329   Thumb Code    18  stm32f30x_exti.o(i.EXTI_ClearITPendingBit)
    EXTI_GetITStatus                         0x08000341   Thumb Code    42  stm32f30x_exti.o(i.EXTI_GetITStatus)
    EXTI_Init                                0x08000371   Thumb Code   220  stm32f30x_exti.o(i.EXTI_Init)
    GPIO_Init                                0x08000451   Thumb Code   120  stm32f30x_gpio.o(i.GPIO_Init)
    GPIO_PinAFConfig                         0x080004c9   Thumb Code    32  stm32f30x_gpio.o(i.GPIO_PinAFConfig)
    GPIO_ReadInputDataBit                    0x080004e9   Thumb Code    14  stm32f30x_gpio.o(i.GPIO_ReadInputDataBit)
    GPIO_ResetBits                           0x080004f7   Thumb Code     4  stm32f30x_gpio.o(i.GPIO_ResetBits)
    GPIO_SetBits                             0x080004fb   Thumb Code     4  stm32f30x_gpio.o(i.GPIO_SetBits)
    HardFault_Handler                        0x080004ff   Thumb Code     2  stm32f30x_it.o(i.HardFault_Handler)
    I2C_ClearFlag                            0x08000501   Thumb Code     4  stm32f30x_i2c.o(i.I2C_ClearFlag)
    I2C_Cmd                                  0x08000505   Thumb Code    20  stm32f30x_i2c.o(i.I2C_Cmd)
    I2C_GetFlagStatus                        0x08000519   Thumb Code    14  stm32f30x_i2c.o(i.I2C_GetFlagStatus)
    I2C_Init                                 0x08000529   Thumb Code    88  stm32f30x_i2c.o(i.I2C_Init)
    I2C_ReceiveData                          0x08000589   Thumb Code     6  stm32f30x_i2c.o(i.I2C_ReceiveData)
    I2C_SendData                             0x0800058f   Thumb Code     4  stm32f30x_i2c.o(i.I2C_SendData)
    I2C_TransferHandling                     0x08000595   Thumb Code    28  stm32f30x_i2c.o(i.I2C_TransferHandling)
    L3GD20_FilterCmd                         0x080005b5   Thumb Code    40  stm32f3_discovery_l3gd20.o(i.L3GD20_FilterCmd)
    L3GD20_FilterConfig                      0x080005dd   Thumb Code    50  stm32f3_discovery_l3gd20.o(i.L3GD20_FilterConfig)
    L3GD20_Init                              0x0800060f   Thumb Code    84  stm32f3_discovery_l3gd20.o(i.L3GD20_Init)
    L3GD20_Read                              0x080007a1   Thumb Code    70  stm32f3_discovery_l3gd20.o(i.L3GD20_Read)
    L3GD20_TIMEOUT_UserCallback              0x08000851   Thumb Code     4  imu.o(i.L3GD20_TIMEOUT_UserCallback)
    L3GD20_Write                             0x08000855   Thumb Code    64  stm32f3_discovery_l3gd20.o(i.L3GD20_Write)
    LSM303DLHC_AccFilterConfig               0x08000899   Thumb Code    60  stm32f3_discovery_lsm303dlhc.o(i.LSM303DLHC_AccFilterConfig)
    LSM303DLHC_AccInit                       0x080008d5   Thumb Code    84  stm32f3_discovery_lsm303dlhc.o(i.LSM303DLHC_AccInit)
    LSM303DLHC_MagInit                       0x08000a39   Thumb Code    94  stm32f3_discovery_lsm303dlhc.o(i.LSM303DLHC_MagInit)
    LSM303DLHC_Read                          0x08000a99   Thumb Code   244  stm32f3_discovery_lsm303dlhc.o(i.LSM303DLHC_Read)
    LSM303DLHC_TIMEOUT_UserCallback          0x08000b95   Thumb Code     4  imu.o(i.LSM303DLHC_TIMEOUT_UserCallback)
    LSM303DLHC_Write                         0x08000b99   Thumb Code   220  stm32f3_discovery_lsm303dlhc.o(i.LSM303DLHC_Write)
    MemManage_Handler                        0x08000c7d   Thumb Code     2  stm32f30x_it.o(i.MemManage_Handler)
    NMI_Handler                              0x08000c7f   Thumb Code     2  stm32f30x_it.o(i.NMI_Handler)
    NVIC_Init                                0x08000c81   Thumb Code    90  stm32f30x_misc.o(i.NVIC_Init)
    PendSV_Handler                           0x08000ce5   Thumb Code     2  stm32f30x_it.o(i.PendSV_Handler)
    RCC_AHBPeriphClockCmd                    0x08000ce9   Thumb Code    18  stm32f30x_rcc.o(i.RCC_AHBPeriphClockCmd)
    RCC_APB1PeriphClockCmd                   0x08000d01   Thumb Code    18  stm32f30x_rcc.o(i.RCC_APB1PeriphClockCmd)
    RCC_APB1PeriphResetCmd                   0x08000d19   Thumb Code    18  stm32f30x_rcc.o(i.RCC_APB1PeriphResetCmd)
    RCC_APB2PeriphClockCmd                   0x08000d31   Thumb Code    18  stm32f30x_rcc.o(i.RCC_APB2PeriphClockCmd)
    RCC_APB2PeriphResetCmd                   0x08000d49   Thumb Code    18  stm32f30x_rcc.o(i.RCC_APB2PeriphResetCmd)
    RCC_GetClocksFreq                        0x08000d61   Thumb Code   576  stm32f30x_rcc.o(i.RCC_GetClocksFreq)
    SPI_Cmd                                  0x08000fb1   Thumb Code    20  stm32f30x_spi.o(i.SPI_Cmd)
    SPI_I2S_DeInit                           0x08000fc5   Thumb Code    72  stm32f30x_spi.o(i.SPI_I2S_DeInit)
    SPI_I2S_GetFlagStatus                    0x08001019   Thumb Code    14  stm32f30x_spi.o(i.SPI_I2S_GetFlagStatus)
    SPI_Init                                 0x08001027   Thumb Code   122  stm32f30x_spi.o(i.SPI_Init)
    SPI_ReceiveData8                         0x080010a1   Thumb Code     4  stm32f30x_spi.o(i.SPI_ReceiveData8)
    SPI_RxFIFOThresholdConfig                0x080010a5   Thumb Code    16  stm32f30x_spi.o(i.SPI_RxFIFOThresholdConfig)
    SPI_SendData8                            0x080010b5   Thumb Code     4  stm32f30x_spi.o(i.SPI_SendData8)
    STM_EVAL_LEDInit                         0x080010b9   Thumb Code    62  stm32f3_discovery.o(i.STM_EVAL_LEDInit)
    STM_EVAL_LEDOff                          0x08001101   Thumb Code    16  stm32f3_discovery.o(i.STM_EVAL_LEDOff)
    STM_EVAL_LEDOn                           0x08001119   Thumb Code    16  stm32f3_discovery.o(i.STM_EVAL_LEDOn)
    STM_EVAL_PBGetState                      0x08001131   Thumb Code    16  stm32f3_discovery.o(i.STM_EVAL_PBGetState)
    STM_EVAL_PBInit                          0x08001149   Thumb Code   144  stm32f3_discovery.o(i.STM_EVAL_PBInit)
    SVC_Handler                              0x080011e1   Thumb Code     2  stm32f30x_it.o(i.SVC_Handler)
    SYSCFG_EXTILineConfig                    0x080011e5   Thumb Code    34  stm32f30x_syscfg.o(i.SYSCFG_EXTILineConfig)
    SysTick_Handler                          0x080012a1   Thumb Code     4  stm32f30x_it.o(i.SysTick_Handler)
    SystemInit                               0x080012a5   Thumb Code    90  system_stm32f30x.o(i.SystemInit)
    TIM_ARRPreloadConfig                     0x08001315   Thumb Code    20  stm32f30x_tim.o(i.TIM_ARRPreloadConfig)
    TIM_Cmd                                  0x08001329   Thumb Code    20  stm32f30x_tim.o(i.TIM_Cmd)
    TIM_CtrlPWMOutputs                       0x0800133d   Thumb Code    20  stm32f30x_tim.o(i.TIM_CtrlPWMOutputs)
    TIM_OC1Init                              0x08001351   Thumb Code   110  stm32f30x_tim.o(i.TIM_OC1Init)
    TIM_OC1PreloadConfig                     0x080013d9   Thumb Code    12  stm32f30x_tim.o(i.TIM_OC1PreloadConfig)
    TIM_OC2Init                              0x080013e5   Thumb Code   106  stm32f30x_tim.o(i.TIM_OC2Init)
    TIM_OC2PreloadConfig                     0x0800145d   Thumb Code    14  stm32f30x_tim.o(i.TIM_OC2PreloadConfig)
    TIM_OC3Init                              0x0800146d   Thumb Code   100  stm32f30x_tim.o(i.TIM_OC3Init)
    TIM_OC3PreloadConfig                     0x080014d9   Thumb Code    12  stm32f30x_tim.o(i.TIM_OC3PreloadConfig)
    TIM_TimeBaseInit                         0x080014e5   Thumb Code   108  stm32f30x_tim.o(i.TIM_TimeBaseInit)
    TimingDelay_Decrement                    0x08001575   Thumb Code    16  time.o(i.TimingDelay_Decrement)
    USART2_IRQHandler                        0x08001589   Thumb Code    66  stm32f30x_it.o(i.USART2_IRQHandler)
    USART_Cmd                                0x080015dd   Thumb Code    20  stm32f30x_usart.o(i.USART_Cmd)
    USART_GetITStatus                        0x080015f1   Thumb Code    58  stm32f30x_usart.o(i.USART_GetITStatus)
    USART_ITConfig                           0x0800162b   Thumb Code    40  stm32f30x_usart.o(i.USART_ITConfig)
    USART_Init                               0x08001655   Thumb Code   176  stm32f30x_usart.o(i.USART_Init)
    USART_ReceiveData                        0x08001715   Thumb Code     8  stm32f30x_usart.o(i.USART_ReceiveData)
    UsageFault_Handler                       0x0800171d   Thumb Code     2  stm32f30x_it.o(i.UsageFault_Handler)
    __scatterload_copy                       0x0800171f   Thumb Code    14  handlers.o(i.__scatterload_copy)
    __scatterload_null                       0x0800172d   Thumb Code     2  handlers.o(i.__scatterload_null)
    __scatterload_zeroinit                   0x0800172f   Thumb Code    14  handlers.o(i.__scatterload_zeroinit)
    init_ALL                                 0x0800173d   Thumb Code    42  init.o(i.init_ALL)
    init_Button                              0x08001767   Thumb Code     8  init.o(i.init_Button)
    init_ESC                                 0x08001771   Thumb Code    72  init.o(i.init_ESC)
    init_ESC_GPIO                            0x080017c5   Thumb Code    96  init.o(i.init_ESC_GPIO)
    init_ESC_Timer                           0x0800182d   Thumb Code   156  init.o(i.init_ESC_Timer)
    init_SysTick                             0x080018d9   Thumb Code    44  init.o(i.init_SysTick)
    init_USART2                              0x0800190d   Thumb Code   144  init.o(i.init_USART2)
    init_acc                                 0x080019ad   Thumb Code    98  init.o(i.init_acc)
    init_discovery_board                     0x08001a0f   Thumb Code    62  init.o(i.init_discovery_board)
    init_gyro                                0x08001a4d   Thumb Code    66  init.o(i.init_gyro)
    init_timer                               0x08001a91   Thumb Code    68  init.o(i.init_timer)
    main                                     0x08001ae9   Thumb Code    34  main.o(i.main)
    test_motors                              0x08001b0d   Thumb Code   108  programs.o(i.test_motors)
    BUTTON_PORT_SOURCE                       0x08001b7c   Data           1  stm32f3_discovery.o(.constdata)
    BUTTON_PIN_SOURCE                        0x08001b7d   Data           1  stm32f3_discovery.o(.constdata)
    BUTTON_IRQn                              0x08001b7e   Data           1  stm32f3_discovery.o(.constdata)
    BUTTON_PIN                               0x08001b80   Data           2  stm32f3_discovery.o(.constdata)
    BUTTON_EXTI_LINE                         0x08001b82   Data           2  stm32f3_discovery.o(.constdata)
    BUTTON_CLK                               0x08001b84   Data           4  stm32f3_discovery.o(.constdata)
    GPIO_PIN                                 0x08001b88   Data          16  stm32f3_discovery.o(.constdata)
    GPIO_CLK                                 0x08001b98   Data          32  stm32f3_discovery.o(.constdata)
    Region$$Table$$Base                      0x08001bb8   Number         0  anon$$obj.o(Region$$Table)
    Region$$Table$$Limit                     0x08001bd8   Number         0  anon$$obj.o(Region$$Table)
    UserButtonPressed                        0x20000000   Data           4  main.o(.data)
    NVIC_InitStructure_USART2                0x20000004   Data           4  init.o(.data)
    ESC_min                                  0x20000008   Data           4  init.o(.data)
    ESC_koef                                 0x2000000c   Data           4  init.o(.data)
    period                                   0x20000010   Data           4  init.o(.data)
    GPIO_InitStructure_PWM                   0x20000014   Data           8  init.o(.data)
    GPIO_InitStruct_USART2                   0x2000001c   Data           8  init.o(.data)
    cnt                                      0x20000024   Data           4  programs.o(.data)
    i                                        0x20000030   Data           4  stm32f30x_it.o(.data)
    rs                                       0x20000034   Data           4  stm32f30x_it.o(.data)
    SystemCoreClock                          0x20000038   Data           4  system_stm32f30x.o(.data)
    AHBPrescTable                            0x2000003c   Data          16  system_stm32f30x.o(.data)
    BUTTON_PORT                              0x20000078   Data           4  stm32f3_discovery.o(.data)
    GPIO_PORT                                0x2000007c   Data          32  stm32f3_discovery.o(.data)
    LSM303DLHC_Timeout                       0x2000009c   Data           4  stm32f3_discovery_lsm303dlhc.o(.data)
    L3GD20Timeout                            0x200000a0   Data           4  stm32f3_discovery_l3gd20.o(.data)
    TIM_TimeBaseStructure_PWM                0x200000a4   Data          12  init.o(.bss)
    TIM_OCInitStructure_PWM                  0x200000b0   Data          20  init.o(.bss)
    TIM_TimeBaseStructure_IMU                0x200000c4   Data          12  init.o(.bss)
    USART_InitStruct_USART2                  0x200000d0   Data          24  init.o(.bss)
    received_string2                         0x200000e8   Data          51  stm32f30x_it.o(.bss)
    __initial_sp                             0x20000520   Data           0  startup_stm32f30x.o(STACK)



==============================================================================

Memory Map of the image

  Image Entry point : 0x0800019d

  Load Region LR_1 (Base: 0x08000000, Size: 0x00001c7c, Max: 0xffffffff, ABSOLUTE)

    Execution Region ER_RO (Base: 0x08000000, Size: 0x00001bd8, Max: 0xffffffff, ABSOLUTE)

    Base Addr    Size         Type   Attr      Idx    E Section Name        Object

    0x08000000   0x00000188   Data   RO         2878    RESET               startup_stm32f30x.o
    0x08000188   0x00000000   Code   RO         2909  * .ARM.Collect$$$$00000000  mc_w.l(entry.o)
    0x08000188   0x00000004   Code   RO         3189    .ARM.Collect$$$$00000001  mc_w.l(entry2.o)
    0x0800018c   0x00000004   Code   RO         3192    .ARM.Collect$$$$00000004  mc_w.l(entry5.o)
    0x08000190   0x00000000   Code   RO         3194    .ARM.Collect$$$$00000008  mc_w.l(entry7b.o)
    0x08000190   0x00000000   Code   RO         3196    .ARM.Collect$$$$0000000A  mc_w.l(entry8b.o)
    0x08000190   0x00000008   Code   RO         3197    .ARM.Collect$$$$0000000B  mc_w.l(entry9a.o)
    0x08000198   0x00000000   Code   RO         3199    .ARM.Collect$$$$0000000D  mc_w.l(entry10a.o)
    0x08000198   0x00000000   Code   RO         3201    .ARM.Collect$$$$0000000F  mc_w.l(entry11a.o)
    0x08000198   0x00000004   Code   RO         3190    .ARM.Collect$$$$00002712  mc_w.l(entry2.o)
    0x0800019c   0x00000024   Code   RO         2879  * .text               startup_stm32f30x.o
    0x080001c0   0x00000024   Code   RO         3236    .text               mc_w.l(init.o)
    0x080001e4   0x00000002   Code   RO          491    i.BusFault_Handler  stm32f30x_it.o
    0x080001e6   0x00000002   Code   RO          492    i.DebugMon_Handler  stm32f30x_it.o
    0x080001e8   0x00000014   Code   RO          387    i.Delay             time.o
    0x080001fc   0x00000066   Code   RO          308    i.ESC_Calibrate_All  motors.o
    0x08000262   0x00000002   PAD
    0x08000264   0x00000054   Code   RO          309    i.ESC_SetPower      motors.o
    0x080002b8   0x00000070   Code   RO          493    i.EXTI0_IRQHandler  stm32f30x_it.o
    0x08000328   0x00000018   Code   RO         1784    i.EXTI_ClearITPendingBit  stm32f30x_exti.o
    0x08000340   0x00000030   Code   RO         1788    i.EXTI_GetITStatus  stm32f30x_exti.o
    0x08000370   0x000000e0   Code   RO         1789    i.EXTI_Init         stm32f30x_exti.o
    0x08000450   0x00000078   Code   RO          621    i.GPIO_Init         stm32f30x_gpio.o
    0x080004c8   0x00000020   Code   RO          622    i.GPIO_PinAFConfig  stm32f30x_gpio.o
    0x080004e8   0x0000000e   Code   RO          625    i.GPIO_ReadInputDataBit  stm32f30x_gpio.o
    0x080004f6   0x00000004   Code   RO          628    i.GPIO_ResetBits    stm32f30x_gpio.o
    0x080004fa   0x00000004   Code   RO          629    i.GPIO_SetBits      stm32f30x_gpio.o
    0x080004fe   0x00000002   Code   RO          494    i.HardFault_Handler  stm32f30x_it.o
    0x08000500   0x00000004   Code   RO         2056    i.I2C_ClearFlag     stm32f30x_i2c.o
    0x08000504   0x00000014   Code   RO         2059    i.I2C_Cmd           stm32f30x_i2c.o
    0x08000518   0x0000000e   Code   RO         2068    i.I2C_GetFlagStatus  stm32f30x_i2c.o
    0x08000526   0x00000002   PAD
    0x08000528   0x00000060   Code   RO         2074    i.I2C_Init          stm32f30x_i2c.o
    0x08000588   0x00000006   Code   RO         2080    i.I2C_ReceiveData   stm32f30x_i2c.o
    0x0800058e   0x00000004   Code   RO         2083    i.I2C_SendData      stm32f30x_i2c.o
    0x08000592   0x00000002   PAD
    0x08000594   0x00000020   Code   RO         2092    i.I2C_TransferHandling  stm32f30x_i2c.o
    0x080005b4   0x00000028   Code   RO         2791    i.L3GD20_FilterCmd  stm32f3_discovery_l3gd20.o
    0x080005dc   0x00000032   Code   RO         2792    i.L3GD20_FilterConfig  stm32f3_discovery_l3gd20.o
    0x0800060e   0x00000054   Code   RO         2797    i.L3GD20_Init       stm32f3_discovery_l3gd20.o
    0x08000662   0x00000002   PAD
    0x08000664   0x0000013c   Code   RO         2798    i.L3GD20_LowLevel_Init  stm32f3_discovery_l3gd20.o
    0x080007a0   0x0000004c   Code   RO         2799    i.L3GD20_Read       stm32f3_discovery_l3gd20.o
    0x080007ec   0x00000064   Code   RO         2801    i.L3GD20_SendByte   stm32f3_discovery_l3gd20.o
    0x08000850   0x00000004   Code   RO          337    i.L3GD20_TIMEOUT_UserCallback  imu.o
    0x08000854   0x00000044   Code   RO         2802    i.L3GD20_Write      stm32f3_discovery_l3gd20.o
    0x08000898   0x0000003c   Code   RO         2682    i.LSM303DLHC_AccFilterConfig  stm32f3_discovery_lsm303dlhc.o
    0x080008d4   0x00000054   Code   RO         2688    i.LSM303DLHC_AccInit  stm32f3_discovery_lsm303dlhc.o
    0x08000928   0x00000110   Code   RO         2690    i.LSM303DLHC_LowLevel_Init  stm32f3_discovery_lsm303dlhc.o
    0x08000a38   0x0000005e   Code   RO         2692    i.LSM303DLHC_MagInit  stm32f3_discovery_lsm303dlhc.o
    0x08000a96   0x00000002   PAD
    0x08000a98   0x000000fc   Code   RO         2693    i.LSM303DLHC_Read   stm32f3_discovery_lsm303dlhc.o
    0x08000b94   0x00000004   Code   RO          338    i.LSM303DLHC_TIMEOUT_UserCallback  imu.o
    0x08000b98   0x000000e4   Code   RO         2694    i.LSM303DLHC_Write  stm32f3_discovery_lsm303dlhc.o
    0x08000c7c   0x00000002   Code   RO          495    i.MemManage_Handler  stm32f30x_it.o
    0x08000c7e   0x00000002   Code   RO          496    i.NMI_Handler       stm32f30x_it.o
    0x08000c80   0x00000064   Code   RO          712    i.NVIC_Init         stm32f30x_misc.o
    0x08000ce4   0x00000002   Code   RO          497    i.PendSV_Handler    stm32f30x_it.o
    0x08000ce6   0x00000002   PAD
    0x08000ce8   0x00000018   Code   RO          757    i.RCC_AHBPeriphClockCmd  stm32f30x_rcc.o
    0x08000d00   0x00000018   Code   RO          759    i.RCC_APB1PeriphClockCmd  stm32f30x_rcc.o
    0x08000d18   0x00000018   Code   RO          760    i.RCC_APB1PeriphResetCmd  stm32f30x_rcc.o
    0x08000d30   0x00000018   Code   RO          761    i.RCC_APB2PeriphClockCmd  stm32f30x_rcc.o
    0x08000d48   0x00000018   Code   RO          762    i.RCC_APB2PeriphResetCmd  stm32f30x_rcc.o
    0x08000d60   0x00000250   Code   RO          769    i.RCC_GetClocksFreq  stm32f30x_rcc.o
    0x08000fb0   0x00000014   Code   RO         1852    i.SPI_Cmd           stm32f30x_spi.o
    0x08000fc4   0x00000054   Code   RO         1860    i.SPI_I2S_DeInit    stm32f30x_spi.o
    0x08001018   0x0000000e   Code   RO         1861    i.SPI_I2S_GetFlagStatus  stm32f30x_spi.o
    0x08001026   0x0000007a   Code   RO         1866    i.SPI_Init          stm32f30x_spi.o
    0x080010a0   0x00000004   Code   RO         1870    i.SPI_ReceiveData8  stm32f30x_spi.o
    0x080010a4   0x00000010   Code   RO         1871    i.SPI_RxFIFOThresholdConfig  stm32f30x_spi.o
    0x080010b4   0x00000004   Code   RO         1873    i.SPI_SendData8     stm32f30x_spi.o
    0x080010b8   0x00000048   Code   RO         2625    i.STM_EVAL_LEDInit  stm32f3_discovery.o
    0x08001100   0x00000018   Code   RO         2626    i.STM_EVAL_LEDOff   stm32f3_discovery.o
    0x08001118   0x00000018   Code   RO         2627    i.STM_EVAL_LEDOn    stm32f3_discovery.o
    0x08001130   0x00000018   Code   RO         2629    i.STM_EVAL_PBGetState  stm32f3_discovery.o
    0x08001148   0x00000098   Code   RO         2630    i.STM_EVAL_PBInit   stm32f3_discovery.o
    0x080011e0   0x00000002   Code   RO          498    i.SVC_Handler       stm32f30x_it.o
    0x080011e2   0x00000002   PAD
    0x080011e4   0x00000028   Code   RO         1011    i.SYSCFG_EXTILineConfig  stm32f30x_syscfg.o
    0x0800120c   0x00000094   Code   RO          583    i.SetSysClock       system_stm32f30x.o
    0x080012a0   0x00000004   Code   RO          499    i.SysTick_Handler   stm32f30x_it.o
    0x080012a4   0x00000070   Code   RO          585    i.SystemInit        system_stm32f30x.o
    0x08001314   0x00000014   Code   RO         1106    i.TIM_ARRPreloadConfig  stm32f30x_tim.o
    0x08001328   0x00000014   Code   RO         1124    i.TIM_Cmd           stm32f30x_tim.o
    0x0800133c   0x00000014   Code   RO         1126    i.TIM_CtrlPWMOutputs  stm32f30x_tim.o
    0x08001350   0x00000088   Code   RO         1155    i.TIM_OC1Init       stm32f30x_tim.o
    0x080013d8   0x0000000c   Code   RO         1158    i.TIM_OC1PreloadConfig  stm32f30x_tim.o
    0x080013e4   0x00000078   Code   RO         1160    i.TIM_OC2Init       stm32f30x_tim.o
    0x0800145c   0x0000000e   Code   RO         1163    i.TIM_OC2PreloadConfig  stm32f30x_tim.o
    0x0800146a   0x00000002   PAD
    0x0800146c   0x0000006c   Code   RO         1165    i.TIM_OC3Init       stm32f30x_tim.o
    0x080014d8   0x0000000c   Code   RO         1168    i.TIM_OC3PreloadConfig  stm32f30x_tim.o
    0x080014e4   0x00000090   Code   RO         1211    i.TIM_TimeBaseInit  stm32f30x_tim.o
    0x08001574   0x00000014   Code   RO          389    i.TimingDelay_Decrement  time.o
    0x08001588   0x00000054   Code   RO          500    i.USART2_IRQHandler  stm32f30x_it.o
    0x080015dc   0x00000014   Code   RO         2324    i.USART_Cmd         stm32f30x_usart.o
    0x080015f0   0x0000003a   Code   RO         2333    i.USART_GetITStatus  stm32f30x_usart.o
    0x0800162a   0x00000028   Code   RO         2335    i.USART_ITConfig    stm32f30x_usart.o
    0x08001652   0x00000002   PAD
    0x08001654   0x000000c0   Code   RO         2336    i.USART_Init        stm32f30x_usart.o
    0x08001714   0x00000008   Code   RO         2348    i.USART_ReceiveData  stm32f30x_usart.o
    0x0800171c   0x00000002   Code   RO          501    i.UsageFault_Handler  stm32f30x_it.o
    0x0800171e   0x0000000e   Code   RO         3242    i.__scatterload_copy  mc_w.l(handlers.o)
    0x0800172c   0x00000002   Code   RO         3243    i.__scatterload_null  mc_w.l(handlers.o)
    0x0800172e   0x0000000e   Code   RO         3244    i.__scatterload_zeroinit  mc_w.l(handlers.o)
    0x0800173c   0x0000002a   Code   RO          189    i.init_ALL          init.o
    0x08001766   0x00000008   Code   RO          190    i.init_Button       init.o
    0x0800176e   0x00000002   PAD
    0x08001770   0x00000054   Code   RO          191    i.init_ESC          init.o
    0x080017c4   0x00000068   Code   RO          192    i.init_ESC_GPIO     init.o
    0x0800182c   0x000000ac   Code   RO          193    i.init_ESC_Timer    init.o
    0x080018d8   0x00000034   Code   RO          194    i.init_SysTick      init.o
    0x0800190c   0x000000a0   Code   RO          195    i.init_USART2       init.o
    0x080019ac   0x00000062   Code   RO          196    i.init_acc          init.o
    0x08001a0e   0x0000003e   Code   RO          197    i.init_discovery_board  init.o
    0x08001a4c   0x00000042   Code   RO          198    i.init_gyro         init.o
    0x08001a8e   0x00000002   PAD
    0x08001a90   0x00000058   Code   RO          199    i.init_timer        init.o
    0x08001ae8   0x00000022   Code   RO            3    i.main              main.o
    0x08001b0a   0x00000002   PAD
    0x08001b0c   0x00000070   Code   RO          285    i.test_motors       programs.o
    0x08001b7c   0x0000003c   Data   RO         2631    .constdata          stm32f3_discovery.o
    0x08001bb8   0x00000020   Data   RO         3240    Region$$Table       anon$$obj.o


    Execution Region ER_RW (Base: 0x20000000, Size: 0x000000a4, Max: 0xffffffff, ABSOLUTE)

    Base Addr    Size         Type   Attr      Idx    E Section Name        Object

    0x20000000   0x00000004   Data   RW            8    .data               main.o
    0x20000004   0x00000020   Data   RW          201    .data               init.o
    0x20000024   0x00000004   Data   RW          286    .data               programs.o
    0x20000028   0x00000004   Data   RW          390    .data               time.o
    0x2000002c   0x0000000c   Data   RW          504    .data               stm32f30x_it.o
    0x20000038   0x00000014   Data   RW          586    .data               system_stm32f30x.o
    0x2000004c   0x0000002a   Data   RW          795    .data               stm32f30x_rcc.o
    0x20000076   0x00000002   PAD
    0x20000078   0x00000024   Data   RW         2632    .data               stm32f3_discovery.o
    0x2000009c   0x00000004   Data   RW         2695    .data               stm32f3_discovery_lsm303dlhc.o
    0x200000a0   0x00000004   Data   RW         2803    .data               stm32f3_discovery_l3gd20.o


    Execution Region ER_ZI (Base: 0x200000a4, Size: 0x0000047c, Max: 0xffffffff, ABSOLUTE)

    Base Addr    Size         Type   Attr      Idx    E Section Name        Object

    0x200000a4   0x00000044   Zero   RW          200    .bss                init.o
    0x200000e8   0x00000033   Zero   RW          502    .bss                stm32f30x_it.o
    0x2000011b   0x00000005   PAD
    0x20000120   0x00000400   Zero   RW         2876    STACK               startup_stm32f30x.o


==============================================================================

Image component sizes


      Code (inc. data)   RO Data    RW Data    ZI Data      Debug   Object Name

         8          0          0          0          0        924   imu.o
       936         80          0         32         68      33575   init.o
        34          0          0          4          0     288531   main.o
       186         14          0          0          0       1015   motors.o
       112          4          0          4          0        708   programs.o
        36          8        392          0       1024        776   startup_stm32f30x.o
       296         16          0          0          0       2596   stm32f30x_exti.o
       174          0          0          0          0       3871   stm32f30x_gpio.o
       176         12          0          0          0       5245   stm32f30x_i2c.o
       216         32          0         12         51       5974   stm32f30x_it.o
       100         10          0          0          0       1244   stm32f30x_misc.o
       712         46          0         42          0       6532   stm32f30x_rcc.o
       264         12          0          0          0       5265   stm32f30x_spi.o
        40          6          0          0          0        704   stm32f30x_syscfg.o
       606         84          0          0          0       8651   stm32f30x_tim.o
       318         16          0          0          0       4566   stm32f30x_usart.o
       296         42         60         36          0       4436   stm32f3_discovery.o
       734         30          0          4          0       5808   stm32f3_discovery_l3gd20.o
       990         34          0          4          0       5661   stm32f3_discovery_lsm303dlhc.o
       260         30          0         20          0       1729   system_stm32f30x.o
        40          8          0          4          0       1244   time.o

    ----------------------------------------------------------------------
      6558        484        484        164       1148     389055   Object Totals
         0          0         32          0          0          0   (incl. Generated)
        24          0          0          2          5          0   (incl. Padding)

    ----------------------------------------------------------------------

      Code (inc. data)   RO Data    RW Data    ZI Data      Debug   Library Member Name

         0          0          0          0          0          0   entry.o
         0          0          0          0          0          0   entry10a.o
         0          0          0          0          0          0   entry11a.o
         8          4          0          0          0          0   entry2.o
         4          0          0          0          0          0   entry5.o
         0          0          0          0          0          0   entry7b.o
         0          0          0          0          0          0   entry8b.o
         8          4          0          0          0          0   entry9a.o
        30          0          0          0          0          0   handlers.o
        36          8          0          0          0         68   init.o

    ----------------------------------------------------------------------
        86         16          0          0          0         68   Library Totals
         0          0          0          0          0          0   (incl. Padding)

    ----------------------------------------------------------------------

      Code (inc. data)   RO Data    RW Data    ZI Data      Debug   Library Name

        86         16          0          0          0         68   mc_w.l

    ----------------------------------------------------------------------
        86         16          0          0          0         68   Library Totals

    ----------------------------------------------------------------------

==============================================================================


      Code (inc. data)   RO Data    RW Data    ZI Data      Debug   

      6644        500        484        164       1148     380523   Grand Totals
      6644        500        484        164       1148     380523   ELF Image Totals
      6644        500        484        164          0          0   ROM Totals

==============================================================================

    Total RO  Size (Code + RO Data)                 7128 (   6.96kB)
    Total RW  Size (RW Data + ZI Data)              1312 (   1.28kB)
    Total ROM Size (Code + RO Data + RW Data)       7292 (   7.12kB)

==============================================================================

