<html>
<body>
<pre>
<h1>µVision Build Log</h1>
<h2>Project:</h2>
C:\Documents and Settings\kuba\Plocha\ARM\Fiscopter\MDK-ARM\Fiscopter.uvproj
Project File Date:  09/15/2013

<h2>Output:</h2>
Build target 'Fiscopter'
compiling main.c...
..\PID.h(8): warning:  #1295-D: Deprecated declaration Compute - give arg types
..\PID.h(8): warning:  #1295-D: Deprecated declaration Compute - give arg types
..\main.c(161): warning:  #1035-D: single-precision operand implicitly converted to double-precision
..\main.c(161): warning:  #1035-D: single-precision operand implicitly converted to double-precision
..\main.c(162): warning:  #1035-D: single-precision operand implicitly converted to double-precision
..\main.c(162): warning:  #1035-D: single-precision operand implicitly converted to double-precision
..\main.c(163): warning:  #1035-D: single-precision operand implicitly converted to double-precision
..\main.c(163): warning:  #1035-D: single-precision operand implicitly converted to double-precision
linking...
Program Size: Code=13728 RO-data=568 RW-data=360 ZI-data=1224  
".\Motors.axf" - 0 Errors, 8 Warning(s).
Load "C:\\Documents and Settings\\kuba\\Plocha\\ARM\\Fiscopter\\MDK-ARM\\Motors.axf" 
Load "C:\\Documents and Settings\\kuba\\Plocha\\ARM\\Fiscopter\\MDK-ARM\\Motors.axf" 
Erase Done.
Programming Done.
Verify OK.
Build target 'Fiscopter'
compiling main.c...
..\PID.h(8): warning:  #1295-D: Deprecated declaration Compute - give arg types
..\PID.h(8): warning:  #1295-D: Deprecated declaration Compute - give arg types
..\main.c(161): warning:  #1035-D: single-precision operand implicitly converted to double-precision
..\main.c(161): warning:  #1035-D: single-precision operand implicitly converted to double-precision
..\main.c(162): warning:  #1035-D: single-precision operand implicitly converted to double-precision
..\main.c(162): warning:  #1035-D: single-precision operand implicitly converted to double-precision
..\main.c(163): warning:  #1035-D: single-precision operand implicitly converted to double-precision
..\main.c(163): warning:  #1035-D: single-precision operand implicitly converted to double-precision
linking...
Program Size: Code=13740 RO-data=564 RW-data=360 ZI-data=1224  
".\Motors.axf" - 0 Errors, 8 Warning(s).
Load "C:\\Documents and Settings\\kuba\\Plocha\\ARM\\Fiscopter\\MDK-ARM\\Motors.axf" 
Erase Done.
Programming Done.
Verify OK.
Build target 'Fiscopter'
compiling main.c...
..\PID.h(8): warning:  #1295-D: Deprecated declaration Compute - give arg types
..\PID.h(8): warning:  #1295-D: Deprecated declaration Compute - give arg types
..\main.c(162): warning:  #1035-D: single-precision operand implicitly converted to double-precision
..\main.c(162): warning:  #1035-D: single-precision operand implicitly converted to double-precision
..\main.c(163): warning:  #1035-D: single-precision operand implicitly converted to double-precision
..\main.c(163): warning:  #1035-D: single-precision operand implicitly converted to double-precision
..\main.c(164): warning:  #1035-D: single-precision operand implicitly converted to double-precision
..\main.c(164): warning:  #1035-D: single-precision operand implicitly converted to double-precision
linking...
Program Size: Code=13732 RO-data=564 RW-data=360 ZI-data=1224  
".\Motors.axf" - 0 Errors, 8 Warning(s).
Load "C:\\Documents and Settings\\kuba\\Plocha\\ARM\\Fiscopter\\MDK-ARM\\Motors.axf" 
Erase Done.
Programming Done.
Verify OK.
