<html>
<body>
<pre>
<h1>µVision Build Log</h1>
<h2>Project:</h2>
C:\Documents and Settings\Kuba\Plocha\ARM\Fiscopter\MDK-ARM\Fiscopter.uvproj
Project File Date:  11/12/2013

<h2>Output:</h2>
Rebuild target 'Fiscopter'
compiling main.c...
..\main.c(148): warning:  #1035-D: single-precision operand implicitly converted to double-precision
                        Xrot = 0.98 *(Xrot+Buffer[0]*time) + 0.02*accXangle;
..\main.c(148): warning:  #1035-D: single-precision operand implicitly converted to double-precision
                        Xrot = 0.98 *(Xrot+Buffer[0]*time) + 0.02*accXangle;
..\main.c(149): warning:  #1035-D: single-precision operand implicitly converted to double-precision
                        Yrot = 0.98 *(Yrot+Buffer[1]*time) + 0.02*accYangle;
..\main.c(149): warning:  #1035-D: single-precision operand implicitly converted to double-precision
                        Yrot = 0.98 *(Yrot+Buffer[1]*time) + 0.02*accYangle;
..\main.c(150): warning:  #1035-D: single-precision operand implicitly converted to double-precision
                        Zrot = 0.98 *(Zrot+Buffer[2]*time) + 0.02*accZangle;
..\main.c(150): warning:  #1035-D: single-precision operand implicitly converted to double-precision
                        Zrot = 0.98 *(Zrot+Buffer[2]*time) + 0.02*accZangle;
..\main.c: 6 warnings, 0 errors
compiling init.c...
compiling programs.c...
compiling motors.c...
compiling imu.c...
compiling time.c...
compiling usart.c...
compiling PID.c...
compiling stm32f30x_it.c...
compiling system_stm32f30x.c...
compiling stm32f30x_gpio.c...
compiling stm32f30x_misc.c...
compiling stm32f30x_rcc.c...
compiling stm32f30x_syscfg.c...
compiling stm32f30x_tim.c...
compiling stm32f30x_exti.c...
compiling stm32f30x_spi.c...
compiling stm32f30x_i2c.c...
compiling stm32f30x_usart.c...
compiling stm32f3_discovery.c...
compiling stm32f3_discovery_lsm303dlhc.c...
compiling stm32f3_discovery_l3gd20.c...
assembling startup_stm32f30x.s...
linking...
Program Size: Code=6644 RO-data=484 RW-data=164 ZI-data=1148  
".\Motors.axf" - 0 Error(s), 6 Warning(s).
...
linking...
Program Size: Code=6756 RO-data=484 RW-data=164 ZI-data=1148  
".\Motors.axf" - 0 Error(s), 7 Warning(s).
t image symbols.
Finished: 1 information, 0 warning and 1 error messages.
".\Motors.axf" - 1 Error(s), 7 Warning(s).
Target not created
