ARM Linker, 5.03 [Build 76] [MDK-ARM Lite]

==============================================================================

Section Cross References

    main.o(i.calib) refers to stm32f30x_rcc.o(i.RCC_AHBPeriphClockCmd) for RCC_AHBPeriphClockCmd
    main.o(i.calib) refers to stm32f30x_gpio.o(i.GPIO_Init) for GPIO_Init
    main.o(i.calib) refers to system_control.o(i.Delay) for Delay
    main.o(i.calib) refers to main.o(.data) for .data
    main.o(i.main) refers to init.o(i.init_ALL) for init_ALL
    main.o(i.main) refers to system_control.o(i.Acc_ReadAcc) for Acc_ReadAcc
    main.o(i.main) refers to f2d.o(.text) for __aeabi_f2d
    main.o(i.main) refers to sqrt.o(i.__hardfp_sqrt) for __hardfp_sqrt
    main.o(i.main) refers to d2f.o(.text) for __aeabi_d2f
    main.o(i.main) refers to acos.o(i.__hardfp_acos) for __hardfp_acos
    main.o(i.main) refers to dmul.o(.text) for __aeabi_dmul
    main.o(i.main) refers to ddiv.o(.text) for __aeabi_ddiv
    main.o(i.main) refers to system_control.o(i.Gyro_ReadAngRate) for Gyro_ReadAngRate
    main.o(i.main) refers to system_control.o(i.kalmanCalculate) for kalmanCalculate
    main.o(i.main) refers to dadd.o(.text) for __aeabi_dadd
    main.o(i.main) refers to dflti.o(.text) for __aeabi_i2d
    main.o(i.main) refers to main.o(.data) for .data
    main.o(i.main) refers to main.o(.bss) for .bss
    init.o(i.init_ALL) refers to init.o(i.init_discovery_board) for init_discovery_board
    init.o(i.init_ALL) refers to init.o(i.init_SysTick) for init_SysTick
    init.o(i.init_ALL) refers to init.o(i.init_ESC) for init_ESC
    init.o(i.init_ALL) refers to init.o(i.init_gyro) for init_gyro
    init.o(i.init_ALL) refers to init.o(i.init_acc) for init_acc
    init.o(i.init_ALL) refers to init.o(i.init_timer) for init_timer
    init.o(i.init_ALL) refers to init.o(i.init_USART2) for init_USART2
    init.o(i.init_ESC) refers to init.o(i.init_ESC_GPIO) for init_ESC_GPIO
    init.o(i.init_ESC) refers to init.o(i.init_ESC_Timer) for init_ESC_Timer
    init.o(i.init_ESC) refers to system_control.o(i.ESC_SetPower) for ESC_SetPower
    init.o(i.init_ESC) refers to init.o(.data) for .data
    init.o(i.init_ESC_GPIO) refers to stm32f30x_rcc.o(i.RCC_APB1PeriphClockCmd) for RCC_APB1PeriphClockCmd
    init.o(i.init_ESC_GPIO) refers to stm32f30x_rcc.o(i.RCC_AHBPeriphClockCmd) for RCC_AHBPeriphClockCmd
    init.o(i.init_ESC_GPIO) refers to stm32f30x_gpio.o(i.GPIO_Init) for GPIO_Init
    init.o(i.init_ESC_GPIO) refers to stm32f30x_gpio.o(i.GPIO_PinAFConfig) for GPIO_PinAFConfig
    init.o(i.init_ESC_GPIO) refers to init.o(.data) for .data
    init.o(i.init_ESC_Timer) refers to stm32f30x_tim.o(i.TIM_TimeBaseInit) for TIM_TimeBaseInit
    init.o(i.init_ESC_Timer) refers to stm32f30x_tim.o(i.TIM_OC1Init) for TIM_OC1Init
    init.o(i.init_ESC_Timer) refers to stm32f30x_tim.o(i.TIM_OC1PreloadConfig) for TIM_OC1PreloadConfig
    init.o(i.init_ESC_Timer) refers to stm32f30x_tim.o(i.TIM_OC2Init) for TIM_OC2Init
    init.o(i.init_ESC_Timer) refers to stm32f30x_tim.o(i.TIM_OC2PreloadConfig) for TIM_OC2PreloadConfig
    init.o(i.init_ESC_Timer) refers to stm32f30x_tim.o(i.TIM_OC3Init) for TIM_OC3Init
    init.o(i.init_ESC_Timer) refers to stm32f30x_tim.o(i.TIM_OC3PreloadConfig) for TIM_OC3PreloadConfig
    init.o(i.init_ESC_Timer) refers to stm32f30x_tim.o(i.TIM_ARRPreloadConfig) for TIM_ARRPreloadConfig
    init.o(i.init_ESC_Timer) refers to stm32f30x_tim.o(i.TIM_CtrlPWMOutputs) for TIM_CtrlPWMOutputs
    init.o(i.init_ESC_Timer) refers to stm32f30x_tim.o(i.TIM_Cmd) for TIM_Cmd
    init.o(i.init_ESC_Timer) refers to system_stm32f30x.o(.data) for SystemCoreClock
    init.o(i.init_ESC_Timer) refers to init.o(.bss) for .bss
    init.o(i.init_SysTick) refers to system_stm32f30x.o(.data) for SystemCoreClock
    init.o(i.init_USART2) refers to stm32f30x_rcc.o(i.RCC_APB1PeriphClockCmd) for RCC_APB1PeriphClockCmd
    init.o(i.init_USART2) refers to stm32f30x_rcc.o(i.RCC_AHBPeriphClockCmd) for RCC_AHBPeriphClockCmd
    init.o(i.init_USART2) refers to stm32f30x_gpio.o(i.GPIO_Init) for GPIO_Init
    init.o(i.init_USART2) refers to stm32f30x_gpio.o(i.GPIO_PinAFConfig) for GPIO_PinAFConfig
    init.o(i.init_USART2) refers to stm32f30x_usart.o(i.USART_Init) for USART_Init
    init.o(i.init_USART2) refers to stm32f30x_usart.o(i.USART_ITConfig) for USART_ITConfig
    init.o(i.init_USART2) refers to stm32f30x_misc.o(i.NVIC_Init) for NVIC_Init
    init.o(i.init_USART2) refers to stm32f30x_usart.o(i.USART_Cmd) for USART_Cmd
    init.o(i.init_USART2) refers to init.o(.data) for .data
    init.o(i.init_USART2) refers to init.o(.bss) for .bss
    init.o(i.init_acc) refers to stm32f3_discovery_lsm303dlhc.o(i.LSM303DLHC_MagInit) for LSM303DLHC_MagInit
    init.o(i.init_acc) refers to stm32f3_discovery_lsm303dlhc.o(i.LSM303DLHC_AccInit) for LSM303DLHC_AccInit
[...]
    Removing main.o(.data), (1 bytes).
    Removing main.o(.data), (1 bytes).
    Removing main.o(.data), (4 bytes).
    Removing main.o(.data), (4 bytes).
    Removing main.o(.data), (4 bytes).
    Removing main.o(.data), (4 bytes).
    Removing main.o(.data), (4 bytes).
    Removing main.o(.data), (4 bytes).
    Removing main.o(.data), (4 bytes).
    Removing main.o(.data), (4 bytes).
    Removing init.o(.rev16_text), (4 bytes).
    Removing init.o(.revsh_text), (4 bytes).
    Removing init.o(.data), (8 bytes).
    Removing system_stm32f30x.o(.rev16_text), (4 bytes).
    Removing system_stm32f30x.o(.revsh_text), (4 bytes).
    Removing system_stm32f30x.o(i.SystemCoreClockUpdate), (108 bytes).
    Removing stm32f30x_it.o(.rev16_text), (4 bytes).
    Removing stm32f30x_it.o(.revsh_text), (4 bytes).
    Removing stm32f30x_it.o(.bss), (51 bytes).
    Removing system_control.o(.rev16_text), (4 bytes).
    Removing system_control.o(.revsh_text), (4 bytes).
    Removing system_control.o(i.Compass_ReadMag), (316 bytes).
    Removing system_control.o(i.Delay), (20 bytes).
    Removing system_control.o(i.Delay_tick), (14 bytes).
    Removing system_control.o(i.ESC_Calibrate_All), (100 bytes).
    Removing system_control.o(.data), (4 bytes).
    Removing system_control.o(.data), (4 bytes).
    Removing usart.o(.rev16_text), (4 bytes).
    Removing usart.o(.revsh_text), (4 bytes).
    Removing usart.o(i.USART_puts), (2 bytes).
    Removing stm32f30x_gpio.o(.rev16_text), (4 bytes).
    Removing stm32f30x_gpio.o(.revsh_text), (4 bytes).
    Removing stm32f30x_gpio.o(i.GPIO_DeInit), (112 bytes).
    Removing stm32f30x_gpio.o(i.GPIO_PinLockConfig), (16 bytes).
    Removing stm32f30x_gpio.o(i.GPIO_ReadInputData), (4 bytes).
    Removing stm32f30x_gpio.o(i.GPIO_ReadInputDataBit), (14 bytes).
    Removing stm32f30x_gpio.o(i.GPIO_ReadOutputData), (4 bytes).
    Removing stm32f30x_gpio.o(i.GPIO_ReadOutputDataBit), (14 bytes).
    Removing stm32f30x_gpio.o(i.GPIO_StructInit), (20 bytes).
    Removing stm32f30x_gpio.o(i.GPIO_Write), (4 bytes).
    Removing stm32f30x_gpio.o(i.GPIO_WriteBit), (10 bytes).
    Removing stm32f30x_misc.o(.rev16_text), (4 bytes).
    Removing stm32f30x_misc.o(.revsh_text), (4 bytes).
    Removing stm32f30x_misc.o(i.NVIC_PriorityGroupConfig), (20 bytes).
    Removing stm32f30x_misc.o(i.NVIC_SetVectorTable), (20 bytes).
    Removing stm32f30x_misc.o(i.NVIC_SystemLPConfig), (24 bytes).
    Removing stm32f30x_misc.o(i.SysTick_CLKSourceConfig), (24 bytes).
    Removing stm32f30x_rcc.o(.rev16_text), (4 bytes).
    Removing stm32f30x_rcc.o(.revsh_text), (4 bytes).
    Removing stm32f30x_rcc.o(i.RCC_ADCCLKConfig), (32 bytes).
    Removing stm32f30x_rcc.o(i.RCC_AHBPeriphResetCmd), (24 bytes).
    Removing stm32f30x_rcc.o(i.RCC_AdjustHSICalibrationValue), (20 bytes).
    Removing stm32f30x_rcc.o(i.RCC_BackupResetCmd), (12 bytes).
    Removing stm32f30x_rcc.o(i.RCC_ClearFlag), (16 bytes).
    Removing stm32f30x_rcc.o(i.RCC_ClearITPendingBit), (12 bytes).
    Removing stm32f30x_rcc.o(i.RCC_ClockSecuritySystemCmd), (12 bytes).
    Removing stm32f30x_rcc.o(i.RCC_DeInit), (80 bytes).
    Removing stm32f30x_rcc.o(i.RCC_GetFlagStatus), (52 bytes).
    Removing stm32f30x_rcc.o(i.RCC_GetITStatus), (20 bytes).
    Removing stm32f30x_rcc.o(i.RCC_GetSYSCLKSource), (16 bytes).
    Removing stm32f30x_rcc.o(i.RCC_HCLKConfig), (20 bytes).
    Removing stm32f30x_rcc.o(i.RCC_HSEConfig), (16 bytes).
    Removing stm32f30x_rcc.o(i.RCC_HSICmd), (12 bytes).
    Removing stm32f30x_rcc.o(i.RCC_I2CCLKConfig), (32 bytes).
    Removing stm32f30x_rcc.o(i.RCC_I2SCLKConfig), (12 bytes).
    Removing stm32f30x_rcc.o(i.RCC_ITConfig), (24 bytes).
    Removing stm32f30x_rcc.o(i.RCC_LSEConfig), (32 bytes).
    Removing stm32f30x_rcc.o(i.RCC_LSEDriveConfig), (24 bytes).
    Removing stm32f30x_rcc.o(i.RCC_LSICmd), (12 bytes).
    Removing stm32f30x_rcc.o(i.RCC_MCOConfig), (12 bytes).
    Removing stm32f30x_rcc.o(i.RCC_PCLK1Config), (20 bytes).
    Removing stm32f30x_rcc.o(i.RCC_PCLK2Config), (20 bytes).
    Removing stm32f30x_rcc.o(i.RCC_PLLCmd), (12 bytes).
    Removing stm32f30x_rcc.o(i.RCC_PLLConfig), (24 bytes).
    Removing stm32f30x_rcc.o(i.RCC_PREDIV1Config), (20 bytes).
    Removing stm32f30x_rcc.o(i.RCC_RTCCLKCmd), (12 bytes).
    Removing stm32f30x_rcc.o(i.RCC_RTCCLKConfig), (16 bytes).
    Removing stm32f30x_rcc.o(i.RCC_SYSCLKConfig), (20 bytes).
    Removing stm32f30x_rcc.o(i.RCC_TIMCLKConfig), (32 bytes).
    Removing stm32f30x_rcc.o(i.RCC_USARTCLKConfig), (72 bytes).
    Removing stm32f30x_rcc.o(i.RCC_USBCLKConfig), (12 bytes).
    Removing stm32f30x_rcc.o(i.RCC_WaitForHSEStartUp), (44 bytes).
    Removing stm32f30x_syscfg.o(.rev16_text), (4 bytes).
    Removing stm32f30x_syscfg.o(.revsh_text), (4 bytes).
    Removing stm32f30x_syscfg.o(i.SYSCFG_BreakConfig), (16 bytes).
    Removing stm32f30x_syscfg.o(i.SYSCFG_BypassParityCheckDisable), (12 bytes).
    Removing stm32f30x_syscfg.o(i.SYSCFG_ClearFlag), (16 bytes).
    Removing stm32f30x_syscfg.o(i.SYSCFG_DMAChannelRemapConfig), (24 bytes).
    Removing stm32f30x_syscfg.o(i.SYSCFG_DeInit), (40 bytes).
    Removing stm32f30x_syscfg.o(i.SYSCFG_EncoderRemapConfig), (24 bytes).
    Removing stm32f30x_syscfg.o(i.SYSCFG_GetFlagStatus), (20 bytes).
    Removing stm32f30x_syscfg.o(i.SYSCFG_I2CFastModePlusConfig), (24 bytes).
    Removing stm32f30x_syscfg.o(i.SYSCFG_ITConfig), (24 bytes).
    Removing stm32f30x_syscfg.o(i.SYSCFG_MemoryRemapConfig), (20 bytes).
    Removing stm32f30x_syscfg.o(i.SYSCFG_SRAMWRPEnable), (16 bytes).
    Removing stm32f30x_syscfg.o(i.SYSCFG_TriggerRemapConfig), (24 bytes).
    Removing stm32f30x_syscfg.o(i.SYSCFG_USBInterruptLineRemapCmd), (12 bytes).
    Removing stm32f30x_tim.o(.rev16_text), (4 bytes).
    Removing stm32f30x_tim.o(.revsh_text), (4 bytes).
    Removing stm32f30x_tim.o(i.TI1_Config), (40 bytes).
    Removing stm32f30x_tim.o(i.TI2_Config), (54 bytes).
    Removing stm32f30x_tim.o(i.TIM_BDTRConfig), (32 bytes).
    Removing stm32f30x_tim.o(i.TIM_BDTRStructInit), (18 bytes).
    Removing stm32f30x_tim.o(i.TIM_Break1Cmd), (20 bytes).
    Removing stm32f30x_tim.o(i.TIM_Break1Config), (20 bytes).
    Removing stm32f30x_tim.o(i.TIM_Break2Cmd), (20 bytes).
    Removing stm32f30x_tim.o(i.TIM_Break2Config), (20 bytes).
    Removing stm32f30x_tim.o(i.TIM_CCPreloadControl), (22 bytes).
    Removing stm32f30x_tim.o(i.TIM_CCxCmd), (22 bytes).
    Removing stm32f30x_tim.o(i.TIM_CCxNCmd), (22 bytes).
    Removing stm32f30x_tim.o(i.TIM_ClearFlag), (8 bytes).
    Removing stm32f30x_tim.o(i.TIM_ClearITPendingBit), (8 bytes).
    Removing stm32f30x_tim.o(i.TIM_ClearOC1Ref), (12 bytes).
    Removing stm32f30x_tim.o(i.TIM_ClearOC2Ref), (14 bytes).
    Removing stm32f30x_tim.o(i.TIM_ClearOC3Ref), (12 bytes).
    Removing stm32f30x_tim.o(i.TIM_ClearOC4Ref), (14 bytes).
    Removing stm32f30x_tim.o(i.TIM_ClearOC5Ref), (12 bytes).
    Removing stm32f30x_tim.o(i.TIM_ClearOC6Ref), (14 bytes).
    Removing stm32f30x_tim.o(i.TIM_CounterModeConfig), (12 bytes).
    Removing stm32f30x_tim.o(i.TIM_DMACmd), (20 bytes).
    Removing stm32f30x_tim.o(i.TIM_DMAConfig), (8 bytes).
    Removing stm32f30x_tim.o(i.TIM_DeInit), (224 bytes).
    Removing stm32f30x_tim.o(i.TIM_ETRClockMode1Config), (20 bytes).
    Removing stm32f30x_tim.o(i.TIM_ETRClockMode2Config), (18 bytes).
    Removing stm32f30x_tim.o(i.TIM_ETRConfig), (24 bytes).
    Removing stm32f30x_tim.o(i.TIM_EncoderInterfaceConfig), (56 bytes).
    Removing stm32f30x_tim.o(i.TIM_ForcedOC1Config), (16 bytes).
    Removing stm32f30x_tim.o(i.TIM_ForcedOC2Config), (20 bytes).
    Removing stm32f30x_tim.o(i.TIM_ForcedOC3Config), (12 bytes).
    Removing stm32f30x_tim.o(i.TIM_ForcedOC4Config), (14 bytes).
    Removing stm32f30x_tim.o(i.TIM_ForcedOC5Config), (12 bytes).
    Removing stm32f30x_tim.o(i.TIM_ForcedOC6Config), (14 bytes).
    Removing stm32f30x_tim.o(i.TIM_GenerateEvent), (4 bytes).
    Removing stm32f30x_tim.o(i.TIM_GetCapture1), (4 bytes).
    Removing stm32f30x_tim.o(i.TIM_GetCapture2), (4 bytes).
    Removing stm32f30x_tim.o(i.TIM_GetCapture3), (4 bytes).
    Removing stm32f30x_tim.o(i.TIM_GetCapture4), (4 bytes).
    Removing stm32f30x_tim.o(i.TIM_GetCounter), (4 bytes).
    Removing stm32f30x_tim.o(i.TIM_GetFlagStatus), (14 bytes).
    Removing stm32f30x_tim.o(i.TIM_GetITStatus), (24 bytes).
    Removing stm32f30x_tim.o(i.TIM_GetPrescaler), (4 bytes).
    Removing stm32f30x_tim.o(i.TIM_ICInit), (184 bytes).
    Removing stm32f30x_tim.o(i.TIM_ICStructInit), (16 bytes).
    Removing stm32f30x_tim.o(i.TIM_ITConfig), (20 bytes).
    Removing stm32f30x_tim.o(i.TIM_ITRxExternalClockConfig), (18 bytes).
    Removing stm32f30x_tim.o(i.TIM_InternalClockConfig), (12 bytes).
    Removing stm32f30x_tim.o(i.TIM_OC1FastConfig), (12 bytes).
    Removing stm32f30x_tim.o(i.TIM_OC1NPolarityConfig), (12 bytes).
    Removing stm32f30x_tim.o(i.TIM_OC1PolarityConfig), (12 bytes).
    Removing stm32f30x_tim.o(i.TIM_OC2FastConfig), (14 bytes).
    Removing stm32f30x_tim.o(i.TIM_OC2NPolarityConfig), (14 bytes).
    Removing stm32f30x_tim.o(i.TIM_OC2PolarityConfig), (14 bytes).
    Removing stm32f30x_tim.o(i.TIM_OC3FastConfig), (12 bytes).
    Removing stm32f30x_tim.o(i.TIM_OC3NPolarityConfig), (14 bytes).
    Removing stm32f30x_tim.o(i.TIM_OC3PolarityConfig), (14 bytes).
    Removing stm32f30x_tim.o(i.TIM_OC4FastConfig), (14 bytes).
    Removing stm32f30x_tim.o(i.TIM_OC4Init), (84 bytes).
    Removing stm32f30x_tim.o(i.TIM_OC4PolarityConfig), (14 bytes).
    Removing stm32f30x_tim.o(i.TIM_OC4PreloadConfig), (14 bytes).
    Removing stm32f30x_tim.o(i.TIM_OC5Init), (84 bytes).
    Removing stm32f30x_tim.o(i.TIM_OC5PolarityConfig), (14 bytes).
    Removing stm32f30x_tim.o(i.TIM_OC5PreloadConfig), (12 bytes).
    Removing stm32f30x_tim.o(i.TIM_OC6Init), (80 bytes).
    Removing stm32f30x_tim.o(i.TIM_OC6PolarityConfig), (14 bytes).
    Removing stm32f30x_tim.o(i.TIM_OC6PreloadConfig), (14 bytes).
    Removing stm32f30x_tim.o(i.TIM_OCStructInit), (20 bytes).
    Removing stm32f30x_tim.o(i.TIM_PWMIConfig), (108 bytes).
    Removing stm32f30x_tim.o(i.TIM_PrescalerConfig), (6 bytes).
    Removing stm32f30x_tim.o(i.TIM_RemapConfig), (6 bytes).
    Removing stm32f30x_tim.o(i.TIM_SelectCCDMA), (22 bytes).
    Removing stm32f30x_tim.o(i.TIM_SelectCOM), (22 bytes).
    Removing stm32f30x_tim.o(i.TIM_SelectGC5C1), (20 bytes).
    Removing stm32f30x_tim.o(i.TIM_SelectGC5C2), (20 bytes).
    Removing stm32f30x_tim.o(i.TIM_SelectGC5C3), (20 bytes).
    Removing stm32f30x_tim.o(i.TIM_SelectHallSensor), (22 bytes).
    Removing stm32f30x_tim.o(i.TIM_SelectInputTrigger), (14 bytes).
    Removing stm32f30x_tim.o(i.TIM_SelectMasterSlaveMode), (18 bytes).
    Removing stm32f30x_tim.o(i.TIM_SelectOCREFClear), (18 bytes).
    Removing stm32f30x_tim.o(i.TIM_SelectOCxM), (80 bytes).
    Removing stm32f30x_tim.o(i.TIM_SelectOnePulseMode), (16 bytes).
    Removing stm32f30x_tim.o(i.TIM_SelectOutputTrigger), (18 bytes).
    Removing stm32f30x_tim.o(i.TIM_SelectOutputTrigger2), (16 bytes).
    Removing stm32f30x_tim.o(i.TIM_SelectSlaveMode), (20 bytes).
    Removing stm32f30x_tim.o(i.TIM_SetAutoreload), (4 bytes).
    Removing stm32f30x_tim.o(i.TIM_SetClockDivision), (16 bytes).
    Removing stm32f30x_tim.o(i.TIM_SetCompare1), (4 bytes).
    Removing stm32f30x_tim.o(i.TIM_SetCompare2), (4 bytes).
    Removing stm32f30x_tim.o(i.TIM_SetCompare3), (4 bytes).
    Removing stm32f30x_tim.o(i.TIM_SetCompare4), (4 bytes).
    Removing stm32f30x_tim.o(i.TIM_SetCompare5), (4 bytes).
    Removing stm32f30x_tim.o(i.TIM_SetCompare6), (4 bytes).
    Removing stm32f30x_tim.o(i.TIM_SetCounter), (4 bytes).
    Removing stm32f30x_tim.o(i.TIM_SetIC1Prescaler), (16 bytes).
    Removing stm32f30x_tim.o(i.TIM_SetIC2Prescaler), (18 bytes).
    Removing stm32f30x_tim.o(i.TIM_SetIC3Prescaler), (18 bytes).
    Removing stm32f30x_tim.o(i.TIM_SetIC4Prescaler), (26 bytes).
    Removing stm32f30x_tim.o(i.TIM_TIxExternalClockConfig), (46 bytes).
    Removing stm32f30x_tim.o(i.TIM_TimeBaseStructInit), (18 bytes).
    Removing stm32f30x_tim.o(i.TIM_UIFRemap), (20 bytes).
    Removing stm32f30x_tim.o(i.TIM_UpdateDisableConfig), (20 bytes).
    Removing stm32f30x_tim.o(i.TIM_UpdateRequestConfig), (20 bytes).
    Removing stm32f30x_exti.o(.rev16_text), (4 bytes).
    Removing stm32f30x_exti.o(.revsh_text), (4 bytes).
    Removing stm32f30x_exti.o(i.EXTI_ClearFlag), (24 bytes).
    Removing stm32f30x_exti.o(i.EXTI_ClearITPendingBit), (24 bytes).
    Removing stm32f30x_exti.o(i.EXTI_DeInit), (72 bytes).
    Removing stm32f30x_exti.o(i.EXTI_GenerateSWInterrupt), (28 bytes).
    Removing stm32f30x_exti.o(i.EXTI_GetFlagStatus), (32 bytes).
    Removing stm32f30x_exti.o(i.EXTI_GetITStatus), (48 bytes).
    Removing stm32f30x_exti.o(i.EXTI_StructInit), (14 bytes).
    Removing stm32f30x_spi.o(.rev16_text), (4 bytes).
    Removing stm32f30x_spi.o(.revsh_text), (4 bytes).
    Removing stm32f30x_spi.o(i.I2S_Cmd), (20 bytes).
    Removing stm32f30x_spi.o(i.I2S_FullDuplexConfig), (58 bytes).
    Removing stm32f30x_spi.o(i.I2S_Init), (152 bytes).
    Removing stm32f30x_spi.o(i.I2S_StructInit), (18 bytes).
    Removing stm32f30x_spi.o(i.SPI_BiDirectionalLineConfig), (22 bytes).
    Removing stm32f30x_spi.o(i.SPI_CRCLengthConfig), (16 bytes).
    Removing stm32f30x_spi.o(i.SPI_CalculateCRC), (20 bytes).
    Removing stm32f30x_spi.o(i.SPI_DataSizeConfig), (12 bytes).
    Removing stm32f30x_spi.o(i.SPI_GetCRC), (12 bytes).
    Removing stm32f30x_spi.o(i.SPI_GetCRCPolynomial), (4 bytes).
    Removing stm32f30x_spi.o(i.SPI_GetReceptionFIFOStatus), (8 bytes).
    Removing stm32f30x_spi.o(i.SPI_GetTransmissionFIFOStatus), (8 bytes).
    Removing stm32f30x_spi.o(i.SPI_I2S_ClearFlag), (6 bytes).
    Removing stm32f30x_spi.o(i.SPI_I2S_DMACmd), (16 bytes).
    Removing stm32f30x_spi.o(i.SPI_I2S_GetITStatus), (42 bytes).
    Removing stm32f30x_spi.o(i.SPI_I2S_ITConfig), (24 bytes).
    Removing stm32f30x_spi.o(i.SPI_I2S_ReceiveData16), (4 bytes).
    Removing stm32f30x_spi.o(i.SPI_I2S_SendData16), (4 bytes).
    Removing stm32f30x_spi.o(i.SPI_LastDMATransferCmd), (16 bytes).
    Removing stm32f30x_spi.o(i.SPI_NSSInternalSoftwareConfig), (24 bytes).
    Removing stm32f30x_spi.o(i.SPI_NSSPulseModeCmd), (20 bytes).
    Removing stm32f30x_spi.o(i.SPI_SSOutputCmd), (20 bytes).
    Removing stm32f30x_spi.o(i.SPI_StructInit), (28 bytes).
    Removing stm32f30x_spi.o(i.SPI_TIModeCmd), (20 bytes).
    Removing stm32f30x_spi.o(i.SPI_TransmitCRC), (10 bytes).
    Removing stm32f30x_i2c.o(.rev16_text), (4 bytes).
    Removing stm32f30x_i2c.o(.revsh_text), (4 bytes).
    Removing stm32f30x_i2c.o(i.I2C_10BitAddressHeaderCmd), (20 bytes).
    Removing stm32f30x_i2c.o(i.I2C_10BitAddressingModeCmd), (20 bytes).
    Removing stm32f30x_i2c.o(i.I2C_AcknowledgeConfig), (20 bytes).
    Removing stm32f30x_i2c.o(i.I2C_AutoEndCmd), (20 bytes).
    Removing stm32f30x_i2c.o(i.I2C_CalculatePEC), (20 bytes).
    Removing stm32f30x_i2c.o(i.I2C_ClearITPendingBit), (4 bytes).
    Removing stm32f30x_i2c.o(i.I2C_ClockTimeoutCmd), (20 bytes).
    Removing stm32f30x_i2c.o(i.I2C_DMACmd), (16 bytes).
    Removing stm32f30x_i2c.o(i.I2C_DeInit), (44 bytes).
    Removing stm32f30x_i2c.o(i.I2C_DualAddressCmd), (20 bytes).
    Removing stm32f30x_i2c.o(i.I2C_ExtendedClockTimeoutCmd), (20 bytes).
    Removing stm32f30x_i2c.o(i.I2C_GeneralCallCmd), (20 bytes).
    Removing stm32f30x_i2c.o(i.I2C_GenerateSTART), (20 bytes).
    Removing stm32f30x_i2c.o(i.I2C_GenerateSTOP), (20 bytes).
    Removing stm32f30x_i2c.o(i.I2C_GetAddressMatched), (10 bytes).
    Removing stm32f30x_i2c.o(i.I2C_GetITStatus), (46 bytes).
    Removing stm32f30x_i2c.o(i.I2C_GetPEC), (6 bytes).
    Removing stm32f30x_i2c.o(i.I2C_GetTransferDirection), (18 bytes).
    Removing stm32f30x_i2c.o(i.I2C_ITConfig), (16 bytes).
    Removing stm32f30x_i2c.o(i.I2C_IdleClockTimeoutCmd), (20 bytes).
    Removing stm32f30x_i2c.o(i.I2C_MasterRequestConfig), (20 bytes).
    Removing stm32f30x_i2c.o(i.I2C_NumberOfBytesConfig), (14 bytes).
    Removing stm32f30x_i2c.o(i.I2C_OwnAddress2Config), (30 bytes).
    Removing stm32f30x_i2c.o(i.I2C_PECRequestCmd), (20 bytes).
    Removing stm32f30x_i2c.o(i.I2C_ReadRegister), (10 bytes).
    Removing stm32f30x_i2c.o(i.I2C_ReloadCmd), (20 bytes).
    Removing stm32f30x_i2c.o(i.I2C_SMBusAlertCmd), (20 bytes).
    Removing stm32f30x_i2c.o(i.I2C_SlaveAddressConfig), (16 bytes).
    Removing stm32f30x_i2c.o(i.I2C_SlaveByteControlCmd), (20 bytes).
    Removing stm32f30x_i2c.o(i.I2C_SoftwareResetCmd), (20 bytes).
    Removing stm32f30x_i2c.o(i.I2C_StopModeCmd), (20 bytes).
    Removing stm32f30x_i2c.o(i.I2C_StretchClockCmd), (20 bytes).
    Removing stm32f30x_i2c.o(i.I2C_StructInit), (22 bytes).
    Removing stm32f30x_i2c.o(i.I2C_TimeoutAConfig), (16 bytes).
    Removing stm32f30x_i2c.o(i.I2C_TimeoutBConfig), (24 bytes).
    Removing stm32f30x_usart.o(.rev16_text), (4 bytes).
    Removing stm32f30x_usart.o(.revsh_text), (4 bytes).
    Removing stm32f30x_usart.o(i.USART_AddressDetectionConfig), (16 bytes).
    Removing stm32f30x_usart.o(i.USART_AutoBaudRateCmd), (20 bytes).
    Removing stm32f30x_usart.o(i.USART_AutoBaudRateConfig), (16 bytes).
    Removing stm32f30x_usart.o(i.USART_ClearFlag), (4 bytes).
    Removing stm32f30x_usart.o(i.USART_ClearITPendingBit), (10 bytes).
    Removing stm32f30x_usart.o(i.USART_ClockInit), (28 bytes).
    Removing stm32f30x_usart.o(i.USART_ClockStructInit), (12 bytes).
    Removing stm32f30x_usart.o(i.USART_DECmd), (20 bytes).
    Removing stm32f30x_usart.o(i.USART_DEPolarityConfig), (16 bytes).
    Removing stm32f30x_usart.o(i.USART_DMACmd), (16 bytes).
    Removing stm32f30x_usart.o(i.USART_DMAReceptionErrorConfig), (16 bytes).
    Removing stm32f30x_usart.o(i.USART_DataInvCmd), (20 bytes).
    Removing stm32f30x_usart.o(i.USART_DeInit), (116 bytes).
    Removing stm32f30x_usart.o(i.USART_DirectionModeCmd), (16 bytes).
    Removing stm32f30x_usart.o(i.USART_GetFlagStatus), (14 bytes).
    Removing stm32f30x_usart.o(i.USART_HalfDuplexCmd), (20 bytes).
    Removing stm32f30x_usart.o(i.USART_InvPinCmd), (16 bytes).
    Removing stm32f30x_usart.o(i.USART_IrDACmd), (20 bytes).
    Removing stm32f30x_usart.o(i.USART_IrDAConfig), (16 bytes).
    Removing stm32f30x_usart.o(i.USART_LINBreakDetectLengthConfig), (16 bytes).
    Removing stm32f30x_usart.o(i.USART_LINCmd), (20 bytes).
    Removing stm32f30x_usart.o(i.USART_MSBFirstCmd), (20 bytes).
    Removing stm32f30x_usart.o(i.USART_MuteModeCmd), (20 bytes).
    Removing stm32f30x_usart.o(i.USART_MuteModeWakeUpConfig), (16 bytes).
    Removing stm32f30x_usart.o(i.USART_OneBitMethodCmd), (20 bytes).
    Removing stm32f30x_usart.o(i.USART_OverSampling8Cmd), (20 bytes).
    Removing stm32f30x_usart.o(i.USART_OverrunDetectionConfig), (16 bytes).
    Removing stm32f30x_usart.o(i.USART_ReceiverTimeOutCmd), (20 bytes).
    Removing stm32f30x_usart.o(i.USART_RequestCmd), (16 bytes).
    Removing stm32f30x_usart.o(i.USART_STOPModeCmd), (20 bytes).
    Removing stm32f30x_usart.o(i.USART_SWAPPinCmd), (20 bytes).
    Removing stm32f30x_usart.o(i.USART_SendData), (8 bytes).
    Removing stm32f30x_usart.o(i.USART_SetAddress), (18 bytes).
    Removing stm32f30x_usart.o(i.USART_SetAutoRetryCount), (18 bytes).
    Removing stm32f30x_usart.o(i.USART_SetBlockLength), (18 bytes).
    Removing stm32f30x_usart.o(i.USART_SetDEAssertionTime), (18 bytes).
    Removing stm32f30x_usart.o(i.USART_SetDEDeassertionTime), (18 bytes).
    Removing stm32f30x_usart.o(i.USART_SetGuardTime), (16 bytes).
    Removing stm32f30x_usart.o(i.USART_SetPrescaler), (16 bytes).
    Removing stm32f30x_usart.o(i.USART_SetReceiverTimeOut), (16 bytes).
    Removing stm32f30x_usart.o(i.USART_SmartCardCmd), (20 bytes).
    Removing stm32f30x_usart.o(i.USART_SmartCardNACKCmd), (20 bytes).
    Removing stm32f30x_usart.o(i.USART_StopModeWakeUpSourceConfig), (16 bytes).
    Removing stm32f30x_usart.o(i.USART_StructInit), (22 bytes).
    Removing stm32f3_discovery.o(.rev16_text), (4 bytes).
    Removing stm32f3_discovery.o(.revsh_text), (4 bytes).
    Removing stm32f3_discovery.o(i.STM_EVAL_LEDOff), (24 bytes).
    Removing stm32f3_discovery.o(i.STM_EVAL_LEDToggle), (28 bytes).
    Removing stm32f3_discovery.o(i.STM_EVAL_PBGetState), (24 bytes).
    Removing stm32f3_discovery_lsm303dlhc.o(.rev16_text), (4 bytes).
    Removing stm32f3_discovery_lsm303dlhc.o(.revsh_text), (4 bytes).
    Removing stm32f3_discovery_lsm303dlhc.o(i.LSM303DLHC_AccClickITConfig), (46 bytes).
    Removing stm32f3_discovery_lsm303dlhc.o(i.LSM303DLHC_AccFilterClickCmd), (42 bytes).
    Removing stm32f3_discovery_lsm303dlhc.o(i.LSM303DLHC_AccFilterCmd), (42 bytes).
    Removing stm32f3_discovery_lsm303dlhc.o(i.LSM303DLHC_AccGetDataStatus), (20 bytes).
    Removing stm32f3_discovery_lsm303dlhc.o(i.LSM303DLHC_AccINT1InterruptConfig), (54 bytes).
    Removing stm32f3_discovery_lsm303dlhc.o(i.LSM303DLHC_AccINT2InterruptConfig), (54 bytes).
    Removing stm32f3_discovery_lsm303dlhc.o(i.LSM303DLHC_AccIT1Config), (58 bytes).
    Removing stm32f3_discovery_lsm303dlhc.o(i.LSM303DLHC_AccIT2Config), (58 bytes).
    Removing stm32f3_discovery_lsm303dlhc.o(i.LSM303DLHC_AccRebootCmd), (38 bytes).
    Removing stm32f3_discovery_lsm303dlhc.o(i.LSM303DLHC_MagGetDataStatus), (20 bytes).
    Removing stm32f3_discovery_l3gd20.o(.rev16_text), (4 bytes).
    Removing stm32f3_discovery_l3gd20.o(.revsh_text), (4 bytes).
    Removing stm32f3_discovery_l3gd20.o(i.L3GD20_GetDataStatus), (18 bytes).
    Removing stm32f3_discovery_l3gd20.o(i.L3GD20_INT1InterruptCmd), (40 bytes).
    Removing stm32f3_discovery_l3gd20.o(i.L3GD20_INT1InterruptConfig), (100 bytes).
    Removing stm32f3_discovery_l3gd20.o(i.L3GD20_INT2InterruptCmd), (40 bytes).
    Removing stm32f3_discovery_l3gd20.o(i.L3GD20_RebootCmd), (36 bytes).
    Removing startup_stm32f30x.o(HEAP), (512 bytes).
    Removing cdcmple.o(.text), (40 bytes).

360 unused section(s) (total 8314 bytes) removed from the image.

==============================================================================

Image Symbol Table

    Local Symbols

    Symbol Name                              Value     Ov Type        Size  Object(Section)

    ../clib/microlib/errno.c                 0x00000000   Number         0  errno.o ABSOLUTE
    ../clib/microlib/init/entry.s            0x00000000   Number         0  entry10a.o ABSOLUTE
    ../clib/microlib/init/entry.s            0x00000000   Number         0  entry9b.o ABSOLUTE
    ../clib/microlib/init/entry.s            0x00000000   Number         0  entry8a.o ABSOLUTE
    ../clib/microlib/init/entry.s            0x00000000   Number         0  entry2.o ABSOLUTE
    ../clib/microlib/init/entry.s            0x00000000   Number         0  entry5.o ABSOLUTE
    ../clib/microlib/init/entry.s            0x00000000   Number         0  entry9a.o ABSOLUTE
    ../clib/microlib/init/entry.s            0x00000000   Number         0  entry11b.o ABSOLUTE
    ../clib/microlib/init/entry.s            0x00000000   Number         0  entry.o ABSOLUTE
    ../clib/microlib/init/entry.s            0x00000000   Number         0  entry7a.o ABSOLUTE
    ../clib/microlib/init/entry.s            0x00000000   Number         0  entry7b.o ABSOLUTE
    ../clib/microlib/init/entry.s            0x00000000   Number         0  entry11a.o ABSOLUTE
    ../clib/microlib/init/entry.s            0x00000000   Number         0  entry10b.o ABSOLUTE
    ../clib/microlib/init/entry.s            0x00000000   Number         0  entry8b.o ABSOLUTE
    ../clib/microlib/longlong.c              0x00000000   Number         0  llushr.o ABSOLUTE
    ../clib/microlib/longlong.c              0x00000000   Number         0  llsshr.o ABSOLUTE
    ../clib/microlib/longlong.c              0x00000000   Number         0  llshl.o ABSOLUTE
    ../clib/microlib/stubs.s                 0x00000000   Number         0  iusefp.o ABSOLUTE
    ../fplib/microlib/d2f.c                  0x00000000   Number         0  d2f.o ABSOLUTE
    ../fplib/microlib/f2d.c                  0x00000000   Number         0  f2d.o ABSOLUTE
    ../fplib/microlib/fpadd.c                0x00000000   Number         0  dadd.o ABSOLUTE
    ../fplib/microlib/fpdiv.c                0x00000000   Number         0  ddiv.o ABSOLUTE
    ../fplib/microlib/fpepilogue.c           0x00000000   Number         0  fepilogue.o ABSOLUTE
    ../fplib/microlib/fpepilogue.c           0x00000000   Number         0  depilogue.o ABSOLUTE
    ../fplib/microlib/fpflt.c                0x00000000   Number         0  dflti.o ABSOLUTE
    ../fplib/microlib/fpmul.c                0x00000000   Number         0  dmul.o ABSOLUTE
    ../fplib/microlib/fpsqrt.c               0x00000000   Number         0  dsqrt.o ABSOLUTE
    ../mathlib/acos.c                        0x00000000   Number         0  acos.o ABSOLUTE
    ../mathlib/acos.c                        0x00000000   Number         0  acos_x.o ABSOLUTE
    ../mathlib/poly.c                        0x00000000   Number         0  poly.o ABSOLUTE
    ../mathlib/sqrt.c                        0x00000000   Number         0  sqrt.o ABSOLUTE
    ../mathlib/sqrt.c                        0x00000000   Number         0  sqrt_x.o ABSOLUTE
    ..\..\..\STM32F3-Discovery_FW_V1.1.0\Libraries\STM32F30x_StdPeriph_Driver\src\stm32f30x_exti.c 0x00000000   Number         0  stm32f30x_exti.o ABSOLUTE
    ..\..\..\STM32F3-Discovery_FW_V1.1.0\Libraries\STM32F30x_StdPeriph_Driver\src\stm32f30x_gpio.c 0x00000000   Number         0  stm32f30x_gpio.o ABSOLUTE
    ..\..\..\STM32F3-Discovery_FW_V1.1.0\Libraries\STM32F30x_StdPeriph_Driver\src\stm32f30x_i2c.c 0x00000000   Number         0  stm32f30x_i2c.o ABSOLUTE
    ..\..\..\STM32F3-Discovery_FW_V1.1.0\Libraries\STM32F30x_StdPeriph_Driver\src\stm32f30x_misc.c 0x00000000   Number         0  stm32f30x_misc.o ABSOLUTE
    ..\..\..\STM32F3-Discovery_FW_V1.1.0\Libraries\STM32F30x_StdPeriph_Driver\src\stm32f30x_rcc.c 0x00000000   Number         0  stm32f30x_rcc.o ABSOLUTE
    ..\..\..\STM32F3-Discovery_FW_V1.1.0\Libraries\STM32F30x_StdPeriph_Driver\src\stm32f30x_spi.c 0x00000000   Number         0  stm32f30x_spi.o ABSOLUTE
    ..\..\..\STM32F3-Discovery_FW_V1.1.0\Libraries\STM32F30x_StdPeriph_Driver\src\stm32f30x_syscfg.c 0x00000000   Number         0  stm32f30x_syscfg.o ABSOLUTE
    ..\..\..\STM32F3-Discovery_FW_V1.1.0\Libraries\STM32F30x_StdPeriph_Driver\src\stm32f30x_tim.c 0x00000000   Number         0  stm32f30x_tim.o ABSOLUTE
    ..\..\..\STM32F3-Discovery_FW_V1.1.0\Libraries\STM32F30x_StdPeriph_Driver\src\stm32f30x_usart.c 0x00000000   Number         0  stm32f30x_usart.o ABSOLUTE
    ..\..\..\STM32F3-Discovery_FW_V1.1.0\Utilities\STM32F3_Discovery\stm32f3_discovery.c 0x00000000   Number         0  stm32f3_discovery.o ABSOLUTE
    ..\..\..\STM32F3-Discovery_FW_V1.1.0\Utilities\STM32F3_Discovery\stm32f3_discovery_l3gd20.c 0x00000000   Number         0  stm32f3_discovery_l3gd20.o ABSOLUTE
    ..\..\..\STM32F3-Discovery_FW_V1.1.0\Utilities\STM32F3_Discovery\stm32f3_discovery_lsm303dlhc.c 0x00000000   Number         0  stm32f3_discovery_lsm303dlhc.o ABSOLUTE
    ..\\..\\..\\STM32F3-Discovery_FW_V1.1.0\\Libraries\\STM32F30x_StdPeriph_Driver\\src\\stm32f30x_exti.c 0x00000000   Number         0  stm32f30x_exti.o ABSOLUTE
    ..\\..\\..\\STM32F3-Discovery_FW_V1.1.0\\Libraries\\STM32F30x_StdPeriph_Driver\\src\\stm32f30x_gpio.c 0x00000000   Number         0  stm32f30x_gpio.o ABSOLUTE
    ..\\..\\..\\STM32F3-Discovery_FW_V1.1.0\\Libraries\\STM32F30x_StdPeriph_Driver\\src\\stm32f30x_i2c.c 0x00000000   Number         0  stm32f30x_i2c.o ABSOLUTE
    ..\\..\\..\\STM32F3-Discovery_FW_V1.1.0\\Libraries\\STM32F30x_StdPeriph_Driver\\src\\stm32f30x_misc.c 0x00000000   Number         0  stm32f30x_misc.o ABSOLUTE
    ..\\..\\..\\STM32F3-Discovery_FW_V1.1.0\\Libraries\\STM32F30x_StdPeriph_Driver\\src\\stm32f30x_rcc.c 0x00000000   Number         0  stm32f30x_rcc.o ABSOLUTE
    ..\\..\\..\\STM32F3-Discovery_FW_V1.1.0\\Libraries\\STM32F30x_StdPeriph_Driver\\src\\stm32f30x_spi.c 0x00000000   Number         0  stm32f30x_spi.o ABSOLUTE
    ..\\..\\..\\STM32F3-Discovery_FW_V1.1.0\\Libraries\\STM32F30x_StdPeriph_Driver\\src\\stm32f30x_syscfg.c 0x00000000   Number         0  stm32f30x_syscfg.o ABSOLUTE
    ..\\..\\..\\STM32F3-Discovery_FW_V1.1.0\\Libraries\\STM32F30x_StdPeriph_Driver\\src\\stm32f30x_tim.c 0x00000000   Number         0  stm32f30x_tim.o ABSOLUTE
    ..\\..\\..\\STM32F3-Discovery_FW_V1.1.0\\Libraries\\STM32F30x_StdPeriph_Driver\\src\\stm32f30x_usart.c 0x00000000   Number         0  stm32f30x_usart.o ABSOLUTE
    ..\\..\\..\\STM32F3-Discovery_FW_V1.1.0\\Utilities\\STM32F3_Discovery\\stm32f3_discovery.c 0x00000000   Number         0  stm32f3_discovery.o ABSOLUTE
    ..\\..\\..\\STM32F3-Discovery_FW_V1.1.0\\Utilities\\STM32F3_Discovery\\stm32f3_discovery_l3gd20.c 0x00000000   Number         0  stm32f3_discovery_l3gd20.o ABSOLUTE
    ..\\..\\..\\STM32F3-Discovery_FW_V1.1.0\\Utilities\\STM32F3_Discovery\\stm32f3_discovery_lsm303dlhc.c 0x00000000   Number         0  stm32f3_discovery_lsm303dlhc.o ABSOLUTE
    ..\\init.c                               0x00000000   Number         0  init.o ABSOLUTE
    ..\\main.c                               0x00000000   Number         0  main.o ABSOLUTE
    ..\\stm32f30x_it.c                       0x00000000   Number         0  stm32f30x_it.o ABSOLUTE
    ..\\system_control.c                     0x00000000   Number         0  system_control.o ABSOLUTE
    ..\\system_stm32f30x.c                   0x00000000   Number         0  system_stm32f30x.o ABSOLUTE
    ..\\usart.c                              0x00000000   Number         0  usart.o ABSOLUTE
    ..\init.c                                0x00000000   Number         0  init.o ABSOLUTE
    ..\main.c                                0x00000000   Number         0  main.o ABSOLUTE
    ..\stm32f30x_it.c                        0x00000000   Number         0  stm32f30x_it.o ABSOLUTE
    ..\system_control.c                      0x00000000   Number         0  system_control.o ABSOLUTE
    ..\system_stm32f30x.c                    0x00000000   Number         0  system_stm32f30x.o ABSOLUTE
    ..\usart.c                               0x00000000   Number         0  usart.o ABSOLUTE
    cdcmple.s                                0x00000000   Number         0  cdcmple.o ABSOLUTE
    dc.s                                     0x00000000   Number         0  dc.o ABSOLUTE
    handlers.s                               0x00000000   Number         0  handlers.o ABSOLUTE
    init.s                                   0x00000000   Number         0  init.o ABSOLUTE
    startup_stm32f30x.s                      0x00000000   Number         0  startup_stm32f30x.o ABSOLUTE
    RESET                                    0x08000000   Section      392  startup_stm32f30x.o(RESET)
    .ARM.Collect$$$$00000000                 0x08000188   Section        0  entry.o(.ARM.Collect$$$$00000000)
    .ARM.Collect$$$$00000001                 0x08000188   Section        4  entry2.o(.ARM.Collect$$$$00000001)
    .ARM.Collect$$$$00000004                 0x0800018c   Section        4  entry5.o(.ARM.Collect$$$$00000004)
    .ARM.Collect$$$$00000008                 0x08000190   Section        0  entry7b.o(.ARM.Collect$$$$00000008)
    .ARM.Collect$$$$0000000A                 0x08000190   Section        0  entry8b.o(.ARM.Collect$$$$0000000A)
    .ARM.Collect$$$$0000000B                 0x08000190   Section        8  entry9a.o(.ARM.Collect$$$$0000000B)
    .ARM.Collect$$$$0000000D                 0x08000198   Section        0  entry10a.o(.ARM.Collect$$$$0000000D)
    .ARM.Collect$$$$0000000F                 0x08000198   Section        0  entry11a.o(.ARM.Collect$$$$0000000F)
    .ARM.Collect$$$$00002712                 0x08000198   Section        4  entry2.o(.ARM.Collect$$$$00002712)
    __lit__00000000                          0x08000198   Data           4  entry2.o(.ARM.Collect$$$$00002712)
    .text                                    0x0800019c   Section       36  startup_stm32f30x.o(.text)
    $v0                                      0x0800019c   Number         0  startup_stm32f30x.o(.text)
    .text                                    0x080001c0   Section        0  dadd.o(.text)
    .text                                    0x0800030e   Section        0  dmul.o(.text)
    .text                                    0x080003f2   Section        0  ddiv.o(.text)
    .text                                    0x080004d0   Section        0  dflti.o(.text)
    .text                                    0x080004f2   Section        0  f2d.o(.text)
    .text                                    0x08000518   Section        0  d2f.o(.text)
    .text                                    0x08000550   Section        0  llshl.o(.text)
    .text                                    0x0800056e   Section        0  llsshr.o(.text)
    .text                                    0x08000592   Section        0  iusefp.o(.text)
    .text                                    0x08000592   Section        0  fepilogue.o(.text)
    .text                                    0x080005fe   Section        0  depilogue.o(.text)
    .text                                    0x080006bc   Section        0  dsqrt.o(.text)
    .text                                    0x08000760   Section       36  init.o(.text)
    .text                                    0x08000784   Section        0  llushr.o(.text)
    i.Acc_ReadAcc                            0x080007a4   Section        0  system_control.o(i.Acc_ReadAcc)
    i.BusFault_Handler                       0x0800089c   Section        0  stm32f30x_it.o(i.BusFault_Handler)
    i.DebugMon_Handler                       0x0800089e   Section        0  stm32f30x_it.o(i.DebugMon_Handler)
    i.ESC_SetPower                           0x080008a0   Section        0  system_control.o(i.ESC_SetPower)
    i.EXTI_Init                              0x080008c8   Section        0  stm32f30x_exti.o(i.EXTI_Init)
    i.GPIO_Init                              0x080009a8   Section        0  stm32f30x_gpio.o(i.GPIO_Init)
    i.GPIO_PinAFConfig                       0x08000a20   Section        0  stm32f30x_gpio.o(i.GPIO_PinAFConfig)
    i.GPIO_ResetBits                         0x08000a40   Section        0  stm32f30x_gpio.o(i.GPIO_ResetBits)
    i.GPIO_SetBits                           0x08000a44   Section        0  stm32f30x_gpio.o(i.GPIO_SetBits)
    i.Gyro_ReadAngRate                       0x08000a48   Section        0  system_control.o(i.Gyro_ReadAngRate)
    i.HardFault_Handler                      0x08000b14   Section        0  stm32f30x_it.o(i.HardFault_Handler)
    i.I2C_ClearFlag                          0x08000b16   Section        0  stm32f30x_i2c.o(i.I2C_ClearFlag)
    i.I2C_Cmd                                0x08000b1a   Section        0  stm32f30x_i2c.o(i.I2C_Cmd)
    i.I2C_GetFlagStatus                      0x08000b2e   Section        0  stm32f30x_i2c.o(i.I2C_GetFlagStatus)
    i.I2C_Init                               0x08000b3c   Section        0  stm32f30x_i2c.o(i.I2C_Init)
    i.I2C_ReceiveData                        0x08000b9c   Section        0  stm32f30x_i2c.o(i.I2C_ReceiveData)
    i.I2C_SendData                           0x08000ba2   Section        0  stm32f30x_i2c.o(i.I2C_SendData)
    i.I2C_TransferHandling                   0x08000ba8   Section        0  stm32f30x_i2c.o(i.I2C_TransferHandling)
    i.L3GD20_FilterCmd                       0x08000bc8   Section        0  stm32f3_discovery_l3gd20.o(i.L3GD20_FilterCmd)
    i.L3GD20_FilterConfig                    0x08000bf0   Section        0  stm32f3_discovery_l3gd20.o(i.L3GD20_FilterConfig)
    i.L3GD20_Init                            0x08000c22   Section        0  stm32f3_discovery_l3gd20.o(i.L3GD20_Init)
    i.L3GD20_LowLevel_Init                   0x08000c78   Section        0  stm32f3_discovery_l3gd20.o(i.L3GD20_LowLevel_Init)
    L3GD20_LowLevel_Init                     0x08000c79   Thumb Code   306  stm32f3_discovery_l3gd20.o(i.L3GD20_LowLevel_Init)
    i.L3GD20_Read                            0x08000db4   Section        0  stm32f3_discovery_l3gd20.o(i.L3GD20_Read)
    i.L3GD20_SendByte                        0x08000e00   Section        0  stm32f3_discovery_l3gd20.o(i.L3GD20_SendByte)
    L3GD20_SendByte                          0x08000e01   Thumb Code    90  stm32f3_discovery_l3gd20.o(i.L3GD20_SendByte)
    i.L3GD20_TIMEOUT_UserCallback            0x08000e64   Section        0  system_control.o(i.L3GD20_TIMEOUT_UserCallback)
    i.L3GD20_Write                           0x08000e68   Section        0  stm32f3_discovery_l3gd20.o(i.L3GD20_Write)
    i.LSM303DLHC_AccFilterConfig             0x08000eac   Section        0  stm32f3_discovery_lsm303dlhc.o(i.LSM303DLHC_AccFilterConfig)
    i.LSM303DLHC_AccInit                     0x08000ee8   Section        0  stm32f3_discovery_lsm303dlhc.o(i.LSM303DLHC_AccInit)
    i.LSM303DLHC_LowLevel_Init               0x08000f3c   Section        0  stm32f3_discovery_lsm303dlhc.o(i.LSM303DLHC_LowLevel_Init)
    LSM303DLHC_LowLevel_Init                 0x08000f3d   Thumb Code   254  stm32f3_discovery_lsm303dlhc.o(i.LSM303DLHC_LowLevel_Init)
    i.LSM303DLHC_MagInit                     0x0800104c   Section        0  stm32f3_discovery_lsm303dlhc.o(i.LSM303DLHC_MagInit)
    i.LSM303DLHC_Read                        0x080010ac   Section        0  stm32f3_discovery_lsm303dlhc.o(i.LSM303DLHC_Read)
    i.LSM303DLHC_TIMEOUT_UserCallback        0x080011a8   Section        0  system_control.o(i.LSM303DLHC_TIMEOUT_UserCallback)
    i.LSM303DLHC_Write                       0x080011ac   Section        0  stm32f3_discovery_lsm303dlhc.o(i.LSM303DLHC_Write)
    i.MemManage_Handler                      0x08001290   Section        0  stm32f30x_it.o(i.MemManage_Handler)
    i.NMI_Handler                            0x08001292   Section        0  stm32f30x_it.o(i.NMI_Handler)
    i.NVIC_Init                              0x08001294   Section        0  stm32f30x_misc.o(i.NVIC_Init)
    i.PendSV_Handler                         0x080012f8   Section        0  stm32f30x_it.o(i.PendSV_Handler)
    i.RCC_AHBPeriphClockCmd                  0x080012fc   Section        0  stm32f30x_rcc.o(i.RCC_AHBPeriphClockCmd)
    i.RCC_APB1PeriphClockCmd                 0x08001314   Section        0  stm32f30x_rcc.o(i.RCC_APB1PeriphClockCmd)
    i.RCC_APB1PeriphResetCmd                 0x0800132c   Section        0  stm32f30x_rcc.o(i.RCC_APB1PeriphResetCmd)
    i.RCC_APB2PeriphClockCmd                 0x08001344   Section        0  stm32f30x_rcc.o(i.RCC_APB2PeriphClockCmd)
    i.RCC_APB2PeriphResetCmd                 0x0800135c   Section        0  stm32f30x_rcc.o(i.RCC_APB2PeriphResetCmd)
    i.RCC_GetClocksFreq                      0x08001374   Section        0  stm32f30x_rcc.o(i.RCC_GetClocksFreq)
    i.SPI_Cmd                                0x080015c4   Section        0  stm32f30x_spi.o(i.SPI_Cmd)
    i.SPI_I2S_DeInit                         0x080015d8   Section        0  stm32f30x_spi.o(i.SPI_I2S_DeInit)
    i.SPI_I2S_GetFlagStatus                  0x0800162c   Section        0  stm32f30x_spi.o(i.SPI_I2S_GetFlagStatus)
    i.SPI_Init                               0x0800163a   Section        0  stm32f30x_spi.o(i.SPI_Init)
    i.SPI_ReceiveData8                       0x080016b4   Section        0  stm32f30x_spi.o(i.SPI_ReceiveData8)
    i.SPI_RxFIFOThresholdConfig              0x080016b8   Section        0  stm32f30x_spi.o(i.SPI_RxFIFOThresholdConfig)
    i.SPI_SendData8                          0x080016c8   Section        0  stm32f30x_spi.o(i.SPI_SendData8)
    i.STM_EVAL_LEDInit                       0x080016cc   Section        0  stm32f3_discovery.o(i.STM_EVAL_LEDInit)
    i.STM_EVAL_LEDOn                         0x08001714   Section        0  stm32f3_discovery.o(i.STM_EVAL_LEDOn)
    i.STM_EVAL_PBInit                        0x0800172c   Section        0  stm32f3_discovery.o(i.STM_EVAL_PBInit)
    i.SVC_Handler                            0x080017c4   Section        0  stm32f30x_it.o(i.SVC_Handler)
    i.SYSCFG_EXTILineConfig                  0x080017c8   Section        0  stm32f30x_syscfg.o(i.SYSCFG_EXTILineConfig)
    i.SetSysClock                            0x080017f0   Section        0  system_stm32f30x.o(i.SetSysClock)
    SetSysClock                              0x080017f1   Thumb Code   140  system_stm32f30x.o(i.SetSysClock)
    i.SysTick_Handler                        0x08001884   Section        0  stm32f30x_it.o(i.SysTick_Handler)
    i.SystemInit                             0x08001888   Section        0  system_stm32f30x.o(i.SystemInit)
    i.TIM_ARRPreloadConfig                   0x080018f8   Section        0  stm32f30x_tim.o(i.TIM_ARRPreloadConfig)
    i.TIM_Cmd                                0x0800190c   Section        0  stm32f30x_tim.o(i.TIM_Cmd)
    i.TIM_CtrlPWMOutputs                     0x08001920   Section        0  stm32f30x_tim.o(i.TIM_CtrlPWMOutputs)
    i.TIM_OC1Init                            0x08001934   Section        0  stm32f30x_tim.o(i.TIM_OC1Init)
    i.TIM_OC1PreloadConfig                   0x080019bc   Section        0  stm32f30x_tim.o(i.TIM_OC1PreloadConfig)
    i.TIM_OC2Init                            0x080019c8   Section        0  stm32f30x_tim.o(i.TIM_OC2Init)
    i.TIM_OC2PreloadConfig                   0x08001a40   Section        0  stm32f30x_tim.o(i.TIM_OC2PreloadConfig)
    i.TIM_OC3Init                            0x08001a50   Section        0  stm32f30x_tim.o(i.TIM_OC3Init)
    i.TIM_OC3PreloadConfig                   0x08001abc   Section        0  stm32f30x_tim.o(i.TIM_OC3PreloadConfig)
    i.TIM_TimeBaseInit                       0x08001ac8   Section        0  stm32f30x_tim.o(i.TIM_TimeBaseInit)
    i.TimingDelay_Decrement                  0x08001b58   Section        0  system_control.o(i.TimingDelay_Decrement)
    i.USART2_IRQHandler                      0x08001b6c   Section        0  stm32f30x_it.o(i.USART2_IRQHandler)
    i.USART_Cmd                              0x08001bc0   Section        0  stm32f30x_usart.o(i.USART_Cmd)
    i.USART_GetITStatus                      0x08001bd4   Section        0  stm32f30x_usart.o(i.USART_GetITStatus)
    i.USART_ITConfig                         0x08001c0e   Section        0  stm32f30x_usart.o(i.USART_ITConfig)
    i.USART_Init                             0x08001c38   Section        0  stm32f30x_usart.o(i.USART_Init)
    i.USART_ReceiveData                      0x08001cf8   Section        0  stm32f30x_usart.o(i.USART_ReceiveData)
    i.UsageFault_Handler                     0x08001d00   Section        0  stm32f30x_it.o(i.UsageFault_Handler)
    i.__hardfp_acos                          0x08001d08   Section        0  acos.o(i.__hardfp_acos)
    i.__hardfp_sqrt                          0x08002058   Section        0  sqrt.o(i.__hardfp_sqrt)
    i.__kernel_poly                          0x080020d2   Section        0  poly.o(i.__kernel_poly)
    i.__scatterload_copy                     0x080021ca   Section       14  handlers.o(i.__scatterload_copy)
    i.__scatterload_null                     0x080021d8   Section        2  handlers.o(i.__scatterload_null)
    i.__scatterload_zeroinit                 0x080021da   Section       14  handlers.o(i.__scatterload_zeroinit)
    i.__set_errno                            0x080021e8   Section        0  errno.o(i.__set_errno)
    i.init_ALL                               0x080021f4   Section        0  init.o(i.init_ALL)
    i.init_ESC                               0x0800221c   Section        0  init.o(i.init_ESC)
    i.init_ESC_GPIO                          0x08002258   Section        0  init.o(i.init_ESC_GPIO)
    i.init_ESC_Timer                         0x080022c0   Section        0  init.o(i.init_ESC_Timer)
    i.init_SysTick                           0x0800236c   Section        0  init.o(i.init_SysTick)
    i.init_USART2                            0x080023a0   Section        0  init.o(i.init_USART2)
    i.init_acc                               0x08002440   Section        0  init.o(i.init_acc)
    i.init_discovery_board                   0x080024a2   Section        0  init.o(i.init_discovery_board)
    i.init_gyro                              0x080024e0   Section        0  init.o(i.init_gyro)
    i.init_timer                             0x08002524   Section        0  init.o(i.init_timer)
    i.kalmanCalculate                        0x0800257c   Section        0  system_control.o(i.kalmanCalculate)
    i.main                                   0x08002638   Section        0  main.o(i.main)
    i.sqrt                                   0x08002884   Section        0  sqrt.o(i.sqrt)
    .constdata                               0x080028f4   Section       60  stm32f3_discovery.o(.constdata)
    .constdata                               0x08002930   Section       80  acos.o(.constdata)
    pS                                       0x08002930   Data          48  acos.o(.constdata)
    qS                                       0x08002960   Data          32  acos.o(.constdata)
    .data                                    0x20000000   Section       64  main.o(.data)
    .data                                    0x20000040   Section       24  init.o(.data)
    .data                                    0x20000058   Section       20  system_stm32f30x.o(.data)
    .data                                    0x2000006c   Section        8  stm32f30x_it.o(.data)
    cnt2                                     0x2000006c   Data           2  stm32f30x_it.o(.data)
    .data                                    0x20000074   Section       66  system_control.o(.data)
    TimingDelay                              0x20000098   Data           4  system_control.o(.data)
    buffer                                   0x200000b0   Data           6  system_control.o(.data)
    .data                                    0x200000b6   Section       42  stm32f30x_rcc.o(.data)
    APBAHBPrescTable                         0x200000b6   Data          16  stm32f30x_rcc.o(.data)
    ADCPrescTable                            0x200000c6   Data          26  stm32f30x_rcc.o(.data)
    .data                                    0x200000e0   Section       36  stm32f3_discovery.o(.data)
    .data                                    0x20000104   Section        4  stm32f3_discovery_lsm303dlhc.o(.data)
    .data                                    0x20000108   Section        4  stm32f3_discovery_l3gd20.o(.data)
    .data                                    0x2000010c   Section        4  errno.o(.data)
    _errno                                   0x2000010c   Data           4  errno.o(.data)
    .bss                                     0x20000110   Section       24  main.o(.bss)
    .bss                                     0x20000128   Section       68  init.o(.bss)
    .bss                                     0x2000016c   Section       51  stm32f30x_it.o(.bss)
    STACK                                    0x200001a0   Section     1024  startup_stm32f30x.o(STACK)

    Global Symbols

    Symbol Name                              Value     Ov Type        Size  Object(Section)

    BuildAttributes$$THM_ISAv4$E$P$D$K$B$S$7EM$VFPi3$EXTD16$VFPS$VFMA$PE$A:L22UL41UL21$X:L11$S22US41US21$IEEE1$IW$USESV6$~STKCKD$USESV7$~SHL$OTIME$ROPI$IEEEJ$EBA8$MICROLIB$REQ8$PRES8$EABIv2 0x00000000   Number         0  anon$$obj.o ABSOLUTE
    __ARM_use_no_argv                        0x00000000   Number         0  main.o ABSOLUTE
    __cpp_initialize__aeabi_                  - Undefined Weak Reference
    __cxa_finalize                            - Undefined Weak Reference
    __decompress                              - Undefined Weak Reference
    _clock_init                               - Undefined Weak Reference
    _microlib_exit                            - Undefined Weak Reference
    __Vectors_Size                           0x00000188   Number         0  startup_stm32f30x.o ABSOLUTE
    __Vectors                                0x08000000   Data           4  startup_stm32f30x.o(RESET)
    __Vectors_End                            0x08000188   Data           0  startup_stm32f30x.o(RESET)
    __main                                   0x08000189   Thumb Code     0  entry.o(.ARM.Collect$$$$00000000)
    _main_stk                                0x08000189   Thumb Code     0  entry2.o(.ARM.Collect$$$$00000001)
    _main_scatterload                        0x0800018d   Thumb Code     0  entry5.o(.ARM.Collect$$$$00000004)
    __main_after_scatterload                 0x08000191   Thumb Code     0  entry5.o(.ARM.Collect$$$$00000004)
    _main_clock                              0x08000191   Thumb Code     0  entry7b.o(.ARM.Collect$$$$00000008)
    _main_cpp_init                           0x08000191   Thumb Code     0  entry8b.o(.ARM.Collect$$$$0000000A)
    _main_init                               0x08000191   Thumb Code     0  entry9a.o(.ARM.Collect$$$$0000000B)
    __rt_final_cpp                           0x08000199   Thumb Code     0  entry10a.o(.ARM.Collect$$$$0000000D)
    __rt_final_exit                          0x08000199   Thumb Code     0  entry11a.o(.ARM.Collect$$$$0000000F)
    Reset_Handler                            0x0800019d   Thumb Code     8  startup_stm32f30x.o(.text)
    ADC1_2_IRQHandler                        0x080001b7   Thumb Code     0  startup_stm32f30x.o(.text)
    ADC3_IRQHandler                          0x080001b7   Thumb Code     0  startup_stm32f30x.o(.text)
    ADC4_IRQHandler                          0x080001b7   Thumb Code     0  startup_stm32f30x.o(.text)
    CAN1_RX1_IRQHandler                      0x080001b7   Thumb Code     0  startup_stm32f30x.o(.text)
    CAN1_SCE_IRQHandler                      0x080001b7   Thumb Code     0  startup_stm32f30x.o(.text)
    COMP1_2_3_IRQHandler                     0x080001b7   Thumb Code     0  startup_stm32f30x.o(.text)
    COMP4_5_6_IRQHandler                     0x080001b7   Thumb Code     0  startup_stm32f30x.o(.text)
    COMP7_IRQHandler                         0x080001b7   Thumb Code     0  startup_stm32f30x.o(.text)
    DMA1_Channel1_IRQHandler                 0x080001b7   Thumb Code     0  startup_stm32f30x.o(.text)
    DMA1_Channel2_IRQHandler                 0x080001b7   Thumb Code     0  startup_stm32f30x.o(.text)
    DMA1_Channel3_IRQHandler                 0x080001b7   Thumb Code     0  startup_stm32f30x.o(.text)
    DMA1_Channel4_IRQHandler                 0x080001b7   Thumb Code     0  startup_stm32f30x.o(.text)
    DMA1_Channel5_IRQHandler                 0x080001b7   Thumb Code     0  startup_stm32f30x.o(.text)
    DMA1_Channel6_IRQHandler                 0x080001b7   Thumb Code     0  startup_stm32f30x.o(.text)
    DMA1_Channel7_IRQHandler                 0x080001b7   Thumb Code     0  startup_stm32f30x.o(.text)
    DMA2_Channel1_IRQHandler                 0x080001b7   Thumb Code     0  startup_stm32f30x.o(.text)
    DMA2_Channel2_IRQHandler                 0x080001b7   Thumb Code     0  startup_stm32f30x.o(.text)
    DMA2_Channel3_IRQHandler                 0x080001b7   Thumb Code     0  startup_stm32f30x.o(.text)
    DMA2_Channel4_IRQHandler                 0x080001b7   Thumb Code     0  startup_stm32f30x.o(.text)
    DMA2_Channel5_IRQHandler                 0x080001b7   Thumb Code     0  startup_stm32f30x.o(.text)
    EXTI0_IRQHandler                         0x080001b7   Thumb Code     0  startup_stm32f30x.o(.text)
    EXTI15_10_IRQHandler                     0x080001b7   Thumb Code     0  startup_stm32f30x.o(.text)
    EXTI1_IRQHandler                         0x080001b7   Thumb Code     0  startup_stm32f30x.o(.text)
    EXTI2_TS_IRQHandler                      0x080001b7   Thumb Code     0  startup_stm32f30x.o(.text)
    EXTI3_IRQHandler                         0x080001b7   Thumb Code     0  startup_stm32f30x.o(.text)
    EXTI4_IRQHandler                         0x080001b7   Thumb Code     0  startup_stm32f30x.o(.text)
    EXTI9_5_IRQHandler                       0x080001b7   Thumb Code     0  startup_stm32f30x.o(.text)
    FLASH_IRQHandler                         0x080001b7   Thumb Code     0  startup_stm32f30x.o(.text)
    FPU_IRQHandler                           0x080001b7   Thumb Code     0  startup_stm32f30x.o(.text)
    I2C1_ER_IRQHandler                       0x080001b7   Thumb Code     0  startup_stm32f30x.o(.text)
    I2C1_EV_IRQHandler                       0x080001b7   Thumb Code     0  startup_stm32f30x.o(.text)
    I2C2_ER_IRQHandler                       0x080001b7   Thumb Code     0  startup_stm32f30x.o(.text)
    I2C2_EV_IRQHandler                       0x080001b7   Thumb Code     0  startup_stm32f30x.o(.text)
    PVD_IRQHandler                           0x080001b7   Thumb Code     0  startup_stm32f30x.o(.text)
    RCC_IRQHandler                           0x080001b7   Thumb Code     0  startup_stm32f30x.o(.text)
    RTC_Alarm_IRQHandler                     0x080001b7   Thumb Code     0  startup_stm32f30x.o(.text)
    RTC_WKUP_IRQHandler                      0x080001b7   Thumb Code     0  startup_stm32f30x.o(.text)
    SPI1_IRQHandler                          0x080001b7   Thumb Code     0  startup_stm32f30x.o(.text)
    SPI2_IRQHandler                          0x080001b7   Thumb Code     0  startup_stm32f30x.o(.text)
    SPI3_IRQHandler                          0x080001b7   Thumb Code     0  startup_stm32f30x.o(.text)
    TAMPER_STAMP_IRQHandler                  0x080001b7   Thumb Code     0  startup_stm32f30x.o(.text)
    TIM1_BRK_TIM15_IRQHandler                0x080001b7   Thumb Code     0  startup_stm32f30x.o(.text)
    TIM1_CC_IRQHandler                       0x080001b7   Thumb Code     0  startup_stm32f30x.o(.text)
    TIM1_TRG_COM_TIM17_IRQHandler            0x080001b7   Thumb Code     0  startup_stm32f30x.o(.text)
    TIM1_UP_TIM16_IRQHandler                 0x080001b7   Thumb Code     0  startup_stm32f30x.o(.text)
    TIM2_IRQHandler                          0x080001b7   Thumb Code     0  startup_stm32f30x.o(.text)
    TIM3_IRQHandler                          0x080001b7   Thumb Code     0  startup_stm32f30x.o(.text)
    TIM4_IRQHandler                          0x080001b7   Thumb Code     0  startup_stm32f30x.o(.text)
    TIM6_DAC_IRQHandler                      0x080001b7   Thumb Code     0  startup_stm32f30x.o(.text)
    TIM7_IRQHandler                          0x080001b7   Thumb Code     0  startup_stm32f30x.o(.text)
    TIM8_BRK_IRQHandler                      0x080001b7   Thumb Code     0  startup_stm32f30x.o(.text)
    TIM8_CC_IRQHandler                       0x080001b7   Thumb Code     0  startup_stm32f30x.o(.text)
    TIM8_TRG_COM_IRQHandler                  0x080001b7   Thumb Code     0  startup_stm32f30x.o(.text)
    TIM8_UP_IRQHandler                       0x080001b7   Thumb Code     0  startup_stm32f30x.o(.text)
    UART4_IRQHandler                         0x080001b7   Thumb Code     0  startup_stm32f30x.o(.text)
    UART5_IRQHandler                         0x080001b7   Thumb Code     0  startup_stm32f30x.o(.text)
    USART1_IRQHandler                        0x080001b7   Thumb Code     0  startup_stm32f30x.o(.text)
    USART3_IRQHandler                        0x080001b7   Thumb Code     0  startup_stm32f30x.o(.text)
    USBWakeUp_IRQHandler                     0x080001b7   Thumb Code     0  startup_stm32f30x.o(.text)
    USBWakeUp_RMP_IRQHandler                 0x080001b7   Thumb Code     0  startup_stm32f30x.o(.text)
    USB_HP_CAN1_TX_IRQHandler                0x080001b7   Thumb Code     0  startup_stm32f30x.o(.text)
    USB_HP_IRQHandler                        0x080001b7   Thumb Code     0  startup_stm32f30x.o(.text)
    USB_LP_CAN1_RX0_IRQHandler               0x080001b7   Thumb Code     0  startup_stm32f30x.o(.text)
    USB_LP_IRQHandler                        0x080001b7   Thumb Code     0  startup_stm32f30x.o(.text)
    WWDG_IRQHandler                          0x080001b7   Thumb Code     0  startup_stm32f30x.o(.text)
    __aeabi_dadd                             0x080001c1   Thumb Code   322  dadd.o(.text)
    __aeabi_dsub                             0x08000303   Thumb Code     6  dadd.o(.text)
    __aeabi_drsub                            0x08000309   Thumb Code     6  dadd.o(.text)
    __aeabi_dmul                             0x0800030f   Thumb Code   228  dmul.o(.text)
    __aeabi_ddiv                             0x080003f3   Thumb Code   222  ddiv.o(.text)
    __aeabi_i2d                              0x080004d1   Thumb Code    34  dflti.o(.text)
    __aeabi_f2d                              0x080004f3   Thumb Code    38  f2d.o(.text)
    __aeabi_d2f                              0x08000519   Thumb Code    56  d2f.o(.text)
    __aeabi_llsl                             0x08000551   Thumb Code    30  llshl.o(.text)
    _ll_shift_l                              0x08000551   Thumb Code     0  llshl.o(.text)
    __aeabi_lasr                             0x0800056f   Thumb Code    36  llsshr.o(.text)
    _ll_sshift_r                             0x0800056f   Thumb Code     0  llsshr.o(.text)
    __I$use$fp                               0x08000593   Thumb Code     0  iusefp.o(.text)
    _float_round                             0x08000593   Thumb Code    18  fepilogue.o(.text)
    _float_epilogue                          0x080005a5   Thumb Code    90  fepilogue.o(.text)
    _double_round                            0x080005ff   Thumb Code    26  depilogue.o(.text)
    _double_epilogue                         0x08000619   Thumb Code   164  depilogue.o(.text)
    _dsqrt                                   0x080006bd   Thumb Code   162  dsqrt.o(.text)
    __scatterload                            0x08000761   Thumb Code    28  init.o(.text)
    __scatterload_rt2                        0x08000761   Thumb Code     0  init.o(.text)
    __aeabi_llsr                             0x08000785   Thumb Code    32  llushr.o(.text)
    _ll_ushift_r                             0x08000785   Thumb Code     0  llushr.o(.text)
    Acc_ReadAcc                              0x080007a5   Thumb Code   244  system_control.o(i.Acc_ReadAcc)
    BusFault_Handler                         0x0800089d   Thumb Code     2  stm32f30x_it.o(i.BusFault_Handler)
    DebugMon_Handler                         0x0800089f   Thumb Code     2  stm32f30x_it.o(i.DebugMon_Handler)
    ESC_SetPower                             0x080008a1   Thumb Code    36  system_control.o(i.ESC_SetPower)
    EXTI_Init                                0x080008c9   Thumb Code   220  stm32f30x_exti.o(i.EXTI_Init)
    GPIO_Init                                0x080009a9   Thumb Code   120  stm32f30x_gpio.o(i.GPIO_Init)
    GPIO_PinAFConfig                         0x08000a21   Thumb Code    32  stm32f30x_gpio.o(i.GPIO_PinAFConfig)
    GPIO_ResetBits                           0x08000a41   Thumb Code     4  stm32f30x_gpio.o(i.GPIO_ResetBits)
    GPIO_SetBits                             0x08000a45   Thumb Code     4  stm32f30x_gpio.o(i.GPIO_SetBits)
    Gyro_ReadAngRate                         0x08000a49   Thumb Code   186  system_control.o(i.Gyro_ReadAngRate)
    HardFault_Handler                        0x08000b15   Thumb Code     2  stm32f30x_it.o(i.HardFault_Handler)
    I2C_ClearFlag                            0x08000b17   Thumb Code     4  stm32f30x_i2c.o(i.I2C_ClearFlag)
    I2C_Cmd                                  0x08000b1b   Thumb Code    20  stm32f30x_i2c.o(i.I2C_Cmd)
    I2C_GetFlagStatus                        0x08000b2f   Thumb Code    14  stm32f30x_i2c.o(i.I2C_GetFlagStatus)
    I2C_Init                                 0x08000b3d   Thumb Code    88  stm32f30x_i2c.o(i.I2C_Init)
    I2C_ReceiveData                          0x08000b9d   Thumb Code     6  stm32f30x_i2c.o(i.I2C_ReceiveData)
    I2C_SendData                             0x08000ba3   Thumb Code     4  stm32f30x_i2c.o(i.I2C_SendData)
    I2C_TransferHandling                     0x08000ba9   Thumb Code    28  stm32f30x_i2c.o(i.I2C_TransferHandling)
    L3GD20_FilterCmd                         0x08000bc9   Thumb Code    40  stm32f3_discovery_l3gd20.o(i.L3GD20_FilterCmd)
    L3GD20_FilterConfig                      0x08000bf1   Thumb Code    50  stm32f3_discovery_l3gd20.o(i.L3GD20_FilterConfig)
    L3GD20_Init                              0x08000c23   Thumb Code    84  stm32f3_discovery_l3gd20.o(i.L3GD20_Init)
    L3GD20_Read                              0x08000db5   Thumb Code    70  stm32f3_discovery_l3gd20.o(i.L3GD20_Read)
    L3GD20_TIMEOUT_UserCallback              0x08000e65   Thumb Code     4  system_control.o(i.L3GD20_TIMEOUT_UserCallback)
    L3GD20_Write                             0x08000e69   Thumb Code    64  stm32f3_discovery_l3gd20.o(i.L3GD20_Write)
    LSM303DLHC_AccFilterConfig               0x08000ead   Thumb Code    60  stm32f3_discovery_lsm303dlhc.o(i.LSM303DLHC_AccFilterConfig)
    LSM303DLHC_AccInit                       0x08000ee9   Thumb Code    84  stm32f3_discovery_lsm303dlhc.o(i.LSM303DLHC_AccInit)
    LSM303DLHC_MagInit                       0x0800104d   Thumb Code    94  stm32f3_discovery_lsm303dlhc.o(i.LSM303DLHC_MagInit)
    LSM303DLHC_Read                          0x080010ad   Thumb Code   244  stm32f3_discovery_lsm303dlhc.o(i.LSM303DLHC_Read)
    LSM303DLHC_TIMEOUT_UserCallback          0x080011a9   Thumb Code     4  system_control.o(i.LSM303DLHC_TIMEOUT_UserCallback)
    LSM303DLHC_Write                         0x080011ad   Thumb Code   220  stm32f3_discovery_lsm303dlhc.o(i.LSM303DLHC_Write)
    MemManage_Handler                        0x08001291   Thumb Code     2  stm32f30x_it.o(i.MemManage_Handler)
    NMI_Handler                              0x08001293   Thumb Code     2  stm32f30x_it.o(i.NMI_Handler)
    NVIC_Init                                0x08001295   Thumb Code    90  stm32f30x_misc.o(i.NVIC_Init)
    PendSV_Handler                           0x080012f9   Thumb Code     2  stm32f30x_it.o(i.PendSV_Handler)
    RCC_AHBPeriphClockCmd                    0x080012fd   Thumb Code    18  stm32f30x_rcc.o(i.RCC_AHBPeriphClockCmd)
    RCC_APB1PeriphClockCmd                   0x08001315   Thumb Code    18  stm32f30x_rcc.o(i.RCC_APB1PeriphClockCmd)
    RCC_APB1PeriphResetCmd                   0x0800132d   Thumb Code    18  stm32f30x_rcc.o(i.RCC_APB1PeriphResetCmd)
    RCC_APB2PeriphClockCmd                   0x08001345   Thumb Code    18  stm32f30x_rcc.o(i.RCC_APB2PeriphClockCmd)
    RCC_APB2PeriphResetCmd                   0x0800135d   Thumb Code    18  stm32f30x_rcc.o(i.RCC_APB2PeriphResetCmd)
    RCC_GetClocksFreq                        0x08001375   Thumb Code   576  stm32f30x_rcc.o(i.RCC_GetClocksFreq)
    SPI_Cmd                                  0x080015c5   Thumb Code    20  stm32f30x_spi.o(i.SPI_Cmd)
    SPI_I2S_DeInit                           0x080015d9   Thumb Code    72  stm32f30x_spi.o(i.SPI_I2S_DeInit)
    SPI_I2S_GetFlagStatus                    0x0800162d   Thumb Code    14  stm32f30x_spi.o(i.SPI_I2S_GetFlagStatus)
    SPI_Init                                 0x0800163b   Thumb Code   122  stm32f30x_spi.o(i.SPI_Init)
    SPI_ReceiveData8                         0x080016b5   Thumb Code     4  stm32f30x_spi.o(i.SPI_ReceiveData8)
    SPI_RxFIFOThresholdConfig                0x080016b9   Thumb Code    16  stm32f30x_spi.o(i.SPI_RxFIFOThresholdConfig)
    SPI_SendData8                            0x080016c9   Thumb Code     4  stm32f30x_spi.o(i.SPI_SendData8)
    STM_EVAL_LEDInit                         0x080016cd   Thumb Code    62  stm32f3_discovery.o(i.STM_EVAL_LEDInit)
    STM_EVAL_LEDOn                           0x08001715   Thumb Code    16  stm32f3_discovery.o(i.STM_EVAL_LEDOn)
    STM_EVAL_PBInit                          0x0800172d   Thumb Code   144  stm32f3_discovery.o(i.STM_EVAL_PBInit)
    SVC_Handler                              0x080017c5   Thumb Code     2  stm32f30x_it.o(i.SVC_Handler)
    SYSCFG_EXTILineConfig                    0x080017c9   Thumb Code    34  stm32f30x_syscfg.o(i.SYSCFG_EXTILineConfig)
    SysTick_Handler                          0x08001885   Thumb Code     4  stm32f30x_it.o(i.SysTick_Handler)
    SystemInit                               0x08001889   Thumb Code    90  system_stm32f30x.o(i.SystemInit)
    TIM_ARRPreloadConfig                     0x080018f9   Thumb Code    20  stm32f30x_tim.o(i.TIM_ARRPreloadConfig)
    TIM_Cmd                                  0x0800190d   Thumb Code    20  stm32f30x_tim.o(i.TIM_Cmd)
    TIM_CtrlPWMOutputs                       0x08001921   Thumb Code    20  stm32f30x_tim.o(i.TIM_CtrlPWMOutputs)
    TIM_OC1Init                              0x08001935   Thumb Code   110  stm32f30x_tim.o(i.TIM_OC1Init)
    TIM_OC1PreloadConfig                     0x080019bd   Thumb Code    12  stm32f30x_tim.o(i.TIM_OC1PreloadConfig)
    TIM_OC2Init                              0x080019c9   Thumb Code   106  stm32f30x_tim.o(i.TIM_OC2Init)
    TIM_OC2PreloadConfig                     0x08001a41   Thumb Code    14  stm32f30x_tim.o(i.TIM_OC2PreloadConfig)
    TIM_OC3Init                              0x08001a51   Thumb Code   100  stm32f30x_tim.o(i.TIM_OC3Init)
    TIM_OC3PreloadConfig                     0x08001abd   Thumb Code    12  stm32f30x_tim.o(i.TIM_OC3PreloadConfig)
    TIM_TimeBaseInit                         0x08001ac9   Thumb Code   108  stm32f30x_tim.o(i.TIM_TimeBaseInit)
    TimingDelay_Decrement                    0x08001b59   Thumb Code    16  system_control.o(i.TimingDelay_Decrement)
    USART2_IRQHandler                        0x08001b6d   Thumb Code    66  stm32f30x_it.o(i.USART2_IRQHandler)
    USART_Cmd                                0x08001bc1   Thumb Code    20  stm32f30x_usart.o(i.USART_Cmd)
    USART_GetITStatus                        0x08001bd5   Thumb Code    58  stm32f30x_usart.o(i.USART_GetITStatus)
    USART_ITConfig                           0x08001c0f   Thumb Code    40  stm32f30x_usart.o(i.USART_ITConfig)
    USART_Init                               0x08001c39   Thumb Code   176  stm32f30x_usart.o(i.USART_Init)
    USART_ReceiveData                        0x08001cf9   Thumb Code     8  stm32f30x_usart.o(i.USART_ReceiveData)
    UsageFault_Handler                       0x08001d01   Thumb Code     2  stm32f30x_it.o(i.UsageFault_Handler)
    __hardfp_acos                            0x08001d09   Thumb Code   738  acos.o(i.__hardfp_acos)
    __hardfp_sqrt                            0x08002059   Thumb Code   122  sqrt.o(i.__hardfp_sqrt)
    __kernel_poly                            0x080020d3   Thumb Code   248  poly.o(i.__kernel_poly)
    __scatterload_copy                       0x080021cb   Thumb Code    14  handlers.o(i.__scatterload_copy)
    __scatterload_null                       0x080021d9   Thumb Code     2  handlers.o(i.__scatterload_null)
    __scatterload_zeroinit                   0x080021db   Thumb Code    14  handlers.o(i.__scatterload_zeroinit)
    __set_errno                              0x080021e9   Thumb Code     6  errno.o(i.__set_errno)
    init_ALL                                 0x080021f5   Thumb Code    38  init.o(i.init_ALL)
    init_ESC                                 0x0800221d   Thumb Code    56  init.o(i.init_ESC)
    init_ESC_GPIO                            0x08002259   Thumb Code    96  init.o(i.init_ESC_GPIO)
    init_ESC_Timer                           0x080022c1   Thumb Code   156  init.o(i.init_ESC_Timer)
    init_SysTick                             0x0800236d   Thumb Code    44  init.o(i.init_SysTick)
    init_USART2                              0x080023a1   Thumb Code   144  init.o(i.init_USART2)
    init_acc                                 0x08002441   Thumb Code    98  init.o(i.init_acc)
    init_discovery_board                     0x080024a3   Thumb Code    62  init.o(i.init_discovery_board)
    init_gyro                                0x080024e1   Thumb Code    66  init.o(i.init_gyro)
    init_timer                               0x08002525   Thumb Code    68  init.o(i.init_timer)
    kalmanCalculate                          0x0800257d   Thumb Code   178  system_control.o(i.kalmanCalculate)
    main                                     0x08002639   Thumb Code   526  main.o(i.main)
    sqrt                                     0x08002885   Thumb Code   110  sqrt.o(i.sqrt)
    BUTTON_PORT_SOURCE                       0x080028f4   Data           1  stm32f3_discovery.o(.constdata)
    BUTTON_PIN_SOURCE                        0x080028f5   Data           1  stm32f3_discovery.o(.constdata)
    BUTTON_IRQn                              0x080028f6   Data           1  stm32f3_discovery.o(.constdata)
    BUTTON_PIN                               0x080028f8   Data           2  stm32f3_discovery.o(.constdata)
    BUTTON_EXTI_LINE                         0x080028fa   Data           2  stm32f3_discovery.o(.constdata)
    BUTTON_CLK                               0x080028fc   Data           4  stm32f3_discovery.o(.constdata)
    GPIO_PIN                                 0x08002900   Data          16  stm32f3_discovery.o(.constdata)
    GPIO_CLK                                 0x08002910   Data          32  stm32f3_discovery.o(.constdata)
    Region$$Table$$Base                      0x08002980   Number         0  anon$$obj.o(Region$$Table)
    Region$$Table$$Limit                     0x080029a0   Number         0  anon$$obj.o(Region$$Table)
    i                                        0x20000000   Data           1  main.o(.data)
    gyrZangle                                0x20000004   Data           4  main.o(.data)
    accYangle                                0x20000008   Data           4  main.o(.data)
    fNormAcc                                 0x2000000c   Data           4  main.o(.data)
    Xrot                                     0x20000010   Data           4  main.o(.data)
    Yrot                                     0x20000014   Data           4  main.o(.data)
    Xrot2                                    0x20000018   Data           4  main.o(.data)
    Yrot2                                    0x2000001c   Data           4  main.o(.data)
    gyrXangle                                0x20000020   Data           4  main.o(.data)
    gyrYangle                                0x20000024   Data           4  main.o(.data)
    accXangle                                0x20000028   Data           4  main.o(.data)
    time                                     0x2000002c   Data           4  main.o(.data)
    counter                                  0x20000030   Data           4  main.o(.data)
    counter_old                              0x20000034   Data           4  main.o(.data)
    GPIO_InitStructure                       0x20000038   Data           8  main.o(.data)
    NVIC_InitStructure_USART2                0x20000040   Data           4  init.o(.data)
    period                                   0x20000044   Data           4  init.o(.data)
    GPIO_InitStructure_PWM                   0x20000048   Data           8  init.o(.data)
    GPIO_InitStruct_USART2                   0x20000050   Data           8  init.o(.data)
    SystemCoreClock                          0x20000058   Data           4  system_stm32f30x.o(.data)
    AHBPrescTable                            0x2000005c   Data          16  system_stm32f30x.o(.data)
    rs                                       0x20000070   Data           4  stm32f30x_it.o(.data)
    Q_angle                                  0x20000074   Data           4  system_control.o(.data)
    Q_gyro                                   0x20000078   Data           4  system_control.o(.data)
    R_angle                                  0x2000007c   Data           4  system_control.o(.data)
    x_angle                                  0x20000080   Data           4  system_control.o(.data)
    x_bias                                   0x20000084   Data           4  system_control.o(.data)
    P_00                                     0x20000088   Data           4  system_control.o(.data)
    P_01                                     0x2000008c   Data           4  system_control.o(.data)
    P_10                                     0x20000090   Data           4  system_control.o(.data)
    P_11                                     0x20000094   Data           4  system_control.o(.data)
    dt                                       0x2000009c   Data           4  system_control.o(.data)
    y                                        0x200000a0   Data           4  system_control.o(.data)
    S                                        0x200000a4   Data           4  system_control.o(.data)
    K_0                                      0x200000a8   Data           4  system_control.o(.data)
    K_1                                      0x200000ac   Data           4  system_control.o(.data)
    BUTTON_PORT                              0x200000e0   Data           4  stm32f3_discovery.o(.data)
    GPIO_PORT                                0x200000e4   Data          32  stm32f3_discovery.o(.data)
    LSM303DLHC_Timeout                       0x20000104   Data           4  stm32f3_discovery_lsm303dlhc.o(.data)
    L3GD20Timeout                            0x20000108   Data           4  stm32f3_discovery_l3gd20.o(.data)
    AccBuffer                                0x20000110   Data          12  main.o(.bss)
    Buffer                                   0x2000011c   Data          12  main.o(.bss)
    TIM_TimeBaseStructure_PWM                0x20000128   Data          12  init.o(.bss)
    TIM_OCInitStructure_PWM                  0x20000134   Data          20  init.o(.bss)
    TIM_TimeBaseStructure_IMU                0x20000148   Data          12  init.o(.bss)
    USART_InitStruct_USART2                  0x20000154   Data          24  init.o(.bss)
    received_string2                         0x2000016c   Data          51  stm32f30x_it.o(.bss)
    __initial_sp                             0x200005a0   Data           0  startup_stm32f30x.o(STACK)



==============================================================================

Memory Map of the image

  Image Entry point : 0x0800019d

  Load Region LR_1 (Base: 0x08000000, Size: 0x00002ab0, Max: 0xffffffff, ABSOLUTE)

    Execution Region ER_RO (Base: 0x08000000, Size: 0x000029a0, Max: 0xffffffff, ABSOLUTE)

    Base Addr    Size         Type   Attr      Idx    E Section Name        Object

    0x08000000   0x00000188   Data   RO         2761    RESET               startup_stm32f30x.o
    0x08000188   0x00000000   Code   RO         2792  * .ARM.Collect$$$$00000000  mc_w.l(entry.o)
    0x08000188   0x00000004   Code   RO         2809    .ARM.Collect$$$$00000001  mc_w.l(entry2.o)
    0x0800018c   0x00000004   Code   RO         2812    .ARM.Collect$$$$00000004  mc_w.l(entry5.o)
    0x08000190   0x00000000   Code   RO         2814    .ARM.Collect$$$$00000008  mc_w.l(entry7b.o)
    0x08000190   0x00000000   Code   RO         2816    .ARM.Collect$$$$0000000A  mc_w.l(entry8b.o)
    0x08000190   0x00000008   Code   RO         2817    .ARM.Collect$$$$0000000B  mc_w.l(entry9a.o)
    0x08000198   0x00000000   Code   RO         2819    .ARM.Collect$$$$0000000D  mc_w.l(entry10a.o)
    0x08000198   0x00000000   Code   RO         2821    .ARM.Collect$$$$0000000F  mc_w.l(entry11a.o)
    0x08000198   0x00000004   Code   RO         2810    .ARM.Collect$$$$00002712  mc_w.l(entry2.o)
    0x0800019c   0x00000024   Code   RO         2762  * .text               startup_stm32f30x.o
    0x080001c0   0x0000014e   Code   RO         2795    .text               mf_w.l(dadd.o)
    0x0800030e   0x000000e4   Code   RO         2797    .text               mf_w.l(dmul.o)
    0x080003f2   0x000000de   Code   RO         2799    .text               mf_w.l(ddiv.o)
    0x080004d0   0x00000022   Code   RO         2801    .text               mf_w.l(dflti.o)
    0x080004f2   0x00000026   Code   RO         2803    .text               mf_w.l(f2d.o)
    0x08000518   0x00000038   Code   RO         2805    .text               mf_w.l(d2f.o)
    0x08000550   0x0000001e   Code   RO         2823    .text               mc_w.l(llshl.o)
    0x0800056e   0x00000024   Code   RO         2825    .text               mc_w.l(llsshr.o)
    0x08000592   0x00000000   Code   RO         2834    .text               mc_w.l(iusefp.o)
    0x08000592   0x0000006c   Code   RO         2835    .text               mf_w.l(fepilogue.o)
    0x080005fe   0x000000be   Code   RO         2837    .text               mf_w.l(depilogue.o)
    0x080006bc   0x000000a2   Code   RO         2839    .text               mf_w.l(dsqrt.o)
    0x0800075e   0x00000002   PAD
    0x08000760   0x00000024   Code   RO         2843    .text               mc_w.l(init.o)
    0x08000784   0x00000020   Code   RO         2845    .text               mc_w.l(llushr.o)
    0x080007a4   0x000000f8   Code   RO          389    i.Acc_ReadAcc       system_control.o
    0x0800089c   0x00000002   Code   RO          300    i.BusFault_Handler  stm32f30x_it.o
    0x0800089e   0x00000002   Code   RO          301    i.DebugMon_Handler  stm32f30x_it.o
    0x080008a0   0x00000028   Code   RO          394    i.ESC_SetPower      system_control.o
    0x080008c8   0x000000e0   Code   RO         1672    i.EXTI_Init         stm32f30x_exti.o
    0x080009a8   0x00000078   Code   RO          504    i.GPIO_Init         stm32f30x_gpio.o
    0x08000a20   0x00000020   Code   RO          505    i.GPIO_PinAFConfig  stm32f30x_gpio.o
    0x08000a40   0x00000004   Code   RO          511    i.GPIO_ResetBits    stm32f30x_gpio.o
    0x08000a44   0x00000004   Code   RO          512    i.GPIO_SetBits      stm32f30x_gpio.o
    0x08000a48   0x000000cc   Code   RO          395    i.Gyro_ReadAngRate  system_control.o
    0x08000b14   0x00000002   Code   RO          302    i.HardFault_Handler  stm32f30x_it.o
    0x08000b16   0x00000004   Code   RO         1939    i.I2C_ClearFlag     stm32f30x_i2c.o
    0x08000b1a   0x00000014   Code   RO         1942    i.I2C_Cmd           stm32f30x_i2c.o
    0x08000b2e   0x0000000e   Code   RO         1951    i.I2C_GetFlagStatus  stm32f30x_i2c.o
    0x08000b3c   0x00000060   Code   RO         1957    i.I2C_Init          stm32f30x_i2c.o
    0x08000b9c   0x00000006   Code   RO         1963    i.I2C_ReceiveData   stm32f30x_i2c.o
    0x08000ba2   0x00000004   Code   RO         1966    i.I2C_SendData      stm32f30x_i2c.o
    0x08000ba6   0x00000002   PAD
    0x08000ba8   0x00000020   Code   RO         1975    i.I2C_TransferHandling  stm32f30x_i2c.o
    0x08000bc8   0x00000028   Code   RO         2674    i.L3GD20_FilterCmd  stm32f3_discovery_l3gd20.o
    0x08000bf0   0x00000032   Code   RO         2675    i.L3GD20_FilterConfig  stm32f3_discovery_l3gd20.o
    0x08000c22   0x00000054   Code   RO         2680    i.L3GD20_Init       stm32f3_discovery_l3gd20.o
    0x08000c76   0x00000002   PAD
    0x08000c78   0x0000013c   Code   RO         2681    i.L3GD20_LowLevel_Init  stm32f3_discovery_l3gd20.o
    0x08000db4   0x0000004c   Code   RO         2682    i.L3GD20_Read       stm32f3_discovery_l3gd20.o
    0x08000e00   0x00000064   Code   RO         2684    i.L3GD20_SendByte   stm32f3_discovery_l3gd20.o
    0x08000e64   0x00000004   Code   RO          396    i.L3GD20_TIMEOUT_UserCallback  system_control.o
    0x08000e68   0x00000044   Code   RO         2685    i.L3GD20_Write      stm32f3_discovery_l3gd20.o
    0x08000eac   0x0000003c   Code   RO         2565    i.LSM303DLHC_AccFilterConfig  stm32f3_discovery_lsm303dlhc.o
    0x08000ee8   0x00000054   Code   RO         2571    i.LSM303DLHC_AccInit  stm32f3_discovery_lsm303dlhc.o
    0x08000f3c   0x00000110   Code   RO         2573    i.LSM303DLHC_LowLevel_Init  stm32f3_discovery_lsm303dlhc.o
    0x0800104c   0x0000005e   Code   RO         2575    i.LSM303DLHC_MagInit  stm32f3_discovery_lsm303dlhc.o
    0x080010aa   0x00000002   PAD
    0x080010ac   0x000000fc   Code   RO         2576    i.LSM303DLHC_Read   stm32f3_discovery_lsm303dlhc.o
    0x080011a8   0x00000004   Code   RO          397    i.LSM303DLHC_TIMEOUT_UserCallback  system_control.o
    0x080011ac   0x000000e4   Code   RO         2577    i.LSM303DLHC_Write  stm32f3_discovery_lsm303dlhc.o
    0x08001290   0x00000002   Code   RO          303    i.MemManage_Handler  stm32f30x_it.o
    0x08001292   0x00000002   Code   RO          304    i.NMI_Handler       stm32f30x_it.o
    0x08001294   0x00000064   Code   RO          595    i.NVIC_Init         stm32f30x_misc.o
    0x080012f8   0x00000002   Code   RO          305    i.PendSV_Handler    stm32f30x_it.o
    0x080012fa   0x00000002   PAD
    0x080012fc   0x00000018   Code   RO          640    i.RCC_AHBPeriphClockCmd  stm32f30x_rcc.o
    0x08001314   0x00000018   Code   RO          642    i.RCC_APB1PeriphClockCmd  stm32f30x_rcc.o
    0x0800132c   0x00000018   Code   RO          643    i.RCC_APB1PeriphResetCmd  stm32f30x_rcc.o
    0x08001344   0x00000018   Code   RO          644    i.RCC_APB2PeriphClockCmd  stm32f30x_rcc.o
    0x0800135c   0x00000018   Code   RO          645    i.RCC_APB2PeriphResetCmd  stm32f30x_rcc.o
    0x08001374   0x00000250   Code   RO          652    i.RCC_GetClocksFreq  stm32f30x_rcc.o
    0x080015c4   0x00000014   Code   RO         1735    i.SPI_Cmd           stm32f30x_spi.o
    0x080015d8   0x00000054   Code   RO         1743    i.SPI_I2S_DeInit    stm32f30x_spi.o
    0x0800162c   0x0000000e   Code   RO         1744    i.SPI_I2S_GetFlagStatus  stm32f30x_spi.o
    0x0800163a   0x0000007a   Code   RO         1749    i.SPI_Init          stm32f30x_spi.o
    0x080016b4   0x00000004   Code   RO         1753    i.SPI_ReceiveData8  stm32f30x_spi.o
    0x080016b8   0x00000010   Code   RO         1754    i.SPI_RxFIFOThresholdConfig  stm32f30x_spi.o
    0x080016c8   0x00000004   Code   RO         1756    i.SPI_SendData8     stm32f30x_spi.o
    0x080016cc   0x00000048   Code   RO         2508    i.STM_EVAL_LEDInit  stm32f3_discovery.o
    0x08001714   0x00000018   Code   RO         2510    i.STM_EVAL_LEDOn    stm32f3_discovery.o
    0x0800172c   0x00000098   Code   RO         2513    i.STM_EVAL_PBInit   stm32f3_discovery.o
    0x080017c4   0x00000002   Code   RO          306    i.SVC_Handler       stm32f30x_it.o
    0x080017c6   0x00000002   PAD
    0x080017c8   0x00000028   Code   RO          894    i.SYSCFG_EXTILineConfig  stm32f30x_syscfg.o
    0x080017f0   0x00000094   Code   RO          263    i.SetSysClock       system_stm32f30x.o
    0x08001884   0x00000004   Code   RO          307    i.SysTick_Handler   stm32f30x_it.o
    0x08001888   0x00000070   Code   RO          265    i.SystemInit        system_stm32f30x.o
    0x080018f8   0x00000014   Code   RO          989    i.TIM_ARRPreloadConfig  stm32f30x_tim.o
    0x0800190c   0x00000014   Code   RO         1007    i.TIM_Cmd           stm32f30x_tim.o
    0x08001920   0x00000014   Code   RO         1009    i.TIM_CtrlPWMOutputs  stm32f30x_tim.o
    0x08001934   0x00000088   Code   RO         1038    i.TIM_OC1Init       stm32f30x_tim.o
    0x080019bc   0x0000000c   Code   RO         1041    i.TIM_OC1PreloadConfig  stm32f30x_tim.o
    0x080019c8   0x00000078   Code   RO         1043    i.TIM_OC2Init       stm32f30x_tim.o
    0x08001a40   0x0000000e   Code   RO         1046    i.TIM_OC2PreloadConfig  stm32f30x_tim.o
    0x08001a4e   0x00000002   PAD
    0x08001a50   0x0000006c   Code   RO         1048    i.TIM_OC3Init       stm32f30x_tim.o
    0x08001abc   0x0000000c   Code   RO         1051    i.TIM_OC3PreloadConfig  stm32f30x_tim.o
    0x08001ac8   0x00000090   Code   RO         1094    i.TIM_TimeBaseInit  stm32f30x_tim.o
    0x08001b58   0x00000014   Code   RO          398    i.TimingDelay_Decrement  system_control.o
    0x08001b6c   0x00000054   Code   RO          308    i.USART2_IRQHandler  stm32f30x_it.o
    0x08001bc0   0x00000014   Code   RO         2207    i.USART_Cmd         stm32f30x_usart.o
    0x08001bd4   0x0000003a   Code   RO         2216    i.USART_GetITStatus  stm32f30x_usart.o
    0x08001c0e   0x00000028   Code   RO         2218    i.USART_ITConfig    stm32f30x_usart.o
    0x08001c36   0x00000002   PAD
    0x08001c38   0x000000c0   Code   RO         2219    i.USART_Init        stm32f30x_usart.o
    0x08001cf8   0x00000008   Code   RO         2231    i.USART_ReceiveData  stm32f30x_usart.o
    0x08001d00   0x00000002   Code   RO          309    i.UsageFault_Handler  stm32f30x_it.o
    0x08001d02   0x00000006   PAD
    0x08001d08   0x00000350   Code   RO         2766    i.__hardfp_acos     m_wm.l(acos.o)
    0x08002058   0x0000007a   Code   RO         2780    i.__hardfp_sqrt     m_wm.l(sqrt.o)
    0x080020d2   0x000000f8   Code   RO         2807    i.__kernel_poly     m_wm.l(poly.o)
    0x080021ca   0x0000000e   Code   RO         2849    i.__scatterload_copy  mc_w.l(handlers.o)
    0x080021d8   0x00000002   Code   RO         2850    i.__scatterload_null  mc_w.l(handlers.o)
    0x080021da   0x0000000e   Code   RO         2851    i.__scatterload_zeroinit  mc_w.l(handlers.o)
    0x080021e8   0x0000000c   Code   RO         2829    i.__set_errno       mc_w.l(errno.o)
    0x080021f4   0x00000026   Code   RO          177    i.init_ALL          init.o
    0x0800221a   0x00000002   PAD
    0x0800221c   0x0000003c   Code   RO          178    i.init_ESC          init.o
    0x08002258   0x00000068   Code   RO          179    i.init_ESC_GPIO     init.o
    0x080022c0   0x000000ac   Code   RO          180    i.init_ESC_Timer    init.o
    0x0800236c   0x00000034   Code   RO          181    i.init_SysTick      init.o
    0x080023a0   0x000000a0   Code   RO          182    i.init_USART2       init.o
    0x08002440   0x00000062   Code   RO          183    i.init_acc          init.o
    0x080024a2   0x0000003e   Code   RO          184    i.init_discovery_board  init.o
    0x080024e0   0x00000042   Code   RO          185    i.init_gyro         init.o
    0x08002522   0x00000002   PAD
    0x08002524   0x00000058   Code   RO          186    i.init_timer        init.o
    0x0800257c   0x000000bc   Code   RO          399    i.kalmanCalculate   system_control.o
    0x08002638   0x0000024c   Code   RO            4    i.main              main.o
    0x08002884   0x0000006e   Code   RO         2782    i.sqrt              m_wm.l(sqrt.o)
    0x080028f2   0x00000002   PAD
    0x080028f4   0x0000003c   Data   RO         2514    .constdata          stm32f3_discovery.o
    0x08002930   0x00000050   Data   RO         2769    .constdata          m_wm.l(acos.o)
    0x08002980   0x00000020   Data   RO         2847    Region$$Table       anon$$obj.o


    Execution Region ER_RW (Base: 0x20000000, Size: 0x00000110, Max: 0xffffffff, ABSOLUTE)

    Base Addr    Size         Type   Attr      Idx    E Section Name        Object

    0x20000000   0x00000040   Data   RW           16    .data               main.o
    0x20000040   0x00000018   Data   RW          188    .data               init.o
    0x20000058   0x00000014   Data   RW          266    .data               system_stm32f30x.o
    0x2000006c   0x00000008   Data   RW          312    .data               stm32f30x_it.o
    0x20000074   0x00000042   Data   RW          400    .data               system_control.o
    0x200000b6   0x0000002a   Data   RW          678    .data               stm32f30x_rcc.o
    0x200000e0   0x00000024   Data   RW         2515    .data               stm32f3_discovery.o
    0x20000104   0x00000004   Data   RW         2578    .data               stm32f3_discovery_lsm303dlhc.o
    0x20000108   0x00000004   Data   RW         2686    .data               stm32f3_discovery_l3gd20.o
    0x2000010c   0x00000004   Data   RW         2830    .data               mc_w.l(errno.o)


    Execution Region ER_ZI (Base: 0x20000110, Size: 0x00000490, Max: 0xffffffff, ABSOLUTE)

    Base Addr    Size         Type   Attr      Idx    E Section Name        Object

    0x20000110   0x00000018   Zero   RW            6    .bss                main.o
    0x20000128   0x00000044   Zero   RW          187    .bss                init.o
    0x2000016c   0x00000033   Zero   RW          310    .bss                stm32f30x_it.o
    0x2000019f   0x00000001   PAD
    0x200001a0   0x00000400   Zero   RW         2759    STACK               startup_stm32f30x.o


==============================================================================

Image component sizes


      Code (inc. data)   RO Data    RW Data    ZI Data      Debug   Object Name

       900         72          0         24         68      32328   init.o
       588         62          0         64         24     288534   main.o
        36          8        392          0       1024        772   startup_stm32f30x.o
       224          4          0          0          0       1236   stm32f30x_exti.o
       160          0          0          0          0       3171   stm32f30x_gpio.o
       176         12          0          0          0       5221   stm32f30x_i2c.o
       104         18          0          8         51       5357   stm32f30x_it.o
       100         10          0          0          0       1236   stm32f30x_misc.o
       712         46          0         42          0       6524   stm32f30x_rcc.o
       264         12          0          0          0       5245   stm32f30x_spi.o
        40          6          0          0          0        700   stm32f30x_syscfg.o
       606         84          0          0          0       8623   stm32f30x_tim.o
       318         16          0          0          0       4542   stm32f30x_usart.o
       248         26         60         36          0       3236   stm32f3_discovery.o
       734         30          0          4          0       5784   stm32f3_discovery_l3gd20.o
       990         34          0          4          0       5633   stm32f3_discovery_lsm303dlhc.o
       708         40          0         66          0       6247   system_control.o
       260         30          0         20          0       1717   system_stm32f30x.o

    ----------------------------------------------------------------------
      7192        510        484        268       1168     386106   Object Totals
         0          0         32          0          0          0   (incl. Generated)
        24          0          0          0          1          0   (incl. Padding)

    ----------------------------------------------------------------------

      Code (inc. data)   RO Data    RW Data    ZI Data      Debug   Library Member Name

       848        110         80          0          0        188   acos.o
       248          0          0          0          0        152   poly.o
       232          0          0          0          0        296   sqrt.o
         0          0          0          0          0          0   entry.o
         0          0          0          0          0          0   entry10a.o
         0          0          0          0          0          0   entry11a.o
         8          4          0          0          0          0   entry2.o
         4          0          0          0          0          0   entry5.o
         0          0          0          0          0          0   entry7b.o
         0          0          0          0          0          0   entry8b.o
         8          4          0          0          0          0   entry9a.o
        12          6          0          4          0         68   errno.o
        30          0          0          0          0          0   handlers.o
        36          8          0          0          0         68   init.o
         0          0          0          0          0          0   iusefp.o
        30          0          0          0          0         68   llshl.o
        36          0          0          0          0         68   llsshr.o
        32          0          0          0          0         68   llushr.o
        56          0          0          0          0         88   d2f.o
       334          0          0          0          0        148   dadd.o
       222          0          0          0          0        100   ddiv.o
       190          0          0          0          0        176   depilogue.o
        34          0          0          0          0         76   dflti.o
       228          0          0          0          0         96   dmul.o
       162          0          0          0          0        100   dsqrt.o
        38          0          0          0          0         68   f2d.o
       108          0          0          0          0        168   fepilogue.o

    ----------------------------------------------------------------------
      2900        132         80          4          0       1996   Library Totals
         4          0          0          0          0          0   (incl. Padding)

    ----------------------------------------------------------------------

      Code (inc. data)   RO Data    RW Data    ZI Data      Debug   Library Name

      1328        110         80          0          0        636   m_wm.l
       196         22          0          4          0        340   mc_w.l
      1372          0          0          0          0       1020   mf_w.l

    ----------------------------------------------------------------------
      2900        132         80          4          0       1996   Library Totals

    ----------------------------------------------------------------------

==============================================================================


      Code (inc. data)   RO Data    RW Data    ZI Data      Debug   

     10092        642        564        272       1168     379130   Grand Totals
     10092        642        564        272       1168     379130   ELF Image Totals
     10092        642        564        272          0          0   ROM Totals

==============================================================================

    Total RO  Size (Code + RO Data)                10656 (  10.41kB)
    Total RW  Size (RW Data + ZI Data)              1440 (   1.41kB)
    Total ROM Size (Code + RO Data + RW Data)      10928 (  10.67kB)

==============================================================================

