ARM Linker, 5.03 [Build 76] [MDK-ARM Lite]

==============================================================================

Section Cross References

    main.o(i.calib) refers to stm32f30x_rcc.o(i.RCC_AHBPeriphClockCmd) for RCC_AHBPeriphClockCmd
    main.o(i.calib) refers to stm32f30x_gpio.o(i.GPIO_Init) for GPIO_Init
    main.o(i.calib) refers to delay.o(i.Delay) for Delay
    main.o(i.calib) refers to main.o(.data) for .data
    main.o(i.main) refers to init.o(i.init_ALL) for init_ALL
    main.o(i.main) refers to pwm.o(i.PWM_SetDC) for PWM_SetDC
    main.o(i.main) refers to delay.o(i.Delay) for Delay
    init.o(i.init_ALL) refers to init.o(i.init_discovery_board) for init_discovery_board
    init.o(i.init_ALL) refers to init.o(i.init_SysTick) for init_SysTick
    init.o(i.init_ALL) refers to init.o(i.init_PWM) for init_PWM
    init.o(i.init_PWM) refers to init.o(i.init_PWM_GPIO) for init_PWM_GPIO
    init.o(i.init_PWM) refers to init.o(i.init_PWM_Timer) for init_PWM_Timer
    init.o(i.init_PWM) refers to pwm.o(i.PWM_SetDC) for PWM_SetDC
    init.o(i.init_PWM_GPIO) refers to stm32f30x_rcc.o(i.RCC_APB2PeriphClockCmd) for RCC_APB2PeriphClockCmd
    init.o(i.init_PWM_GPIO) refers to stm32f30x_rcc.o(i.RCC_AHBPeriphClockCmd) for RCC_AHBPeriphClockCmd
    init.o(i.init_PWM_GPIO) refers to stm32f30x_gpio.o(i.GPIO_Init) for GPIO_Init
    init.o(i.init_PWM_GPIO) refers to stm32f30x_gpio.o(i.GPIO_PinAFConfig) for GPIO_PinAFConfig
    init.o(i.init_PWM_GPIO) refers to init.o(.data) for .data
    init.o(i.init_PWM_Timer) refers to stm32f30x_tim.o(i.TIM_TimeBaseInit) for TIM_TimeBaseInit
    init.o(i.init_PWM_Timer) refers to stm32f30x_tim.o(i.TIM_OC1Init) for TIM_OC1Init
    init.o(i.init_PWM_Timer) refers to stm32f30x_tim.o(i.TIM_OC1PreloadConfig) for TIM_OC1PreloadConfig
    init.o(i.init_PWM_Timer) refers to stm32f30x_tim.o(i.TIM_OC2Init) for TIM_OC2Init
    init.o(i.init_PWM_Timer) refers to stm32f30x_tim.o(i.TIM_OC2PreloadConfig) for TIM_OC2PreloadConfig
    init.o(i.init_PWM_Timer) refers to stm32f30x_tim.o(i.TIM_OC3Init) for TIM_OC3Init
    init.o(i.init_PWM_Timer) refers to stm32f30x_tim.o(i.TIM_OC3PreloadConfig) for TIM_OC3PreloadConfig
    init.o(i.init_PWM_Timer) refers to stm32f30x_tim.o(i.TIM_ARRPreloadConfig) for TIM_ARRPreloadConfig
    init.o(i.init_PWM_Timer) refers to stm32f30x_tim.o(i.TIM_CtrlPWMOutputs) for TIM_CtrlPWMOutputs
    init.o(i.init_PWM_Timer) refers to stm32f30x_tim.o(i.TIM_Cmd) for TIM_Cmd
    init.o(i.init_PWM_Timer) refers to init.o(.bss) for .bss
    init.o(i.init_SysTick) refers to system_stm32f30x.o(.data) for SystemCoreClock
    init.o(i.init_discovery_board) refers to stm32f3_discovery.o(i.STM_EVAL_PBInit) for STM_EVAL_PBInit
    system_stm32f30x.o(i.SystemCoreClockUpdate) refers to system_stm32f30x.o(.data) for .data
    system_stm32f30x.o(i.SystemInit) refers to system_stm32f30x.o(i.SetSysClock) for SetSysClock
    stm32f30x_it.o(i.SysTick_Handler) refers to delay.o(i.TimingDelay_Decrement) for TimingDelay_Decrement
    delay.o(i.Delay) refers to delay.o(.data) for .data
    delay.o(i.TimingDelay_Decrement) refers to delay.o(.data) for .data
    pwm.o(i.PWM_SetDC) refers to stm32f30x_tim.o(i.TIM_SetCompare4) for TIM_SetCompare4
    pwm.o(i.PWM_SetDC) refers to stm32f30x_tim.o(i.TIM_SetCompare1) for TIM_SetCompare1
    pwm.o(i.PWM_SetDC) refers to stm32f30x_tim.o(i.TIM_SetCompare2) for TIM_SetCompare2
    pwm.o(i.PWM_SetDC) refers to stm32f30x_tim.o(i.TIM_SetCompare3) for TIM_SetCompare3
    pwm.o(i.blow) refers to pwm.o(i.PWM_SetDC) for PWM_SetDC
    pwm.o(i.blow) refers to delay.o(i.Delay) for Delay
    pwm.o(i.blow_demo) refers to pwm.o(i.PWM_SetDC) for PWM_SetDC
    pwm.o(i.blow_demo) refers to delay.o(i.Delay) for Delay
    stm32f30x_gpio.o(i.GPIO_DeInit) refers to stm32f30x_rcc.o(i.RCC_AHBPeriphResetCmd) for RCC_AHBPeriphResetCmd
    stm32f30x_rcc.o(i.RCC_GetClocksFreq) refers to stm32f30x_rcc.o(.data) for .data
    stm32f30x_rcc.o(i.RCC_WaitForHSEStartUp) refers to stm32f30x_rcc.o(i.RCC_GetFlagStatus) for RCC_GetFlagStatus
    stm32f30x_tim.o(i.TIM_DeInit) refers to stm32f30x_rcc.o(i.RCC_APB1PeriphResetCmd) for RCC_APB1PeriphResetCmd
    stm32f30x_tim.o(i.TIM_DeInit) refers to stm32f30x_rcc.o(i.RCC_APB2PeriphResetCmd) for RCC_APB2PeriphResetCmd
    stm32f30x_tim.o(i.TIM_ETRClockMode1Config) refers to stm32f30x_tim.o(i.TIM_ETRConfig) for TIM_ETRConfig
    stm32f30x_tim.o(i.TIM_ETRClockMode2Config) refers to stm32f30x_tim.o(i.TIM_ETRConfig) for TIM_ETRConfig
    stm32f30x_tim.o(i.TIM_ICInit) refers to stm32f30x_tim.o(i.TIM_SetIC4Prescaler) for TIM_SetIC4Prescaler
    stm32f30x_tim.o(i.TIM_ICInit) refers to stm32f30x_tim.o(i.TI1_Config) for TI1_Config
    stm32f30x_tim.o(i.TIM_ICInit) refers to stm32f30x_tim.o(i.TIM_SetIC1Prescaler) for TIM_SetIC1Prescaler
    stm32f30x_tim.o(i.TIM_ICInit) refers to stm32f30x_tim.o(i.TI2_Config) for TI2_Config
    stm32f30x_tim.o(i.TIM_ICInit) refers to stm32f30x_tim.o(i.TIM_SetIC2Prescaler) for TIM_SetIC2Prescaler
    stm32f30x_tim.o(i.TIM_ICInit) refers to stm32f30x_tim.o(i.TIM_SetIC3Prescaler) for TIM_SetIC3Prescaler
    stm32f30x_tim.o(i.TIM_ITRxExternalClockConfig) refers to stm32f30x_tim.o(i.TIM_SelectInputTrigger) for TIM_SelectInputTrigger
    stm32f30x_tim.o(i.TIM_PWMIConfig) refers to stm32f30x_tim.o(i.TI2_Config) for TI2_Config
    stm32f30x_tim.o(i.TIM_PWMIConfig) refers to stm32f30x_tim.o(i.TIM_SetIC2Prescaler) for TIM_SetIC2Prescaler
    stm32f30x_tim.o(i.TIM_PWMIConfig) refers to stm32f30x_tim.o(i.TI1_Config) for TI1_Config
    stm32f30x_tim.o(i.TIM_PWMIConfig) refers to stm32f30x_tim.o(i.TIM_SetIC1Prescaler) for TIM_SetIC1Prescaler
    stm32f30x_tim.o(i.TIM_TIxExternalClockConfig) refers to stm32f30x_tim.o(i.TI1_Config) for TI1_Config
    stm32f30x_tim.o(i.TIM_TIxExternalClockConfig) refers to stm32f30x_tim.o(i.TIM_SelectInputTrigger) for TIM_SelectInputTrigger
    stm32f30x_tim.o(i.TIM_TIxExternalClockConfig) refers to stm32f30x_tim.o(i.TI2_Config) for TI2_Config
    stm32f3_discovery.o(i.STM_EVAL_LEDInit) refers to stm32f30x_rcc.o(i.RCC_AHBPeriphClockCmd) for RCC_AHBPeriphClockCmd
    stm32f3_discovery.o(i.STM_EVAL_LEDInit) refers to stm32f30x_gpio.o(i.GPIO_Init) for GPIO_Init
    stm32f3_discovery.o(i.STM_EVAL_LEDInit) refers to stm32f3_discovery.o(.constdata) for .constdata
    stm32f3_discovery.o(i.STM_EVAL_LEDInit) refers to stm32f3_discovery.o(.data) for .data
    stm32f3_discovery.o(i.STM_EVAL_LEDOff) refers to stm32f3_discovery.o(.constdata) for .constdata
    stm32f3_discovery.o(i.STM_EVAL_LEDOff) refers to stm32f3_discovery.o(.data) for .data
    stm32f3_discovery.o(i.STM_EVAL_LEDOn) refers to stm32f3_discovery.o(.constdata) for .constdata
    stm32f3_discovery.o(i.STM_EVAL_LEDOn) refers to stm32f3_discovery.o(.data) for .data
    stm32f3_discovery.o(i.STM_EVAL_LEDToggle) refers to stm32f3_discovery.o(.data) for .data
    stm32f3_discovery.o(i.STM_EVAL_LEDToggle) refers to stm32f3_discovery.o(.constdata) for .constdata
    stm32f3_discovery.o(i.STM_EVAL_PBGetState) refers to stm32f30x_gpio.o(i.GPIO_ReadInputDataBit) for GPIO_ReadInputDataBit
    stm32f3_discovery.o(i.STM_EVAL_PBGetState) refers to stm32f3_discovery.o(.constdata) for .constdata
    stm32f3_discovery.o(i.STM_EVAL_PBGetState) refers to stm32f3_discovery.o(.data) for .data
    stm32f3_discovery.o(i.STM_EVAL_PBInit) refers to stm32f30x_rcc.o(i.RCC_AHBPeriphClockCmd) for RCC_AHBPeriphClockCmd
    stm32f3_discovery.o(i.STM_EVAL_PBInit) refers to stm32f30x_rcc.o(i.RCC_APB2PeriphClockCmd) for RCC_APB2PeriphClockCmd
    stm32f3_discovery.o(i.STM_EVAL_PBInit) refers to stm32f30x_gpio.o(i.GPIO_Init) for GPIO_Init
    stm32f3_discovery.o(i.STM_EVAL_PBInit) refers to stm32f30x_syscfg.o(i.SYSCFG_EXTILineConfig) for SYSCFG_EXTILineConfig
    stm32f3_discovery.o(i.STM_EVAL_PBInit) refers to stm32f30x_exti.o(i.EXTI_Init) for EXTI_Init
    stm32f3_discovery.o(i.STM_EVAL_PBInit) refers to stm32f30x_misc.o(i.NVIC_Init) for NVIC_Init
    stm32f3_discovery.o(i.STM_EVAL_PBInit) refers to stm32f3_discovery.o(.constdata) for .constdata
    stm32f3_discovery.o(i.STM_EVAL_PBInit) refers to stm32f3_discovery.o(.data) for .data
    startup_stm32f30x.o(RESET) refers to startup_stm32f30x.o(STACK) for __initial_sp
    startup_stm32f30x.o(RESET) refers to startup_stm32f30x.o(.text) for Reset_Handler
    startup_stm32f30x.o(RESET) refers to stm32f30x_it.o(i.NMI_Handler) for NMI_Handler
    startup_stm32f30x.o(RESET) refers to stm32f30x_it.o(i.HardFault_Handler) for HardFault_Handler
    startup_stm32f30x.o(RESET) refers to stm32f30x_it.o(i.MemManage_Handler) for MemManage_Handler
    startup_stm32f30x.o(RESET) refers to stm32f30x_it.o(i.BusFault_Handler) for BusFault_Handler
    startup_stm32f30x.o(RESET) refers to stm32f30x_it.o(i.UsageFault_Handler) for UsageFault_Handler
    startup_stm32f30x.o(RESET) refers to stm32f30x_it.o(i.SVC_Handler) for SVC_Handler
    startup_stm32f30x.o(RESET) refers to stm32f30x_it.o(i.DebugMon_Handler) for DebugMon_Handler
    startup_stm32f30x.o(RESET) refers to stm32f30x_it.o(i.PendSV_Handler) for PendSV_Handler
    startup_stm32f30x.o(RESET) refers to stm32f30x_it.o(i.SysTick_Handler) for SysTick_Handler
    startup_stm32f30x.o(.text) refers to system_stm32f30x.o(i.SystemInit) for SystemInit
    startup_stm32f30x.o(.text) refers to entry.o(.ARM.Collect$$$$00000000) for __main
    entry.o(.ARM.Collect$$$$00000000) refers (Special) to entry10a.o(.ARM.Collect$$$$0000000D) for __rt_final_cpp
    entry.o(.ARM.Collect$$$$00000000) refers (Special) to entry11a.o(.ARM.Collect$$$$0000000F) for __rt_final_exit
    entry.o(.ARM.Collect$$$$00000000) refers (Special) to entry7b.o(.ARM.Collect$$$$00000008) for _main_clock
    entry.o(.ARM.Collect$$$$00000000) refers (Special) to entry8b.o(.ARM.Collect$$$$0000000A) for _main_cpp_init
    entry.o(.ARM.Collect$$$$00000000) refers (Special) to entry9a.o(.ARM.Collect$$$$0000000B) for _main_init
    entry.o(.ARM.Collect$$$$00000000) refers (Special) to entry5.o(.ARM.Collect$$$$00000004) for _main_scatterload
    entry.o(.ARM.Collect$$$$00000000) refers (Special) to entry2.o(.ARM.Collect$$$$00000001) for _main_stk
    entry2.o(.ARM.Collect$$$$00000001) refers to entry2.o(.ARM.Collect$$$$00002712) for __lit__00000000
    entry2.o(.ARM.Collect$$$$00002712) refers to startup_stm32f30x.o(STACK) for __initial_sp
    entry2.o(__vectab_stack_and_reset_area) refers to startup_stm32f30x.o(STACK) for __initial_sp
    entry2.o(__vectab_stack_and_reset_area) refers to entry.o(.ARM.Collect$$$$00000000) for __main
    entry5.o(.ARM.Collect$$$$00000004) refers to init.o(.text) for __scatterload
    entry9a.o(.ARM.Collect$$$$0000000B) refers to main.o(i.main) for main
    entry9b.o(.ARM.Collect$$$$0000000C) refers to main.o(i.main) for main
    init.o(.text) refers to entry5.o(.ARM.Collect$$$$00000004) for __main_after_scatterload


==============================================================================

Removing Unused input sections from the image.

    Removing main.o(.rev16_text), (4 bytes).
    Removing main.o(.revsh_text), (4 bytes).
    Removing main.o(i.calib), (92 bytes).
    Removing main.o(.data), (8 bytes).
    Removing init.o(.rev16_text), (4 bytes).
    Removing init.o(.revsh_text), (4 bytes).
    Removing init.o(.data), (8 bytes).
    Removing system_stm32f30x.o(.rev16_text), (4 bytes).
    Removing system_stm32f30x.o(.revsh_text), (4 bytes).
    Removing system_stm32f30x.o(i.SystemCoreClockUpdate), (108 bytes).
    Removing stm32f30x_it.o(.rev16_text), (4 bytes).
    Removing stm32f30x_it.o(.revsh_text), (4 bytes).
    Removing stm32f30x_it.o(.data), (4 bytes).
    Removing delay.o(.rev16_text), (4 bytes).
    Removing delay.o(.revsh_text), (4 bytes).
    Removing delay.o(i.Delay_tick), (14 bytes).
    Removing delay.o(.data), (4 bytes).
    Removing delay.o(.data), (4 bytes).
    Removing pwm.o(.rev16_text), (4 bytes).
    Removing pwm.o(.revsh_text), (4 bytes).
    Removing pwm.o(i.blow), (96 bytes).
    Removing pwm.o(i.blow_demo), (30 bytes).
    Removing stm32f30x_gpio.o(.rev16_text), (4 bytes).
    Removing stm32f30x_gpio.o(.revsh_text), (4 bytes).
    Removing stm32f30x_gpio.o(i.GPIO_DeInit), (112 bytes).
    Removing stm32f30x_gpio.o(i.GPIO_PinLockConfig), (16 bytes).
    Removing stm32f30x_gpio.o(i.GPIO_ReadInputData), (4 bytes).
    Removing stm32f30x_gpio.o(i.GPIO_ReadInputDataBit), (14 bytes).
    Removing stm32f30x_gpio.o(i.GPIO_ReadOutputData), (4 bytes).
    Removing stm32f30x_gpio.o(i.GPIO_ReadOutputDataBit), (14 bytes).
    Removing stm32f30x_gpio.o(i.GPIO_ResetBits), (4 bytes).
    Removing stm32f30x_gpio.o(i.GPIO_SetBits), (4 bytes).
    Removing stm32f30x_gpio.o(i.GPIO_StructInit), (20 bytes).
    Removing stm32f30x_gpio.o(i.GPIO_Write), (4 bytes).
    Removing stm32f30x_gpio.o(i.GPIO_WriteBit), (10 bytes).
    Removing stm32f30x_misc.o(.rev16_text), (4 bytes).
    Removing stm32f30x_misc.o(.revsh_text), (4 bytes).
    Removing stm32f30x_misc.o(i.NVIC_PriorityGroupConfig), (20 bytes).
    Removing stm32f30x_misc.o(i.NVIC_SetVectorTable), (20 bytes).
    Removing stm32f30x_misc.o(i.NVIC_SystemLPConfig), (24 bytes).
    Removing stm32f30x_misc.o(i.SysTick_CLKSourceConfig), (24 bytes).
    Removing stm32f30x_rcc.o(.rev16_text), (4 bytes).
    Removing stm32f30x_rcc.o(.revsh_text), (4 bytes).
    Removing stm32f30x_rcc.o(i.RCC_ADCCLKConfig), (32 bytes).
    Removing stm32f30x_rcc.o(i.RCC_AHBPeriphResetCmd), (24 bytes).
    Removing stm32f30x_rcc.o(i.RCC_APB1PeriphClockCmd), (24 bytes).
    Removing stm32f30x_rcc.o(i.RCC_APB1PeriphResetCmd), (24 bytes).
    Removing stm32f30x_rcc.o(i.RCC_APB2PeriphResetCmd), (24 bytes).
    Removing stm32f30x_rcc.o(i.RCC_AdjustHSICalibrationValue), (20 bytes).
    Removing stm32f30x_rcc.o(i.RCC_BackupResetCmd), (12 bytes).
    Removing stm32f30x_rcc.o(i.RCC_ClearFlag), (16 bytes).
    Removing stm32f30x_rcc.o(i.RCC_ClearITPendingBit), (12 bytes).
    Removing stm32f30x_rcc.o(i.RCC_ClockSecuritySystemCmd), (12 bytes).
    Removing stm32f30x_rcc.o(i.RCC_DeInit), (80 bytes).
    Removing stm32f30x_rcc.o(i.RCC_GetClocksFreq), (592 bytes).
    Removing stm32f30x_rcc.o(i.RCC_GetFlagStatus), (52 bytes).
    Removing stm32f30x_rcc.o(i.RCC_GetITStatus), (20 bytes).
    Removing stm32f30x_rcc.o(i.RCC_GetSYSCLKSource), (16 bytes).
    Removing stm32f30x_rcc.o(i.RCC_HCLKConfig), (20 bytes).
    Removing stm32f30x_rcc.o(i.RCC_HSEConfig), (16 bytes).
    Removing stm32f30x_rcc.o(i.RCC_HSICmd), (12 bytes).
    Removing stm32f30x_rcc.o(i.RCC_I2CCLKConfig), (32 bytes).
    Removing stm32f30x_rcc.o(i.RCC_I2SCLKConfig), (12 bytes).
    Removing stm32f30x_rcc.o(i.RCC_ITConfig), (24 bytes).
    Removing stm32f30x_rcc.o(i.RCC_LSEConfig), (32 bytes).
    Removing stm32f30x_rcc.o(i.RCC_LSEDriveConfig), (24 bytes).
    Removing stm32f30x_rcc.o(i.RCC_LSICmd), (12 bytes).
    Removing stm32f30x_rcc.o(i.RCC_MCOConfig), (12 bytes).
    Removing stm32f30x_rcc.o(i.RCC_PCLK1Config), (20 bytes).
    Removing stm32f30x_rcc.o(i.RCC_PCLK2Config), (20 bytes).
    Removing stm32f30x_rcc.o(i.RCC_PLLCmd), (12 bytes).
    Removing stm32f30x_rcc.o(i.RCC_PLLConfig), (24 bytes).
    Removing stm32f30x_rcc.o(i.RCC_PREDIV1Config), (20 bytes).
    Removing stm32f30x_rcc.o(i.RCC_RTCCLKCmd), (12 bytes).
    Removing stm32f30x_rcc.o(i.RCC_RTCCLKConfig), (16 bytes).
    Removing stm32f30x_rcc.o(i.RCC_SYSCLKConfig), (20 bytes).
    Removing stm32f30x_rcc.o(i.RCC_TIMCLKConfig), (32 bytes).
    Removing stm32f30x_rcc.o(i.RCC_USARTCLKConfig), (72 bytes).
    Removing stm32f30x_rcc.o(i.RCC_USBCLKConfig), (12 bytes).
    Removing stm32f30x_rcc.o(i.RCC_WaitForHSEStartUp), (44 bytes).
    Removing stm32f30x_rcc.o(.data), (42 bytes).
    Removing stm32f30x_syscfg.o(.rev16_text), (4 bytes).
    Removing stm32f30x_syscfg.o(.revsh_text), (4 bytes).
    Removing stm32f30x_syscfg.o(i.SYSCFG_BreakConfig), (16 bytes).
    Removing stm32f30x_syscfg.o(i.SYSCFG_BypassParityCheckDisable), (12 bytes).
    Removing stm32f30x_syscfg.o(i.SYSCFG_ClearFlag), (16 bytes).
    Removing stm32f30x_syscfg.o(i.SYSCFG_DMAChannelRemapConfig), (24 bytes).
    Removing stm32f30x_syscfg.o(i.SYSCFG_DeInit), (40 bytes).
    Removing stm32f30x_syscfg.o(i.SYSCFG_EncoderRemapConfig), (24 bytes).
    Removing stm32f30x_syscfg.o(i.SYSCFG_GetFlagStatus), (20 bytes).
    Removing stm32f30x_syscfg.o(i.SYSCFG_I2CFastModePlusConfig), (24 bytes).
    Removing stm32f30x_syscfg.o(i.SYSCFG_ITConfig), (24 bytes).
    Removing stm32f30x_syscfg.o(i.SYSCFG_MemoryRemapConfig), (20 bytes).
    Removing stm32f30x_syscfg.o(i.SYSCFG_SRAMWRPEnable), (16 bytes).
    Removing stm32f30x_syscfg.o(i.SYSCFG_TriggerRemapConfig), (24 bytes).
    Removing stm32f30x_syscfg.o(i.SYSCFG_USBInterruptLineRemapCmd), (12 bytes).
    Removing stm32f30x_tim.o(.rev16_text), (4 bytes).
    Removing stm32f30x_tim.o(.revsh_text), (4 bytes).
    Removing stm32f30x_tim.o(i.TI1_Config), (40 bytes).
    Removing stm32f30x_tim.o(i.TI2_Config), (54 bytes).
    Removing stm32f30x_tim.o(i.TIM_BDTRConfig), (32 bytes).
    Removing stm32f30x_tim.o(i.TIM_BDTRStructInit), (18 bytes).
    Removing stm32f30x_tim.o(i.TIM_Break1Cmd), (20 bytes).
    Removing stm32f30x_tim.o(i.TIM_Break1Config), (20 bytes).
    Removing stm32f30x_tim.o(i.TIM_Break2Cmd), (20 bytes).
    Removing stm32f30x_tim.o(i.TIM_Break2Config), (20 bytes).
    Removing stm32f30x_tim.o(i.TIM_CCPreloadControl), (22 bytes).
    Removing stm32f30x_tim.o(i.TIM_CCxCmd), (22 bytes).
    Removing stm32f30x_tim.o(i.TIM_CCxNCmd), (22 bytes).
    Removing stm32f30x_tim.o(i.TIM_ClearFlag), (8 bytes).
    Removing stm32f30x_tim.o(i.TIM_ClearITPendingBit), (8 bytes).
    Removing stm32f30x_tim.o(i.TIM_ClearOC1Ref), (12 bytes).
    Removing stm32f30x_tim.o(i.TIM_ClearOC2Ref), (14 bytes).
    Removing stm32f30x_tim.o(i.TIM_ClearOC3Ref), (12 bytes).
    Removing stm32f30x_tim.o(i.TIM_ClearOC4Ref), (14 bytes).
    Removing stm32f30x_tim.o(i.TIM_ClearOC5Ref), (12 bytes).
    Removing stm32f30x_tim.o(i.TIM_ClearOC6Ref), (14 bytes).
    Removing stm32f30x_tim.o(i.TIM_CounterModeConfig), (12 bytes).
    Removing stm32f30x_tim.o(i.TIM_DMACmd), (20 bytes).
    Removing stm32f30x_tim.o(i.TIM_DMAConfig), (8 bytes).
    Removing stm32f30x_tim.o(i.TIM_DeInit), (224 bytes).
    Removing stm32f30x_tim.o(i.TIM_ETRClockMode1Config), (20 bytes).
    Removing stm32f30x_tim.o(i.TIM_ETRClockMode2Config), (18 bytes).
    Removing stm32f30x_tim.o(i.TIM_ETRConfig), (24 bytes).
    Removing stm32f30x_tim.o(i.TIM_EncoderInterfaceConfig), (56 bytes).
    Removing stm32f30x_tim.o(i.TIM_ForcedOC1Config), (16 bytes).
    Removing stm32f30x_tim.o(i.TIM_ForcedOC2Config), (20 bytes).
    Removing stm32f30x_tim.o(i.TIM_ForcedOC3Config), (12 bytes).
    Removing stm32f30x_tim.o(i.TIM_ForcedOC4Config), (14 bytes).
    Removing stm32f30x_tim.o(i.TIM_ForcedOC5Config), (12 bytes).
    Removing stm32f30x_tim.o(i.TIM_ForcedOC6Config), (14 bytes).
    Removing stm32f30x_tim.o(i.TIM_GenerateEvent), (4 bytes).
    Removing stm32f30x_tim.o(i.TIM_GetCapture1), (4 bytes).
    Removing stm32f30x_tim.o(i.TIM_GetCapture2), (4 bytes).
    Removing stm32f30x_tim.o(i.TIM_GetCapture3), (4 bytes).
    Removing stm32f30x_tim.o(i.TIM_GetCapture4), (4 bytes).
    Removing stm32f30x_tim.o(i.TIM_GetCounter), (4 bytes).
    Removing stm32f30x_tim.o(i.TIM_GetFlagStatus), (14 bytes).
    Removing stm32f30x_tim.o(i.TIM_GetITStatus), (24 bytes).
    Removing stm32f30x_tim.o(i.TIM_GetPrescaler), (4 bytes).
    Removing stm32f30x_tim.o(i.TIM_ICInit), (184 bytes).
    Removing stm32f30x_tim.o(i.TIM_ICStructInit), (16 bytes).
    Removing stm32f30x_tim.o(i.TIM_ITConfig), (20 bytes).
    Removing stm32f30x_tim.o(i.TIM_ITRxExternalClockConfig), (18 bytes).
    Removing stm32f30x_tim.o(i.TIM_InternalClockConfig), (12 bytes).
    Removing stm32f30x_tim.o(i.TIM_OC1FastConfig), (12 bytes).
    Removing stm32f30x_tim.o(i.TIM_OC1NPolarityConfig), (12 bytes).
    Removing stm32f30x_tim.o(i.TIM_OC1PolarityConfig), (12 bytes).
    Removing stm32f30x_tim.o(i.TIM_OC2FastConfig), (14 bytes).
    Removing stm32f30x_tim.o(i.TIM_OC2NPolarityConfig), (14 bytes).
    Removing stm32f30x_tim.o(i.TIM_OC2PolarityConfig), (14 bytes).
    Removing stm32f30x_tim.o(i.TIM_OC3FastConfig), (12 bytes).
    Removing stm32f30x_tim.o(i.TIM_OC3NPolarityConfig), (14 bytes).
    Removing stm32f30x_tim.o(i.TIM_OC3PolarityConfig), (14 bytes).
    Removing stm32f30x_tim.o(i.TIM_OC4FastConfig), (14 bytes).
    Removing stm32f30x_tim.o(i.TIM_OC4Init), (84 bytes).
    Removing stm32f30x_tim.o(i.TIM_OC4PolarityConfig), (14 bytes).
    Removing stm32f30x_tim.o(i.TIM_OC4PreloadConfig), (14 bytes).
    Removing stm32f30x_tim.o(i.TIM_OC5Init), (84 bytes).
    Removing stm32f30x_tim.o(i.TIM_OC5PolarityConfig), (14 bytes).
    Removing stm32f30x_tim.o(i.TIM_OC5PreloadConfig), (12 bytes).
    Removing stm32f30x_tim.o(i.TIM_OC6Init), (80 bytes).
    Removing stm32f30x_tim.o(i.TIM_OC6PolarityConfig), (14 bytes).
    Removing stm32f30x_tim.o(i.TIM_OC6PreloadConfig), (14 bytes).
    Removing stm32f30x_tim.o(i.TIM_OCStructInit), (20 bytes).
    Removing stm32f30x_tim.o(i.TIM_PWMIConfig), (108 bytes).
    Removing stm32f30x_tim.o(i.TIM_PrescalerConfig), (6 bytes).
    Removing stm32f30x_tim.o(i.TIM_RemapConfig), (6 bytes).
    Removing stm32f30x_tim.o(i.TIM_SelectCCDMA), (22 bytes).
    Removing stm32f30x_tim.o(i.TIM_SelectCOM), (22 bytes).
    Removing stm32f30x_tim.o(i.TIM_SelectGC5C1), (20 bytes).
    Removing stm32f30x_tim.o(i.TIM_SelectGC5C2), (20 bytes).
    Removing stm32f30x_tim.o(i.TIM_SelectGC5C3), (20 bytes).
    Removing stm32f30x_tim.o(i.TIM_SelectHallSensor), (22 bytes).
    Removing stm32f30x_tim.o(i.TIM_SelectInputTrigger), (14 bytes).
    Removing stm32f30x_tim.o(i.TIM_SelectMasterSlaveMode), (18 bytes).
    Removing stm32f30x_tim.o(i.TIM_SelectOCREFClear), (18 bytes).
    Removing stm32f30x_tim.o(i.TIM_SelectOCxM), (80 bytes).
    Removing stm32f30x_tim.o(i.TIM_SelectOnePulseMode), (16 bytes).
    Removing stm32f30x_tim.o(i.TIM_SelectOutputTrigger), (18 bytes).
    Removing stm32f30x_tim.o(i.TIM_SelectOutputTrigger2), (16 bytes).
    Removing stm32f30x_tim.o(i.TIM_SelectSlaveMode), (20 bytes).
    Removing stm32f30x_tim.o(i.TIM_SetAutoreload), (4 bytes).
    Removing stm32f30x_tim.o(i.TIM_SetClockDivision), (16 bytes).
    Removing stm32f30x_tim.o(i.TIM_SetCompare5), (4 bytes).
    Removing stm32f30x_tim.o(i.TIM_SetCompare6), (4 bytes).
    Removing stm32f30x_tim.o(i.TIM_SetCounter), (4 bytes).
    Removing stm32f30x_tim.o(i.TIM_SetIC1Prescaler), (16 bytes).
    Removing stm32f30x_tim.o(i.TIM_SetIC2Prescaler), (18 bytes).
    Removing stm32f30x_tim.o(i.TIM_SetIC3Prescaler), (18 bytes).
    Removing stm32f30x_tim.o(i.TIM_SetIC4Prescaler), (26 bytes).
    Removing stm32f30x_tim.o(i.TIM_TIxExternalClockConfig), (46 bytes).
    Removing stm32f30x_tim.o(i.TIM_TimeBaseStructInit), (18 bytes).
    Removing stm32f30x_tim.o(i.TIM_UIFRemap), (20 bytes).
    Removing stm32f30x_tim.o(i.TIM_UpdateDisableConfig), (20 bytes).
    Removing stm32f30x_tim.o(i.TIM_UpdateRequestConfig), (20 bytes).
    Removing stm32f30x_exti.o(.rev16_text), (4 bytes).
    Removing stm32f30x_exti.o(.revsh_text), (4 bytes).
    Removing stm32f30x_exti.o(i.EXTI_ClearFlag), (24 bytes).
    Removing stm32f30x_exti.o(i.EXTI_ClearITPendingBit), (24 bytes).
    Removing stm32f30x_exti.o(i.EXTI_DeInit), (72 bytes).
    Removing stm32f30x_exti.o(i.EXTI_GenerateSWInterrupt), (28 bytes).
    Removing stm32f30x_exti.o(i.EXTI_GetFlagStatus), (32 bytes).
    Removing stm32f30x_exti.o(i.EXTI_GetITStatus), (48 bytes).
    Removing stm32f30x_exti.o(i.EXTI_StructInit), (14 bytes).
    Removing stm32f3_discovery.o(.rev16_text), (4 bytes).
    Removing stm32f3_discovery.o(.revsh_text), (4 bytes).
    Removing stm32f3_discovery.o(i.STM_EVAL_LEDInit), (72 bytes).
    Removing stm32f3_discovery.o(i.STM_EVAL_LEDOff), (24 bytes).
    Removing stm32f3_discovery.o(i.STM_EVAL_LEDOn), (24 bytes).
    Removing stm32f3_discovery.o(i.STM_EVAL_LEDToggle), (28 bytes).
    Removing stm32f3_discovery.o(i.STM_EVAL_PBGetState), (24 bytes).
    Removing startup_stm32f30x.o(HEAP), (512 bytes).

213 unused section(s) (total 5798 bytes) removed from the image.

==============================================================================

Image Symbol Table

    Local Symbols

    Symbol Name                              Value     Ov Type        Size  Object(Section)

    ../clib/microlib/init/entry.s            0x00000000   Number         0  entry10a.o ABSOLUTE
    ../clib/microlib/init/entry.s            0x00000000   Number         0  entry9b.o ABSOLUTE
    ../clib/microlib/init/entry.s            0x00000000   Number         0  entry8a.o ABSOLUTE
    ../clib/microlib/init/entry.s            0x00000000   Number         0  entry7b.o ABSOLUTE
    ../clib/microlib/init/entry.s            0x00000000   Number         0  entry11b.o ABSOLUTE
    ../clib/microlib/init/entry.s            0x00000000   Number         0  entry8b.o ABSOLUTE
    ../clib/microlib/init/entry.s            0x00000000   Number         0  entry7a.o ABSOLUTE
    ../clib/microlib/init/entry.s            0x00000000   Number         0  entry5.o ABSOLUTE
    ../clib/microlib/init/entry.s            0x00000000   Number         0  entry2.o ABSOLUTE
    ../clib/microlib/init/entry.s            0x00000000   Number         0  entry.o ABSOLUTE
    ../clib/microlib/init/entry.s            0x00000000   Number         0  entry9a.o ABSOLUTE
    ../clib/microlib/init/entry.s            0x00000000   Number         0  entry11a.o ABSOLUTE
    ../clib/microlib/init/entry.s            0x00000000   Number         0  entry10b.o ABSOLUTE
    ..\..\..\STM32F3-Discovery_FW_V1.1.0\Libraries\STM32F30x_StdPeriph_Driver\src\stm32f30x_exti.c 0x00000000   Number         0  stm32f30x_exti.o ABSOLUTE
    ..\..\..\STM32F3-Discovery_FW_V1.1.0\Libraries\STM32F30x_StdPeriph_Driver\src\stm32f30x_gpio.c 0x00000000   Number         0  stm32f30x_gpio.o ABSOLUTE
    ..\..\..\STM32F3-Discovery_FW_V1.1.0\Libraries\STM32F30x_StdPeriph_Driver\src\stm32f30x_misc.c 0x00000000   Number         0  stm32f30x_misc.o ABSOLUTE
    ..\..\..\STM32F3-Discovery_FW_V1.1.0\Libraries\STM32F30x_StdPeriph_Driver\src\stm32f30x_rcc.c 0x00000000   Number         0  stm32f30x_rcc.o ABSOLUTE
    ..\..\..\STM32F3-Discovery_FW_V1.1.0\Libraries\STM32F30x_StdPeriph_Driver\src\stm32f30x_syscfg.c 0x00000000   Number         0  stm32f30x_syscfg.o ABSOLUTE
    ..\..\..\STM32F3-Discovery_FW_V1.1.0\Libraries\STM32F30x_StdPeriph_Driver\src\stm32f30x_tim.c 0x00000000   Number         0  stm32f30x_tim.o ABSOLUTE
    ..\..\..\STM32F3-Discovery_FW_V1.1.0\Utilities\STM32F3_Discovery\stm32f3_discovery.c 0x00000000   Number         0  stm32f3_discovery.o ABSOLUTE
    ..\\..\\..\\STM32F3-Discovery_FW_V1.1.0\\Libraries\\STM32F30x_StdPeriph_Driver\\src\\stm32f30x_exti.c 0x00000000   Number         0  stm32f30x_exti.o ABSOLUTE
    ..\\..\\..\\STM32F3-Discovery_FW_V1.1.0\\Libraries\\STM32F30x_StdPeriph_Driver\\src\\stm32f30x_gpio.c 0x00000000   Number         0  stm32f30x_gpio.o ABSOLUTE
    ..\\..\\..\\STM32F3-Discovery_FW_V1.1.0\\Libraries\\STM32F30x_StdPeriph_Driver\\src\\stm32f30x_misc.c 0x00000000   Number         0  stm32f30x_misc.o ABSOLUTE
    ..\\..\\..\\STM32F3-Discovery_FW_V1.1.0\\Libraries\\STM32F30x_StdPeriph_Driver\\src\\stm32f30x_rcc.c 0x00000000   Number         0  stm32f30x_rcc.o ABSOLUTE
    ..\\..\\..\\STM32F3-Discovery_FW_V1.1.0\\Libraries\\STM32F30x_StdPeriph_Driver\\src\\stm32f30x_syscfg.c 0x00000000   Number         0  stm32f30x_syscfg.o ABSOLUTE
    ..\\..\\..\\STM32F3-Discovery_FW_V1.1.0\\Libraries\\STM32F30x_StdPeriph_Driver\\src\\stm32f30x_tim.c 0x00000000   Number         0  stm32f30x_tim.o ABSOLUTE
    ..\\..\\..\\STM32F3-Discovery_FW_V1.1.0\\Utilities\\STM32F3_Discovery\\stm32f3_discovery.c 0x00000000   Number         0  stm32f3_discovery.o ABSOLUTE
    ..\\delay.c                              0x00000000   Number         0  delay.o ABSOLUTE
    ..\\init.c                               0x00000000   Number         0  init.o ABSOLUTE
    ..\\main.c                               0x00000000   Number         0  main.o ABSOLUTE
    ..\\pwm.c                                0x00000000   Number         0  pwm.o ABSOLUTE
    ..\\stm32f30x_it.c                       0x00000000   Number         0  stm32f30x_it.o ABSOLUTE
    ..\\system_stm32f30x.c                   0x00000000   Number         0  system_stm32f30x.o ABSOLUTE
    ..\delay.c                               0x00000000   Number         0  delay.o ABSOLUTE
    ..\init.c                                0x00000000   Number         0  init.o ABSOLUTE
    ..\main.c                                0x00000000   Number         0  main.o ABSOLUTE
    ..\pwm.c                                 0x00000000   Number         0  pwm.o ABSOLUTE
    ..\stm32f30x_it.c                        0x00000000   Number         0  stm32f30x_it.o ABSOLUTE
    ..\system_stm32f30x.c                    0x00000000   Number         0  system_stm32f30x.o ABSOLUTE
    dc.s                                     0x00000000   Number         0  dc.o ABSOLUTE
    handlers.s                               0x00000000   Number         0  handlers.o ABSOLUTE
    init.s                                   0x00000000   Number         0  init.o ABSOLUTE
    startup_stm32f30x.s                      0x00000000   Number         0  startup_stm32f30x.o ABSOLUTE
    RESET                                    0x08000000   Section      392  startup_stm32f30x.o(RESET)
    .ARM.Collect$$$$00000000                 0x08000188   Section        0  entry.o(.ARM.Collect$$$$00000000)
    .ARM.Collect$$$$00000001                 0x08000188   Section        4  entry2.o(.ARM.Collect$$$$00000001)
    .ARM.Collect$$$$00000004                 0x0800018c   Section        4  entry5.o(.ARM.Collect$$$$00000004)
    .ARM.Collect$$$$00000008                 0x08000190   Section        0  entry7b.o(.ARM.Collect$$$$00000008)
    .ARM.Collect$$$$0000000A                 0x08000190   Section        0  entry8b.o(.ARM.Collect$$$$0000000A)
    .ARM.Collect$$$$0000000B                 0x08000190   Section        8  entry9a.o(.ARM.Collect$$$$0000000B)
    .ARM.Collect$$$$0000000D                 0x08000198   Section        0  entry10a.o(.ARM.Collect$$$$0000000D)
    .ARM.Collect$$$$0000000F                 0x08000198   Section        0  entry11a.o(.ARM.Collect$$$$0000000F)
    .ARM.Collect$$$$00002712                 0x08000198   Section        4  entry2.o(.ARM.Collect$$$$00002712)
    __lit__00000000                          0x08000198   Data           4  entry2.o(.ARM.Collect$$$$00002712)
    .text                                    0x0800019c   Section       36  startup_stm32f30x.o(.text)
    $v0                                      0x0800019c   Number         0  startup_stm32f30x.o(.text)
    .text                                    0x080001c0   Section       36  init.o(.text)
    i.BusFault_Handler                       0x080001e4   Section        0  stm32f30x_it.o(i.BusFault_Handler)
    i.DebugMon_Handler                       0x080001e6   Section        0  stm32f30x_it.o(i.DebugMon_Handler)
    i.Delay                                  0x080001e8   Section        0  delay.o(i.Delay)
    i.EXTI_Init                              0x080001fc   Section        0  stm32f30x_exti.o(i.EXTI_Init)
    i.GPIO_Init                              0x080002dc   Section        0  stm32f30x_gpio.o(i.GPIO_Init)
    i.GPIO_PinAFConfig                       0x08000354   Section        0  stm32f30x_gpio.o(i.GPIO_PinAFConfig)
    i.HardFault_Handler                      0x08000374   Section        0  stm32f30x_it.o(i.HardFault_Handler)
    i.MemManage_Handler                      0x08000376   Section        0  stm32f30x_it.o(i.MemManage_Handler)
    i.NMI_Handler                            0x08000378   Section        0  stm32f30x_it.o(i.NMI_Handler)
    i.NVIC_Init                              0x0800037c   Section        0  stm32f30x_misc.o(i.NVIC_Init)
    i.PWM_SetDC                              0x080003e0   Section        0  pwm.o(i.PWM_SetDC)
    i.PendSV_Handler                         0x08000408   Section        0  stm32f30x_it.o(i.PendSV_Handler)
    i.RCC_AHBPeriphClockCmd                  0x0800040c   Section        0  stm32f30x_rcc.o(i.RCC_AHBPeriphClockCmd)
    i.RCC_APB2PeriphClockCmd                 0x08000424   Section        0  stm32f30x_rcc.o(i.RCC_APB2PeriphClockCmd)
    i.STM_EVAL_PBInit                        0x0800043c   Section        0  stm32f3_discovery.o(i.STM_EVAL_PBInit)
    i.SVC_Handler                            0x080004d4   Section        0  stm32f30x_it.o(i.SVC_Handler)
    i.SYSCFG_EXTILineConfig                  0x080004d8   Section        0  stm32f30x_syscfg.o(i.SYSCFG_EXTILineConfig)
    i.SetSysClock                            0x08000500   Section        0  system_stm32f30x.o(i.SetSysClock)
    SetSysClock                              0x08000501   Thumb Code   140  system_stm32f30x.o(i.SetSysClock)
    i.SysTick_Handler                        0x08000594   Section        0  stm32f30x_it.o(i.SysTick_Handler)
    i.SystemInit                             0x08000598   Section        0  system_stm32f30x.o(i.SystemInit)
    i.TIM_ARRPreloadConfig                   0x08000608   Section        0  stm32f30x_tim.o(i.TIM_ARRPreloadConfig)
    i.TIM_Cmd                                0x0800061c   Section        0  stm32f30x_tim.o(i.TIM_Cmd)
    i.TIM_CtrlPWMOutputs                     0x08000630   Section        0  stm32f30x_tim.o(i.TIM_CtrlPWMOutputs)
    i.TIM_OC1Init                            0x08000644   Section        0  stm32f30x_tim.o(i.TIM_OC1Init)
    i.TIM_OC1PreloadConfig                   0x080006cc   Section        0  stm32f30x_tim.o(i.TIM_OC1PreloadConfig)
    i.TIM_OC2Init                            0x080006d8   Section        0  stm32f30x_tim.o(i.TIM_OC2Init)
    i.TIM_OC2PreloadConfig                   0x08000750   Section        0  stm32f30x_tim.o(i.TIM_OC2PreloadConfig)
    i.TIM_OC3Init                            0x08000760   Section        0  stm32f30x_tim.o(i.TIM_OC3Init)
    i.TIM_OC3PreloadConfig                   0x080007cc   Section        0  stm32f30x_tim.o(i.TIM_OC3PreloadConfig)
    i.TIM_SetCompare1                        0x080007d8   Section        0  stm32f30x_tim.o(i.TIM_SetCompare1)
    i.TIM_SetCompare2                        0x080007dc   Section        0  stm32f30x_tim.o(i.TIM_SetCompare2)
    i.TIM_SetCompare3                        0x080007e0   Section        0  stm32f30x_tim.o(i.TIM_SetCompare3)
    i.TIM_SetCompare4                        0x080007e4   Section        0  stm32f30x_tim.o(i.TIM_SetCompare4)
    i.TIM_TimeBaseInit                       0x080007e8   Section        0  stm32f30x_tim.o(i.TIM_TimeBaseInit)
    i.TimingDelay_Decrement                  0x08000878   Section        0  delay.o(i.TimingDelay_Decrement)
    i.UsageFault_Handler                     0x0800088c   Section        0  stm32f30x_it.o(i.UsageFault_Handler)
    i.__scatterload_copy                     0x0800088e   Section       14  handlers.o(i.__scatterload_copy)
    i.__scatterload_null                     0x0800089c   Section        2  handlers.o(i.__scatterload_null)
    i.__scatterload_zeroinit                 0x0800089e   Section       14  handlers.o(i.__scatterload_zeroinit)
    i.init_ALL                               0x080008ac   Section        0  init.o(i.init_ALL)
    i.init_PWM                               0x080008be   Section        0  init.o(i.init_PWM)
    i.init_PWM_GPIO                          0x080008f0   Section        0  init.o(i.init_PWM_GPIO)
    i.init_PWM_Timer                         0x08000958   Section        0  init.o(i.init_PWM_Timer)
    i.init_SysTick                           0x080009f4   Section        0  init.o(i.init_SysTick)
    i.init_discovery_board                   0x08000a28   Section        0  init.o(i.init_discovery_board)
    i.main                                   0x08000a30   Section        0  main.o(i.main)
    .constdata                               0x08000aa8   Section       60  stm32f3_discovery.o(.constdata)
    .data                                    0x20000000   Section        8  init.o(.data)
    .data                                    0x20000008   Section       20  system_stm32f30x.o(.data)
    .data                                    0x2000001c   Section        4  delay.o(.data)
    TimingDelay                              0x2000001c   Data           4  delay.o(.data)
    .data                                    0x20000020   Section       36  stm32f3_discovery.o(.data)
    .bss                                     0x20000044   Section       32  init.o(.bss)
    STACK                                    0x20000068   Section     1024  startup_stm32f30x.o(STACK)

    Global Symbols

    Symbol Name                              Value     Ov Type        Size  Object(Section)

    BuildAttributes$$THM_ISAv4$E$P$D$K$B$S$7EM$VFPi3$EXTD16$VFPS$VFMA$PE$A:L22UL41UL21$X:L11$S22US41US21$IEEE1$IW$USESV6$~STKCKD$USESV7$~SHL$OSPACE$EBA8$MICROLIB$REQ8$PRES8$EABIv2 0x00000000   Number         0  anon$$obj.o ABSOLUTE
    __ARM_use_no_argv                        0x00000000   Number         0  main.o ABSOLUTE
    __cpp_initialize__aeabi_                  - Undefined Weak Reference
    __cxa_finalize                            - Undefined Weak Reference
    __decompress                              - Undefined Weak Reference
    _clock_init                               - Undefined Weak Reference
    _microlib_exit                            - Undefined Weak Reference
    __Vectors_Size                           0x00000188   Number         0  startup_stm32f30x.o ABSOLUTE
    __Vectors                                0x08000000   Data           4  startup_stm32f30x.o(RESET)
    __Vectors_End                            0x08000188   Data           0  startup_stm32f30x.o(RESET)
    __main                                   0x08000189   Thumb Code     0  entry.o(.ARM.Collect$$$$00000000)
    _main_stk                                0x08000189   Thumb Code     0  entry2.o(.ARM.Collect$$$$00000001)
    _main_scatterload                        0x0800018d   Thumb Code     0  entry5.o(.ARM.Collect$$$$00000004)
    __main_after_scatterload                 0x08000191   Thumb Code     0  entry5.o(.ARM.Collect$$$$00000004)
    _main_clock                              0x08000191   Thumb Code     0  entry7b.o(.ARM.Collect$$$$00000008)
    _main_cpp_init                           0x08000191   Thumb Code     0  entry8b.o(.ARM.Collect$$$$0000000A)
    _main_init                               0x08000191   Thumb Code     0  entry9a.o(.ARM.Collect$$$$0000000B)
    __rt_final_cpp                           0x08000199   Thumb Code     0  entry10a.o(.ARM.Collect$$$$0000000D)
    __rt_final_exit                          0x08000199   Thumb Code     0  entry11a.o(.ARM.Collect$$$$0000000F)
    Reset_Handler                            0x0800019d   Thumb Code     8  startup_stm32f30x.o(.text)
    ADC1_2_IRQHandler                        0x080001b7   Thumb Code     0  startup_stm32f30x.o(.text)
    ADC3_IRQHandler                          0x080001b7   Thumb Code     0  startup_stm32f30x.o(.text)
    ADC4_IRQHandler                          0x080001b7   Thumb Code     0  startup_stm32f30x.o(.text)
    CAN1_RX1_IRQHandler                      0x080001b7   Thumb Code     0  startup_stm32f30x.o(.text)
    CAN1_SCE_IRQHandler                      0x080001b7   Thumb Code     0  startup_stm32f30x.o(.text)
    COMP1_2_3_IRQHandler                     0x080001b7   Thumb Code     0  startup_stm32f30x.o(.text)
    COMP4_5_6_IRQHandler                     0x080001b7   Thumb Code     0  startup_stm32f30x.o(.text)
    COMP7_IRQHandler                         0x080001b7   Thumb Code     0  startup_stm32f30x.o(.text)
    DMA1_Channel1_IRQHandler                 0x080001b7   Thumb Code     0  startup_stm32f30x.o(.text)
    DMA1_Channel2_IRQHandler                 0x080001b7   Thumb Code     0  startup_stm32f30x.o(.text)
    DMA1_Channel3_IRQHandler                 0x080001b7   Thumb Code     0  startup_stm32f30x.o(.text)
    DMA1_Channel4_IRQHandler                 0x080001b7   Thumb Code     0  startup_stm32f30x.o(.text)
    DMA1_Channel5_IRQHandler                 0x080001b7   Thumb Code     0  startup_stm32f30x.o(.text)
    DMA1_Channel6_IRQHandler                 0x080001b7   Thumb Code     0  startup_stm32f30x.o(.text)
    DMA1_Channel7_IRQHandler                 0x080001b7   Thumb Code     0  startup_stm32f30x.o(.text)
    DMA2_Channel1_IRQHandler                 0x080001b7   Thumb Code     0  startup_stm32f30x.o(.text)
    DMA2_Channel2_IRQHandler                 0x080001b7   Thumb Code     0  startup_stm32f30x.o(.text)
    DMA2_Channel3_IRQHandler                 0x080001b7   Thumb Code     0  startup_stm32f30x.o(.text)
    DMA2_Channel4_IRQHandler                 0x080001b7   Thumb Code     0  startup_stm32f30x.o(.text)
    DMA2_Channel5_IRQHandler                 0x080001b7   Thumb Code     0  startup_stm32f30x.o(.text)
    EXTI0_IRQHandler                         0x080001b7   Thumb Code     0  startup_stm32f30x.o(.text)
    EXTI15_10_IRQHandler                     0x080001b7   Thumb Code     0  startup_stm32f30x.o(.text)
    EXTI1_IRQHandler                         0x080001b7   Thumb Code     0  startup_stm32f30x.o(.text)
    EXTI2_TS_IRQHandler                      0x080001b7   Thumb Code     0  startup_stm32f30x.o(.text)
    EXTI3_IRQHandler                         0x080001b7   Thumb Code     0  startup_stm32f30x.o(.text)
    EXTI4_IRQHandler                         0x080001b7   Thumb Code     0  startup_stm32f30x.o(.text)
    EXTI9_5_IRQHandler                       0x080001b7   Thumb Code     0  startup_stm32f30x.o(.text)
    FLASH_IRQHandler                         0x080001b7   Thumb Code     0  startup_stm32f30x.o(.text)
    FPU_IRQHandler                           0x080001b7   Thumb Code     0  startup_stm32f30x.o(.text)
    I2C1_ER_IRQHandler                       0x080001b7   Thumb Code     0  startup_stm32f30x.o(.text)
    I2C1_EV_IRQHandler                       0x080001b7   Thumb Code     0  startup_stm32f30x.o(.text)
    I2C2_ER_IRQHandler                       0x080001b7   Thumb Code     0  startup_stm32f30x.o(.text)
    I2C2_EV_IRQHandler                       0x080001b7   Thumb Code     0  startup_stm32f30x.o(.text)
    PVD_IRQHandler                           0x080001b7   Thumb Code     0  startup_stm32f30x.o(.text)
    RCC_IRQHandler                           0x080001b7   Thumb Code     0  startup_stm32f30x.o(.text)
    RTC_Alarm_IRQHandler                     0x080001b7   Thumb Code     0  startup_stm32f30x.o(.text)
    RTC_WKUP_IRQHandler                      0x080001b7   Thumb Code     0  startup_stm32f30x.o(.text)
    SPI1_IRQHandler                          0x080001b7   Thumb Code     0  startup_stm32f30x.o(.text)
    SPI2_IRQHandler                          0x080001b7   Thumb Code     0  startup_stm32f30x.o(.text)
    SPI3_IRQHandler                          0x080001b7   Thumb Code     0  startup_stm32f30x.o(.text)
    TAMPER_STAMP_IRQHandler                  0x080001b7   Thumb Code     0  startup_stm32f30x.o(.text)
    TIM1_BRK_TIM15_IRQHandler                0x080001b7   Thumb Code     0  startup_stm32f30x.o(.text)
    TIM1_CC_IRQHandler                       0x080001b7   Thumb Code     0  startup_stm32f30x.o(.text)
    TIM1_TRG_COM_TIM17_IRQHandler            0x080001b7   Thumb Code     0  startup_stm32f30x.o(.text)
    TIM1_UP_TIM16_IRQHandler                 0x080001b7   Thumb Code     0  startup_stm32f30x.o(.text)
    TIM2_IRQHandler                          0x080001b7   Thumb Code     0  startup_stm32f30x.o(.text)
    TIM3_IRQHandler                          0x080001b7   Thumb Code     0  startup_stm32f30x.o(.text)
    TIM4_IRQHandler                          0x080001b7   Thumb Code     0  startup_stm32f30x.o(.text)
    TIM6_DAC_IRQHandler                      0x080001b7   Thumb Code     0  startup_stm32f30x.o(.text)
    TIM7_IRQHandler                          0x080001b7   Thumb Code     0  startup_stm32f30x.o(.text)
    TIM8_BRK_IRQHandler                      0x080001b7   Thumb Code     0  startup_stm32f30x.o(.text)
    TIM8_CC_IRQHandler                       0x080001b7   Thumb Code     0  startup_stm32f30x.o(.text)
    TIM8_TRG_COM_IRQHandler                  0x080001b7   Thumb Code     0  startup_stm32f30x.o(.text)
    TIM8_UP_IRQHandler                       0x080001b7   Thumb Code     0  startup_stm32f30x.o(.text)
    UART4_IRQHandler                         0x080001b7   Thumb Code     0  startup_stm32f30x.o(.text)
    UART5_IRQHandler                         0x080001b7   Thumb Code     0  startup_stm32f30x.o(.text)
    USART1_IRQHandler                        0x080001b7   Thumb Code     0  startup_stm32f30x.o(.text)
    USART2_IRQHandler                        0x080001b7   Thumb Code     0  startup_stm32f30x.o(.text)
    USART3_IRQHandler                        0x080001b7   Thumb Code     0  startup_stm32f30x.o(.text)
    USBWakeUp_IRQHandler                     0x080001b7   Thumb Code     0  startup_stm32f30x.o(.text)
    USBWakeUp_RMP_IRQHandler                 0x080001b7   Thumb Code     0  startup_stm32f30x.o(.text)
    USB_HP_CAN1_TX_IRQHandler                0x080001b7   Thumb Code     0  startup_stm32f30x.o(.text)
    USB_HP_IRQHandler                        0x080001b7   Thumb Code     0  startup_stm32f30x.o(.text)
    USB_LP_CAN1_RX0_IRQHandler               0x080001b7   Thumb Code     0  startup_stm32f30x.o(.text)
    USB_LP_IRQHandler                        0x080001b7   Thumb Code     0  startup_stm32f30x.o(.text)
    WWDG_IRQHandler                          0x080001b7   Thumb Code     0  startup_stm32f30x.o(.text)
    __scatterload                            0x080001c1   Thumb Code    28  init.o(.text)
    __scatterload_rt2                        0x080001c1   Thumb Code     0  init.o(.text)
    BusFault_Handler                         0x080001e5   Thumb Code     2  stm32f30x_it.o(i.BusFault_Handler)
    DebugMon_Handler                         0x080001e7   Thumb Code     2  stm32f30x_it.o(i.DebugMon_Handler)
    Delay                                    0x080001e9   Thumb Code    16  delay.o(i.Delay)
    EXTI_Init                                0x080001fd   Thumb Code   220  stm32f30x_exti.o(i.EXTI_Init)
    GPIO_Init                                0x080002dd   Thumb Code   120  stm32f30x_gpio.o(i.GPIO_Init)
    GPIO_PinAFConfig                         0x08000355   Thumb Code    32  stm32f30x_gpio.o(i.GPIO_PinAFConfig)
    HardFault_Handler                        0x08000375   Thumb Code     2  stm32f30x_it.o(i.HardFault_Handler)
    MemManage_Handler                        0x08000377   Thumb Code     2  stm32f30x_it.o(i.MemManage_Handler)
    NMI_Handler                              0x08000379   Thumb Code     2  stm32f30x_it.o(i.NMI_Handler)
    NVIC_Init                                0x0800037d   Thumb Code    90  stm32f30x_misc.o(i.NVIC_Init)
    PWM_SetDC                                0x080003e1   Thumb Code    36  pwm.o(i.PWM_SetDC)
    PendSV_Handler                           0x08000409   Thumb Code     2  stm32f30x_it.o(i.PendSV_Handler)
    RCC_AHBPeriphClockCmd                    0x0800040d   Thumb Code    18  stm32f30x_rcc.o(i.RCC_AHBPeriphClockCmd)
    RCC_APB2PeriphClockCmd                   0x08000425   Thumb Code    18  stm32f30x_rcc.o(i.RCC_APB2PeriphClockCmd)
    STM_EVAL_PBInit                          0x0800043d   Thumb Code   144  stm32f3_discovery.o(i.STM_EVAL_PBInit)
    SVC_Handler                              0x080004d5   Thumb Code     2  stm32f30x_it.o(i.SVC_Handler)
    SYSCFG_EXTILineConfig                    0x080004d9   Thumb Code    34  stm32f30x_syscfg.o(i.SYSCFG_EXTILineConfig)
    SysTick_Handler                          0x08000595   Thumb Code     4  stm32f30x_it.o(i.SysTick_Handler)
    SystemInit                               0x08000599   Thumb Code    90  system_stm32f30x.o(i.SystemInit)
    TIM_ARRPreloadConfig                     0x08000609   Thumb Code    20  stm32f30x_tim.o(i.TIM_ARRPreloadConfig)
    TIM_Cmd                                  0x0800061d   Thumb Code    20  stm32f30x_tim.o(i.TIM_Cmd)
    TIM_CtrlPWMOutputs                       0x08000631   Thumb Code    20  stm32f30x_tim.o(i.TIM_CtrlPWMOutputs)
    TIM_OC1Init                              0x08000645   Thumb Code   110  stm32f30x_tim.o(i.TIM_OC1Init)
    TIM_OC1PreloadConfig                     0x080006cd   Thumb Code    12  stm32f30x_tim.o(i.TIM_OC1PreloadConfig)
    TIM_OC2Init                              0x080006d9   Thumb Code   106  stm32f30x_tim.o(i.TIM_OC2Init)
    TIM_OC2PreloadConfig                     0x08000751   Thumb Code    14  stm32f30x_tim.o(i.TIM_OC2PreloadConfig)
    TIM_OC3Init                              0x08000761   Thumb Code   100  stm32f30x_tim.o(i.TIM_OC3Init)
    TIM_OC3PreloadConfig                     0x080007cd   Thumb Code    12  stm32f30x_tim.o(i.TIM_OC3PreloadConfig)
    TIM_SetCompare1                          0x080007d9   Thumb Code     4  stm32f30x_tim.o(i.TIM_SetCompare1)
    TIM_SetCompare2                          0x080007dd   Thumb Code     4  stm32f30x_tim.o(i.TIM_SetCompare2)
    TIM_SetCompare3                          0x080007e1   Thumb Code     4  stm32f30x_tim.o(i.TIM_SetCompare3)
    TIM_SetCompare4                          0x080007e5   Thumb Code     4  stm32f30x_tim.o(i.TIM_SetCompare4)
    TIM_TimeBaseInit                         0x080007e9   Thumb Code   108  stm32f30x_tim.o(i.TIM_TimeBaseInit)
    TimingDelay_Decrement                    0x08000879   Thumb Code    16  delay.o(i.TimingDelay_Decrement)
    UsageFault_Handler                       0x0800088d   Thumb Code     2  stm32f30x_it.o(i.UsageFault_Handler)
    __scatterload_copy                       0x0800088f   Thumb Code    14  handlers.o(i.__scatterload_copy)
    __scatterload_null                       0x0800089d   Thumb Code     2  handlers.o(i.__scatterload_null)
    __scatterload_zeroinit                   0x0800089f   Thumb Code    14  handlers.o(i.__scatterload_zeroinit)
    init_ALL                                 0x080008ad   Thumb Code    18  init.o(i.init_ALL)
    init_PWM                                 0x080008bf   Thumb Code    50  init.o(i.init_PWM)
    init_PWM_GPIO                            0x080008f1   Thumb Code    96  init.o(i.init_PWM_GPIO)
    init_PWM_Timer                           0x08000959   Thumb Code   146  init.o(i.init_PWM_Timer)
    init_SysTick                             0x080009f5   Thumb Code    44  init.o(i.init_SysTick)
    init_discovery_board                     0x08000a29   Thumb Code     8  init.o(i.init_discovery_board)
    main                                     0x08000a31   Thumb Code   120  main.o(i.main)
    BUTTON_PORT_SOURCE                       0x08000aa8   Data           1  stm32f3_discovery.o(.constdata)
    BUTTON_PIN_SOURCE                        0x08000aa9   Data           1  stm32f3_discovery.o(.constdata)
    BUTTON_IRQn                              0x08000aaa   Data           1  stm32f3_discovery.o(.constdata)
    BUTTON_PIN                               0x08000aac   Data           2  stm32f3_discovery.o(.constdata)
    BUTTON_EXTI_LINE                         0x08000aae   Data           2  stm32f3_discovery.o(.constdata)
    BUTTON_CLK                               0x08000ab0   Data           4  stm32f3_discovery.o(.constdata)
    GPIO_PIN                                 0x08000ab4   Data          16  stm32f3_discovery.o(.constdata)
    GPIO_CLK                                 0x08000ac4   Data          32  stm32f3_discovery.o(.constdata)
    Region$$Table$$Base                      0x08000ae4   Number         0  anon$$obj.o(Region$$Table)
    Region$$Table$$Limit                     0x08000b04   Number         0  anon$$obj.o(Region$$Table)
    GPIO_InitStructure_PWM                   0x20000000   Data           8  init.o(.data)
    SystemCoreClock                          0x20000008   Data           4  system_stm32f30x.o(.data)
    AHBPrescTable                            0x2000000c   Data          16  system_stm32f30x.o(.data)
    BUTTON_PORT                              0x20000020   Data           4  stm32f3_discovery.o(.data)
    GPIO_PORT                                0x20000024   Data          32  stm32f3_discovery.o(.data)
    TIM_TimeBaseStructure_PWM                0x20000044   Data          12  init.o(.bss)
    TIM_OCInitStructure_PWM                  0x20000050   Data          20  init.o(.bss)
    __initial_sp                             0x20000468   Data           0  startup_stm32f30x.o(STACK)



==============================================================================

Memory Map of the image

  Image Entry point : 0x0800019d

  Load Region LR_1 (Base: 0x08000000, Size: 0x00000b48, Max: 0xffffffff, ABSOLUTE)

    Execution Region ER_RO (Base: 0x08000000, Size: 0x00000b04, Max: 0xffffffff, ABSOLUTE)

    Base Addr    Size         Type   Attr      Idx    E Section Name        Object

    0x08000000   0x00000188   Data   RO         1675    RESET               startup_stm32f30x.o
    0x08000188   0x00000000   Code   RO         1680  * .ARM.Collect$$$$00000000  mc_w.l(entry.o)
    0x08000188   0x00000004   Code   RO         1683    .ARM.Collect$$$$00000001  mc_w.l(entry2.o)
    0x0800018c   0x00000004   Code   RO         1686    .ARM.Collect$$$$00000004  mc_w.l(entry5.o)
    0x08000190   0x00000000   Code   RO         1688    .ARM.Collect$$$$00000008  mc_w.l(entry7b.o)
    0x08000190   0x00000000   Code   RO         1690    .ARM.Collect$$$$0000000A  mc_w.l(entry8b.o)
    0x08000190   0x00000008   Code   RO         1691    .ARM.Collect$$$$0000000B  mc_w.l(entry9a.o)
    0x08000198   0x00000000   Code   RO         1693    .ARM.Collect$$$$0000000D  mc_w.l(entry10a.o)
    0x08000198   0x00000000   Code   RO         1695    .ARM.Collect$$$$0000000F  mc_w.l(entry11a.o)
    0x08000198   0x00000004   Code   RO         1684    .ARM.Collect$$$$00002712  mc_w.l(entry2.o)
    0x0800019c   0x00000024   Code   RO         1676  * .text               startup_stm32f30x.o
    0x080001c0   0x00000024   Code   RO         1697    .text               mc_w.l(init.o)
    0x080001e4   0x00000002   Code   RO          252    i.BusFault_Handler  stm32f30x_it.o
    0x080001e6   0x00000002   Code   RO          253    i.DebugMon_Handler  stm32f30x_it.o
    0x080001e8   0x00000014   Code   RO          327    i.Delay             delay.o
    0x080001fc   0x000000e0   Code   RO         1565    i.EXTI_Init         stm32f30x_exti.o
    0x080002dc   0x00000078   Code   RO          397    i.GPIO_Init         stm32f30x_gpio.o
    0x08000354   0x00000020   Code   RO          398    i.GPIO_PinAFConfig  stm32f30x_gpio.o
    0x08000374   0x00000002   Code   RO          254    i.HardFault_Handler  stm32f30x_it.o
    0x08000376   0x00000002   Code   RO          255    i.MemManage_Handler  stm32f30x_it.o
    0x08000378   0x00000002   Code   RO          256    i.NMI_Handler       stm32f30x_it.o
    0x0800037a   0x00000002   PAD
    0x0800037c   0x00000064   Code   RO          488    i.NVIC_Init         stm32f30x_misc.o
    0x080003e0   0x00000028   Code   RO          364    i.PWM_SetDC         pwm.o
    0x08000408   0x00000002   Code   RO          257    i.PendSV_Handler    stm32f30x_it.o
    0x0800040a   0x00000002   PAD
    0x0800040c   0x00000018   Code   RO          533    i.RCC_AHBPeriphClockCmd  stm32f30x_rcc.o
    0x08000424   0x00000018   Code   RO          537    i.RCC_APB2PeriphClockCmd  stm32f30x_rcc.o
    0x0800043c   0x00000098   Code   RO         1626    i.STM_EVAL_PBInit   stm32f3_discovery.o
    0x080004d4   0x00000002   Code   RO          258    i.SVC_Handler       stm32f30x_it.o
    0x080004d6   0x00000002   PAD
    0x080004d8   0x00000028   Code   RO          787    i.SYSCFG_EXTILineConfig  stm32f30x_syscfg.o
    0x08000500   0x00000094   Code   RO          215    i.SetSysClock       system_stm32f30x.o
    0x08000594   0x00000004   Code   RO          259    i.SysTick_Handler   stm32f30x_it.o
    0x08000598   0x00000070   Code   RO          217    i.SystemInit        system_stm32f30x.o
    0x08000608   0x00000014   Code   RO          882    i.TIM_ARRPreloadConfig  stm32f30x_tim.o
    0x0800061c   0x00000014   Code   RO          900    i.TIM_Cmd           stm32f30x_tim.o
    0x08000630   0x00000014   Code   RO          902    i.TIM_CtrlPWMOutputs  stm32f30x_tim.o
    0x08000644   0x00000088   Code   RO          931    i.TIM_OC1Init       stm32f30x_tim.o
    0x080006cc   0x0000000c   Code   RO          934    i.TIM_OC1PreloadConfig  stm32f30x_tim.o
    0x080006d8   0x00000078   Code   RO          936    i.TIM_OC2Init       stm32f30x_tim.o
    0x08000750   0x0000000e   Code   RO          939    i.TIM_OC2PreloadConfig  stm32f30x_tim.o
    0x0800075e   0x00000002   PAD
    0x08000760   0x0000006c   Code   RO          941    i.TIM_OC3Init       stm32f30x_tim.o
    0x080007cc   0x0000000c   Code   RO          944    i.TIM_OC3PreloadConfig  stm32f30x_tim.o
    0x080007d8   0x00000004   Code   RO          975    i.TIM_SetCompare1   stm32f30x_tim.o
    0x080007dc   0x00000004   Code   RO          976    i.TIM_SetCompare2   stm32f30x_tim.o
    0x080007e0   0x00000004   Code   RO          977    i.TIM_SetCompare3   stm32f30x_tim.o
    0x080007e4   0x00000004   Code   RO          978    i.TIM_SetCompare4   stm32f30x_tim.o
    0x080007e8   0x00000090   Code   RO          987    i.TIM_TimeBaseInit  stm32f30x_tim.o
    0x08000878   0x00000014   Code   RO          329    i.TimingDelay_Decrement  delay.o
    0x0800088c   0x00000002   Code   RO          260    i.UsageFault_Handler  stm32f30x_it.o
    0x0800088e   0x0000000e   Code   RO         1701    i.__scatterload_copy  mc_w.l(handlers.o)
    0x0800089c   0x00000002   Code   RO         1702    i.__scatterload_null  mc_w.l(handlers.o)
    0x0800089e   0x0000000e   Code   RO         1703    i.__scatterload_zeroinit  mc_w.l(handlers.o)
    0x080008ac   0x00000012   Code   RO          156    i.init_ALL          init.o
    0x080008be   0x00000032   Code   RO          157    i.init_PWM          init.o
    0x080008f0   0x00000068   Code   RO          158    i.init_PWM_GPIO     init.o
    0x08000958   0x0000009c   Code   RO          159    i.init_PWM_Timer    init.o
    0x080009f4   0x00000034   Code   RO          160    i.init_SysTick      init.o
    0x08000a28   0x00000008   Code   RO          161    i.init_discovery_board  init.o
    0x08000a30   0x00000078   Code   RO            4    i.main              main.o
    0x08000aa8   0x0000003c   Data   RO         1627    .constdata          stm32f3_discovery.o
    0x08000ae4   0x00000020   Data   RO         1699    Region$$Table       anon$$obj.o


    Execution Region ER_RW (Base: 0x20000000, Size: 0x00000044, Max: 0xffffffff, ABSOLUTE)

    Base Addr    Size         Type   Attr      Idx    E Section Name        Object

    0x20000000   0x00000008   Data   RW          163    .data               init.o
    0x20000008   0x00000014   Data   RW          218    .data               system_stm32f30x.o
    0x2000001c   0x00000004   Data   RW          332    .data               delay.o
    0x20000020   0x00000024   Data   RW         1628    .data               stm32f3_discovery.o


    Execution Region ER_ZI (Base: 0x20000044, Size: 0x00000424, Max: 0xffffffff, ABSOLUTE)

    Base Addr    Size         Type   Attr      Idx    E Section Name        Object

    0x20000044   0x00000020   Zero   RW          162    .bss                init.o
    0x20000064   0x00000004   PAD
    0x20000068   0x00000400   Zero   RW         1673    STACK               startup_stm32f30x.o


==============================================================================

Image component sizes


      Code (inc. data)   RO Data    RW Data    ZI Data      Debug   Object Name

        40          8          0          4          0       1338   delay.o
       388         26          0          8         32      30088   init.o
       120          0          0          0          0     232015   main.o
        40          4          0          0          0        472   pwm.o
        36          8        392          0       1024        772   startup_stm32f30x.o
       224          4          0          0          0       1236   stm32f30x_exti.o
       152          0          0          0          0       1959   stm32f30x_gpio.o
        20          0          0          0          0       3802   stm32f30x_it.o
       100         10          0          0          0       1236   stm32f30x_misc.o
        48         12          0          0          0       1309   stm32f30x_rcc.o
        40          6          0          0          0        700   stm32f30x_syscfg.o
       622         84          0          0          0      11031   stm32f30x_tim.o
       152          8         60         36          0       2004   stm32f3_discovery.o
       260         30          0         20          0       1717   system_stm32f30x.o

    ----------------------------------------------------------------------
      2250        200        484         68       1060     289679   Object Totals
         0          0         32          0          0          0   (incl. Generated)
         8          0          0          0          4          0   (incl. Padding)

    ----------------------------------------------------------------------

      Code (inc. data)   RO Data    RW Data    ZI Data      Debug   Library Member Name

         0          0          0          0          0          0   entry.o
         0          0          0          0          0          0   entry10a.o
         0          0          0          0          0          0   entry11a.o
         8          4          0          0          0          0   entry2.o
         4          0          0          0          0          0   entry5.o
         0          0          0          0          0          0   entry7b.o
         0          0          0          0          0          0   entry8b.o
         8          4          0          0          0          0   entry9a.o
        30          0          0          0          0          0   handlers.o
        36          8          0          0          0         68   init.o

    ----------------------------------------------------------------------
        86         16          0          0          0         68   Library Totals
         0          0          0          0          0          0   (incl. Padding)

    ----------------------------------------------------------------------

      Code (inc. data)   RO Data    RW Data    ZI Data      Debug   Library Name

        86         16          0          0          0         68   mc_w.l

    ----------------------------------------------------------------------
        86         16          0          0          0         68   Library Totals

    ----------------------------------------------------------------------

==============================================================================


      Code (inc. data)   RO Data    RW Data    ZI Data      Debug   

      2336        216        484         68       1060     286147   Grand Totals
      2336        216        484         68       1060     286147   ELF Image Totals
      2336        216        484         68          0          0   ROM Totals

==============================================================================

    Total RO  Size (Code + RO Data)                 2820 (   2.75kB)
    Total RW  Size (RW Data + ZI Data)              1128 (   1.10kB)
    Total ROM Size (Code + RO Data + RW Data)       2888 (   2.82kB)

==============================================================================

