<html>
<body>
<pre>
<h1>µVision Build Log</h1>
<h2>Project:</h2>
C:\Documents and Settings\kuba\Plocha\ARM\Motors\MDK-ARM\Motors.uvproj
Project File Date:  09/08/2013

<h2>Output:</h2>
Rebuild target 'Motors'
compiling main.c...
..\main.c(255): warning:  #1035-D: single-precision operand implicitly converted to double-precision
..\main.c(257): warning:  #1035-D: single-precision operand implicitly converted to double-precision
compiling system_stm32f30x.c...
compiling stm32f30x_it.c...
compiling stm32f30x_gpio.c...
compiling stm32f30x_misc.c...
compiling stm32f30x_rcc.c...
compiling stm32f30x_syscfg.c...
compiling stm32f30x_tim.c...
compiling stm32f3_discovery.c...
compiling stm32f3_discovery_l3gd20.c...
compiling stm32f3_discovery_lsm303dlhc.c...
assembling startup_stm32f30x.s...
linking...
.\Motors.axf: Error: L6218E: Undefined symbol EXTI_ClearITPendingBit (referred from stm32f30x_it.o).
.\Motors.axf: Error: L6218E: Undefined symbol EXTI_GetITStatus (referred from stm32f30x_it.o).
.\Motors.axf: Error: L6218E: Undefined symbol EXTI_Init (referred from stm32f3_discovery.o).
.\Motors.axf: Error: L6218E: Undefined symbol SPI_Cmd (referred from stm32f3_discovery_l3gd20.o).
.\Motors.axf: Error: L6218E: Undefined symbol SPI_I2S_DeInit (referred from stm32f3_discovery_l3gd20.o).
.\Motors.axf: Error: L6218E: Undefined symbol SPI_I2S_GetFlagStatus (referred from stm32f3_discovery_l3gd20.o).
.\Motors.axf: Error: L6218E: Undefined symbol SPI_Init (referred from stm32f3_discovery_l3gd20.o).
.\Motors.axf: Error: L6218E: Undefined symbol SPI_ReceiveData8 (referred from stm32f3_discovery_l3gd20.o).
.\Motors.axf: Error: L6218E: Undefined symbol SPI_RxFIFOThresholdConfig (referred from stm32f3_discovery_l3gd20.o).
.\Motors.axf: Error: L6218E: Undefined symbol SPI_SendData8 (referred from stm32f3_discovery_l3gd20.o).
.\Motors.axf: Error: L6218E: Undefined symbol I2C_ClearFlag (referred from stm32f3_discovery_lsm303dlhc.o).
.\Motors.axf: Error: L6218E: Undefined symbol I2C_Cmd (referred from stm32f3_discovery_lsm303dlhc.o).
.\Motors.axf: Error: L6218E: Undefined symbol I2C_GetFlagStatus (referred from stm32f3_discovery_lsm303dlhc.o).
.\Motors.axf: Error: L6218E: Undefined symbol I2C_Init (referred from stm32f3_discovery_lsm303dlhc.o).
.\Motors.axf: Error: L6218E: Undefined symbol I2C_ReceiveData (referred from stm32f3_discovery_lsm303dlhc.o).
.\Motors.axf: Error: L6218E: Undefined symbol I2C_SendData (referred from stm32f3_discovery_lsm303dlhc.o).
.\Motors.axf: Error: L6218E: Undefined symbol I2C_TransferHandling (referred from stm32f3_discovery_lsm303dlhc.o).
".\Motors.axf" - 17 Errors, 2 Warning(s).
Target not created
Build target 'Motors'
compiling main.c...
..\main.c(28): error:  #20: identifier "UserButtonPressed" is undefined
..\main.c(80): error:  #20: identifier "DataReady" is undefined
..\main.c(114): error:  #20: identifier "Buffer" is undefined
..\main.c(117): error:  #20: identifier "Xval" is undefined
..\main.c(117): warning:  #223-D: function "ABS" declared implicitly
..\main.c(118): error:  #20: identifier "Yval" is undefined
..\main.c(119): error:  #20: identifier "Zval" is undefined
..\main.c(121): error:  #20: identifier "Xrot" is undefined
..\main.c(122): error:  #20: identifier "Yrot" is undefined
..\main.c(123): error:  #20: identifier "Zrot" is undefined
..\main.c(177): error:  #20: identifier "MagBuffer" is undefined
..\main.c(178): error:  #20: identifier "AccBuffer" is undefined
..\main.c(180): error:  #20: identifier "i" is undefined
..\main.c(183): error:  #20: identifier "fNormAcc" is undefined
..\main.c(185): error:  #20: identifier "fSinRoll" is undefined
..\main.c(186): error:  #20: identifier "fCosRoll" is undefined
..\main.c(187): error:  #20: identifier "fSinPitch" is undefined
..\main.c(188): error:  #20: identifier "fCosPitch" is undefined
..\main.c(193): error:  #20: identifier "RollAng" is undefined
..\main.c(193): error:  #20: identifier "PI" is undefined
..\main.c(197): error:  #20: identifier "RollAng" is undefined
..\main.c(197): error:  #20: identifier "PI" is undefined
..\main.c(204): error:  #20: identifier "RollAng" is undefined
..\main.c(204): error:  #20: identifier "PI" is undefined
..\main.c(208): error:  #20: identifier "RollAng" is undefined
..\main.c(208): error:  #20: identifier "PI" is undefined
..\main.c(216): error:  #20: identifier "PitchAng" is undefined
..\main.c(216): error:  #20: identifier "PI" is undefined
..\main.c(220): error:  #20: identifier "PitchAng" is undefined
..\main.c(220): error:  #20: identifier "PI" is undefined
..\main.c(227): error:  #20: identifier "PitchAng" is undefined
compiling init.c...
..\init.c(2): error:  #5: cannot open source input file "init.h": No such file or directory
".\Motors.axf" - 31 Errors, 1 Warning(s).
Target not created
Build target 'Motors'
compiling main.c...
..\main.c(29): error:  #20: identifier "UserButtonPressed" is undefined
..\main.c(81): error:  #20: identifier "DataReady" is undefined
..\main.c(115): error:  #20: identifier "Buffer" is undefined
..\main.c(118): error:  #20: identifier "Xval" is undefined
..\main.c(118): warning:  #223-D: function "ABS" declared implicitly
..\main.c(119): error:  #20: identifier "Yval" is undefined
..\main.c(120): error:  #20: identifier "Zval" is undefined
..\main.c(122): error:  #20: identifier "Xrot" is undefined
..\main.c(123): error:  #20: identifier "Yrot" is undefined
..\main.c(124): error:  #20: identifier "Zrot" is undefined
..\main.c(178): error:  #20: identifier "MagBuffer" is undefined
..\main.c(179): error:  #20: identifier "AccBuffer" is undefined
..\main.c(181): error:  #20: identifier "i" is undefined
..\main.c(184): error:  #20: identifier "fNormAcc" is undefined
..\main.c(186): error:  #20: identifier "fSinRoll" is undefined
..\main.c(187): error:  #20: identifier "fCosRoll" is undefined
..\main.c(188): error:  #20: identifier "fSinPitch" is undefined
..\main.c(189): error:  #20: identifier "fCosPitch" is undefined
..\main.c(194): error:  #20: identifier "RollAng" is undefined
..\main.c(194): error:  #20: identifier "PI" is undefined
..\main.c(198): error:  #20: identifier "RollAng" is undefined
..\main.c(198): error:  #20: identifier "PI" is undefined
..\main.c(205): error:  #20: identifier "RollAng" is undefined
..\main.c(205): error:  #20: identifier "PI" is undefined
..\main.c(209): error:  #20: identifier "RollAng" is undefined
..\main.c(209): error:  #20: identifier "PI" is undefined
..\main.c(217): error:  #20: identifier "PitchAng" is undefined
..\main.c(217): error:  #20: identifier "PI" is undefined
..\main.c(221): error:  #20: identifier "PitchAng" is undefined
..\main.c(221): error:  #20: identifier "PI" is undefined
..\main.c(228): error:  #20: identifier "PitchAng" is undefined
compiling init.c...
..\init.c(53): warning:  #1-D: last line of file ends without a newline
".\Motors.axf" - 30 Errors, 2 Warning(s).
Target not created
Build target 'Motors'
compiling main.c...
..\delay.h(2): error:  #5: cannot open source input file "stm32f4_discovery.h": No such file or directory
compiling delay.c...
..\delay.h(2): error:  #5: cannot open source input file "stm32f4_discovery.h": No such file or directory
".\Motors.axf" - 2 Errors, 0 Warning(s).
Target not created
Build target 'Motors'
compiling main.c...
..\main.c(32): error:  #20: identifier "TimingDelay" is undefined
..\main.c(44): error:  #20: identifier "TimingDelay" is undefined
compiling delay.c...
".\Motors.axf" - 2 Errors, 0 Warning(s).
Target not created
Build target 'Motors'
compiling main.c...
linking...
.\Motors.axf: Error: L6218E: Undefined symbol init_PWM (referred from init.o).
.\Motors.axf: Error: L6218E: Undefined symbol init_motor (referred from init.o).
.\Motors.axf: Error: L6218E: Undefined symbol DataReady (referred from stm32f30x_it.o).
.\Motors.axf: Error: L6218E: Undefined symbol EXTI_ClearITPendingBit (referred from stm32f30x_it.o).
.\Motors.axf: Error: L6218E: Undefined symbol EXTI_GetITStatus (referred from stm32f30x_it.o).
.\Motors.axf: Error: L6218E: Undefined symbol UserButtonPressed (referred from stm32f30x_it.o).
.\Motors.axf: Error: L6218E: Undefined symbol EXTI_Init (referred from stm32f3_discovery.o).
.\Motors.axf: Error: L6218E: Undefined symbol L3GD20_TIMEOUT_UserCallback (referred from stm32f3_discovery_l3gd20.o).
.\Motors.axf: Error: L6218E: Undefined symbol SPI_Cmd (referred from stm32f3_discovery_l3gd20.o).
.\Motors.axf: Error: L6218E: Undefined symbol SPI_I2S_DeInit (referred from stm32f3_discovery_l3gd20.o).
.\Motors.axf: Error: L6218E: Undefined symbol SPI_I2S_GetFlagStatus (referred from stm32f3_discovery_l3gd20.o).
.\Motors.axf: Error: L6218E: Undefined symbol SPI_Init (referred from stm32f3_discovery_l3gd20.o).
.\Motors.axf: Error: L6218E: Undefined symbol SPI_ReceiveData8 (referred from stm32f3_discovery_l3gd20.o).
.\Motors.axf: Error: L6218E: Undefined symbol SPI_RxFIFOThresholdConfig (referred from stm32f3_discovery_l3gd20.o).
.\Motors.axf: Error: L6218E: Undefined symbol SPI_SendData8 (referred from stm32f3_discovery_l3gd20.o).
.\Motors.axf: Error: L6218E: Undefined symbol I2C_ClearFlag (referred from stm32f3_discovery_lsm303dlhc.o).
.\Motors.axf: Error: L6218E: Undefined symbol I2C_Cmd (referred from stm32f3_discovery_lsm303dlhc.o).
.\Motors.axf: Error: L6218E: Undefined symbol I2C_GetFlagStatus (referred from stm32f3_discovery_lsm303dlhc.o).
.\Motors.axf: Error: L6218E: Undefined symbol I2C_Init (referred from stm32f3_discovery_lsm303dlhc.o).
.\Motors.axf: Error: L6218E: Undefined symbol I2C_ReceiveData (referred from stm32f3_discovery_lsm303dlhc.o).
.\Motors.axf: Error: L6218E: Undefined symbol I2C_SendData (referred from stm32f3_discovery_lsm303dlhc.o).
.\Motors.axf: Error: L6218E: Undefined symbol I2C_TransferHandling (referred from stm32f3_discovery_lsm303dlhc.o).
.\Motors.axf: Error: L6218E: Undefined symbol LSM303DLHC_TIMEOUT_UserCallback (referred from stm32f3_discovery_lsm303dlhc.o).
".\Motors.axf" - 23 Errors, 0 Warning(s).
Target not created
Rebuild target 'Motors'
compiling main.c...
compiling init.c...
..\init.c(53): warning:  #1-D: last line of file ends without a newline
compiling system_stm32f30x.c...
compiling stm32f30x_it.c...
compiling delay.c...
compiling stm32f30x_gpio.c...
compiling stm32f30x_misc.c...
compiling stm32f30x_rcc.c...
compiling stm32f30x_syscfg.c...
compiling stm32f30x_tim.c...
compiling stm32f3_discovery.c...
compiling stm32f3_discovery_l3gd20.c...
compiling stm32f3_discovery_lsm303dlhc.c...
assembling startup_stm32f30x.s...
linking...
.\Motors.axf: Error: L6218E: Undefined symbol init_PWM (referred from init.o).
.\Motors.axf: Error: L6218E: Undefined symbol init_motor (referred from init.o).
.\Motors.axf: Error: L6218E: Undefined symbol DataReady (referred from stm32f30x_it.o).
.\Motors.axf: Error: L6218E: Undefined symbol EXTI_ClearITPendingBit (referred from stm32f30x_it.o).
.\Motors.axf: Error: L6218E: Undefined symbol EXTI_GetITStatus (referred from stm32f30x_it.o).
.\Motors.axf: Error: L6218E: Undefined symbol UserButtonPressed (referred from stm32f30x_it.o).
.\Motors.axf: Error: L6218E: Undefined symbol EXTI_Init (referred from stm32f3_discovery.o).
.\Motors.axf: Error: L6218E: Undefined symbol L3GD20_TIMEOUT_UserCallback (referred from stm32f3_discovery_l3gd20.o).
.\Motors.axf: Error: L6218E: Undefined symbol SPI_Cmd (referred from stm32f3_discovery_l3gd20.o).
.\Motors.axf: Error: L6218E: Undefined symbol SPI_I2S_DeInit (referred from stm32f3_discovery_l3gd20.o).
.\Motors.axf: Error: L6218E: Undefined symbol SPI_I2S_GetFlagStatus (referred from stm32f3_discovery_l3gd20.o).
.\Motors.axf: Error: L6218E: Undefined symbol SPI_Init (referred from stm32f3_discovery_l3gd20.o).
.\Motors.axf: Error: L6218E: Undefined symbol SPI_ReceiveData8 (referred from stm32f3_discovery_l3gd20.o).
.\Motors.axf: Error: L6218E: Undefined symbol SPI_RxFIFOThresholdConfig (referred from stm32f3_discovery_l3gd20.o).
.\Motors.axf: Error: L6218E: Undefined symbol SPI_SendData8 (referred from stm32f3_discovery_l3gd20.o).
.\Motors.axf: Error: L6218E: Undefined symbol I2C_ClearFlag (referred from stm32f3_discovery_lsm303dlhc.o).
.\Motors.axf: Error: L6218E: Undefined symbol I2C_Cmd (referred from stm32f3_discovery_lsm303dlhc.o).
.\Motors.axf: Error: L6218E: Undefined symbol I2C_GetFlagStatus (referred from stm32f3_discovery_lsm303dlhc.o).
.\Motors.axf: Error: L6218E: Undefined symbol I2C_Init (referred from stm32f3_discovery_lsm303dlhc.o).
.\Motors.axf: Error: L6218E: Undefined symbol I2C_ReceiveData (referred from stm32f3_discovery_lsm303dlhc.o).
.\Motors.axf: Error: L6218E: Undefined symbol I2C_SendData (referred from stm32f3_discovery_lsm303dlhc.o).
.\Motors.axf: Error: L6218E: Undefined symbol I2C_TransferHandling (referred from stm32f3_discovery_lsm303dlhc.o).
.\Motors.axf: Error: L6218E: Undefined symbol LSM303DLHC_TIMEOUT_UserCallback (referred from stm32f3_discovery_lsm303dlhc.o).
".\Motors.axf" - 23 Errors, 1 Warning(s).
Target not created
Build target 'Motors'
linking...
.\Motors.axf: Error: L6218E: Undefined symbol init_PWM (referred from init.o).
.\Motors.axf: Error: L6218E: Undefined symbol init_motor (referred from init.o).
.\Motors.axf: Error: L6218E: Undefined symbol DataReady (referred from stm32f30x_it.o).
.\Motors.axf: Error: L6218E: Undefined symbol EXTI_ClearITPendingBit (referred from stm32f30x_it.o).
.\Motors.axf: Error: L6218E: Undefined symbol EXTI_GetITStatus (referred from stm32f30x_it.o).
.\Motors.axf: Error: L6218E: Undefined symbol UserButtonPressed (referred from stm32f30x_it.o).
.\Motors.axf: Error: L6218E: Undefined symbol EXTI_Init (referred from stm32f3_discovery.o).
".\Motors.axf" - 7 Errors, 0 Warning(s).
Target not created
Build target 'Motors'
compiling stm32f30x_it.c...
linking...
.\Motors.axf: Error: L6218E: Undefined symbol init_PWM (referred from init.o).
.\Motors.axf: Error: L6218E: Undefined symbol init_motor (referred from init.o).
.\Motors.axf: Error: L6218E: Undefined symbol EXTI_Init (referred from stm32f3_discovery.o).
".\Motors.axf" - 3 Errors, 0 Warning(s).
Target not created
Build target 'Motors'
compiling stm32f30x_it.c...
linking...
.\Motors.axf: Error: L6218E: Undefined symbol init_PWM (referred from init.o).
.\Motors.axf: Error: L6218E: Undefined symbol init_motor (referred from init.o).
.\Motors.axf: Error: L6218E: Undefined symbol EXTI_Init (referred from stm32f3_discovery.o).
".\Motors.axf" - 3 Errors, 0 Warning(s).
Target not created
Rebuild target 'Motors'
compiling main.c...
compiling init.c...
..\init.c(53): warning:  #1-D: last line of file ends without a newline
compiling system_stm32f30x.c...
compiling stm32f30x_it.c...
compiling delay.c...
compiling stm32f30x_gpio.c...
compiling stm32f30x_misc.c...
compiling stm32f30x_rcc.c...
compiling stm32f30x_syscfg.c...
compiling stm32f30x_tim.c...
compiling stm32f3_discovery.c...
assembling startup_stm32f30x.s...
linking...
.\Motors.axf: Error: L6218E: Undefined symbol init_PWM (referred from init.o).
.\Motors.axf: Error: L6218E: Undefined symbol init_motor (referred from init.o).
.\Motors.axf: Error: L6218E: Undefined symbol EXTI_Init (referred from stm32f3_discovery.o).
".\Motors.axf" - 3 Errors, 1 Warning(s).
Target not created
Build target 'Motors'
compiling stm32f30x_it.c...
linking...
.\Motors.axf: Error: L6218E: Undefined symbol init_PWM (referred from init.o).
.\Motors.axf: Error: L6218E: Undefined symbol init_motor (referred from init.o).
.\Motors.axf: Error: L6218E: Undefined symbol EXTI_Init (referred from stm32f3_discovery.o).
".\Motors.axf" - 3 Errors, 0 Warning(s).
Target not created
Build target 'Motors'
compiling main.c...
compiling init.c...
..\init.c(53): warning:  #1-D: last line of file ends without a newline
compiling stm32f30x_it.c...
compiling delay.c...
linking...
.\Motors.axf: Error: L6218E: Undefined symbol init_PWM (referred from init.o).
.\Motors.axf: Error: L6218E: Undefined symbol init_motor (referred from init.o).
.\Motors.axf: Error: L6218E: Undefined symbol EXTI_Init (referred from stm32f3_discovery.o).
".\Motors.axf" - 3 Errors, 1 Warning(s).
Target not created
Rebuild target 'Motors'
compiling main.c...
compiling init.c...
compiling system_stm32f30x.c...
compiling stm32f30x_it.c...
compiling delay.c...
compiling stm32f30x_gpio.c...
compiling stm32f30x_misc.c...
compiling stm32f30x_rcc.c...
compiling stm32f30x_syscfg.c...
compiling stm32f30x_tim.c...
compiling stm32f3_discovery.c...
assembling startup_stm32f30x.s...
linking...
.\Motors.axf: Error: L6218E: Undefined symbol init_PWM (referred from init.o).
.\Motors.axf: Error: L6218E: Undefined symbol init_motor (referred from init.o).
.\Motors.axf: Error: L6218E: Undefined symbol EXTI_Init (referred from stm32f3_discovery.o).
".\Motors.axf" - 3 Errors, 0 Warning(s).
Target not created
Build target 'Motors'
compiling init.c...
linking...
.\Motors.axf: Error: L6218E: Undefined symbol EXTI_Init (referred from stm32f3_discovery.o).
".\Motors.axf" - 1 Errors, 0 Warning(s).
Target not created
Build target 'Motors'
compiling stm32f30x_exti.c...
linking...
Program Size: Code=428 RO-data=424 RW-data=4 ZI-data=1028  
".\Motors.axf" - 0 Errors, 0 Warning(s).
Build target 'Motors'
compiling init.c...
..\init.c(59): warning:  #223-D: function "PWM_SetDC" declared implicitly
..\init.c(69): warning:  #223-D: function "RCC_AHB1PeriphClockCmd" declared implicitly
..\init.c(69): error:  #20: identifier "RCC_AHB1Periph_GPIOE" is undefined
..\init.c(72): error:  #20: identifier "GPIO_InitStructure_PWM" is undefined
..\init.c(74): error:  #20: identifier "GPIO_Speed_100MHz" is undefined
..\init.c(80): error:  #20: identifier "GPIO_AF_TIM1" is undefined
..\init.c(118): error:  #20: identifier "TIM_TimeBaseStructure_PWM" is undefined
..\init.c(126): error:  #20: identifier "TIM_OCInitStructure_PWM" is undefined
..\init.c(162): warning:  #223-D: function "init_motor_encoders_EXTI" declared implicitly
..\init.c(167): warning:  #223-D: function "RCC_AHB1PeriphClockCmd" declared implicitly
..\init.c(167): error:  #20: identifier "RCC_AHB1Periph_GPIOE" is undefined
..\init.c(170): error:  #20: identifier "GPIO_InitStructure_Motor" is undefined
..\init.c(172): error:  #20: identifier "GPIO_Speed_100MHz" is undefined
..\init.c(177): error:  #20: identifier "RCC_AHB1Periph_GPIOD" is undefined
compiling pwm.c...
..\pwm.h(2): error:  #5: cannot open source input file "stm32f4_discovery.h": No such file or directory
".\Motors.axf" - 11 Errors, 4 Warning(s).
Target not created
Build target 'Motors'
compiling init.c...
..\init.c(70): warning:  #223-D: function "RCC_AHB1PeriphClockCmd" declared implicitly
..\init.c(70): error:  #20: identifier "RCC_AHB1Periph_GPIOE" is undefined
..\init.c(73): error:  #20: identifier "GPIO_InitStructure_PWM" is undefined
..\init.c(75): error:  #20: identifier "GPIO_Speed_100MHz" is undefined
..\init.c(81): error:  #20: identifier "GPIO_AF_TIM1" is undefined
..\init.c(119): error:  #20: identifier "TIM_TimeBaseStructure_PWM" is undefined
..\init.c(127): error:  #20: identifier "TIM_OCInitStructure_PWM" is undefined
..\init.c(163): warning:  #223-D: function "init_motor_encoders_EXTI" declared implicitly
..\init.c(168): warning:  #223-D: function "RCC_AHB1PeriphClockCmd" declared implicitly
..\init.c(168): error:  #20: identifier "RCC_AHB1Periph_GPIOE" is undefined
..\init.c(171): error:  #20: identifier "GPIO_InitStructure_Motor" is undefined
..\init.c(173): error:  #20: identifier "GPIO_Speed_100MHz" is undefined
..\init.c(178): error:  #20: identifier "RCC_AHB1Periph_GPIOD" is undefined
compiling pwm.c...
".\Motors.axf" - 10 Errors, 3 Warning(s).
Target not created
Build target 'Motors'
compiling init.c...
..\init.c(72): warning:  #223-D: function "RCC_AHB1PeriphClockCmd" declared implicitly
..\init.c(72): error:  #20: identifier "RCC_AHB1Periph_GPIOE" is undefined
..\init.c(77): error:  #20: identifier "GPIO_Speed_100MHz" is undefined
..\init.c(83): error:  #20: identifier "GPIO_AF_TIM1" is undefined
..\init.c(121): error:  #20: identifier "TIM_TimeBaseStructure_PWM" is undefined
..\init.c(129): error:  #20: identifier "TIM_OCInitStructure_PWM" is undefined
..\init.c(165): warning:  #223-D: function "init_motor_encoders_EXTI" declared implicitly
..\init.c(170): warning:  #223-D: function "RCC_AHB1PeriphClockCmd" declared implicitly
..\init.c(170): error:  #20: identifier "RCC_AHB1Periph_GPIOE" is undefined
..\init.c(175): error:  #20: identifier "GPIO_Speed_100MHz" is undefined
..\init.c(180): error:  #20: identifier "RCC_AHB1Periph_GPIOD" is undefined
".\Motors.axf" - 8 Errors, 3 Warning(s).
Target not created
Build target 'Motors'
compiling init.c...
..\init.c(77): error:  #20: identifier "GPIO_Speed_100MHz" is undefined
..\init.c(83): error:  #20: identifier "GPIO_AF_TIM1" is undefined
..\init.c(121): error:  #20: identifier "TIM_TimeBaseStructure_PWM" is undefined
..\init.c(129): error:  #20: identifier "TIM_OCInitStructure_PWM" is undefined
..\init.c(165): warning:  #223-D: function "init_motor_encoders_EXTI" declared implicitly
..\init.c(170): warning:  #223-D: function "RCC_AHB1PeriphClockCmd" declared implicitly
..\init.c(170): error:  #20: identifier "RCC_AHB1Periph_GPIOE" is undefined
..\init.c(175): error:  #20: identifier "GPIO_Speed_100MHz" is undefined
..\init.c(180): error:  #20: identifier "RCC_AHB1Periph_GPIOD" is undefined
".\Motors.axf" - 7 Errors, 2 Warning(s).
Target not created
Build target 'Motors'
compiling init.c...
..\init.c(83): error:  #20: identifier "GPIO_AF_TIM3" is undefined
..\init.c(84): error:  #20: identifier "GPIO_AF_TIM1" is undefined
..\init.c(121): error:  #20: identifier "TIM_TimeBaseStructure_PWM" is undefined
..\init.c(129): error:  #20: identifier "TIM_OCInitStructure_PWM" is undefined
..\init.c(165): warning:  #223-D: function "init_motor_encoders_EXTI" declared implicitly
..\init.c(170): warning:  #223-D: function "RCC_AHB1PeriphClockCmd" declared implicitly
..\init.c(170): error:  #20: identifier "RCC_AHB1Periph_GPIOE" is undefined
..\init.c(175): error:  #20: identifier "GPIO_Speed_100MHz" is undefined
..\init.c(180): error:  #20: identifier "RCC_AHB1Periph_GPIOD" is undefined
".\Motors.axf" - 7 Errors, 2 Warning(s).
Target not created
Build target 'Motors'
compiling init.c...
..\init.c(175): warning:  #223-D: function "init_motor_encoders_EXTI" declared implicitly
..\init.c(180): warning:  #223-D: function "RCC_AHB1PeriphClockCmd" declared implicitly
..\init.c(180): error:  #20: identifier "RCC_AHB1Periph_GPIOE" is undefined
..\init.c(185): error:  #20: identifier "GPIO_Speed_100MHz" is undefined
..\init.c(190): error:  #20: identifier "RCC_AHB1Periph_GPIOD" is undefined
".\Motors.axf" - 3 Errors, 2 Warning(s).
Target not created
Rebuild target 'Motors'
compiling main.c...
compiling init.c...
compiling system_stm32f30x.c...
compiling stm32f30x_it.c...
compiling delay.c...
compiling pwm.c...
compiling stm32f30x_gpio.c...
compiling stm32f30x_misc.c...
compiling stm32f30x_rcc.c...
compiling stm32f30x_syscfg.c...
compiling stm32f30x_tim.c...
compiling stm32f30x_exti.c...
compiling stm32f3_discovery.c...
assembling startup_stm32f30x.s...
linking...
Program Size: Code=428 RO-data=424 RW-data=4 ZI-data=1028  
".\Motors.axf" - 0 Errors, 0 Warning(s).
Build target 'Motors'
compiling init.c...
linking...
Program Size: Code=428 RO-data=424 RW-data=4 ZI-data=1028  
".\Motors.axf" - 0 Errors, 0 Warning(s).
Load "C:\\Documents and Settings\\kuba\\Plocha\\ARM\\Motors\\MDK-ARM\\Motors.axf" 
Erase Done.
Programming Done.
Verify OK.
Build target 'Motors'
compiling init.c...
linking...
Program Size: Code=428 RO-data=424 RW-data=4 ZI-data=1028  
".\Motors.axf" - 0 Errors, 0 Warning(s).
Load "C:\\Documents and Settings\\kuba\\Plocha\\ARM\\Motors\\MDK-ARM\\Motors.axf" 
Erase Done.
Programming Done.
Verify OK.
Build target 'Motors'
compiling init.c...
linking...
Program Size: Code=428 RO-data=424 RW-data=4 ZI-data=1028  
".\Motors.axf" - 0 Errors, 0 Warning(s).
Load "C:\\Documents and Settings\\kuba\\Plocha\\ARM\\Motors\\MDK-ARM\\Motors.axf" 
Erase Done.
Programming Done.
Verify OK.
Build target 'Motors'
compiling init.c...
linking...
Program Size: Code=428 RO-data=424 RW-data=4 ZI-data=1028  
".\Motors.axf" - 0 Errors, 0 Warning(s).
Load "C:\\Documents and Settings\\kuba\\Plocha\\ARM\\Motors\\MDK-ARM\\Motors.axf" 
Erase Done.
Programming Done.
Verify OK.
Build target 'Motors'
compiling main.c...
linking...
Program Size: Code=2380 RO-data=484 RW-data=68 ZI-data=1060  
".\Motors.axf" - 0 Errors, 0 Warning(s).
Load "C:\\Documents and Settings\\kuba\\Plocha\\ARM\\Motors\\MDK-ARM\\Motors.axf" 
Erase Done.
Programming Done.
Verify OK.
Build target 'Motors'
compiling init.c...
linking...
Program Size: Code=2380 RO-data=484 RW-data=68 ZI-data=1060  
".\Motors.axf" - 0 Errors, 0 Warning(s).
Load "C:\\Documents and Settings\\kuba\\Plocha\\ARM\\Motors\\MDK-ARM\\Motors.axf" 
Erase Done.
Programming Done.
Verify OK.
Build target 'Motors'
compiling init.c...
linking...
Program Size: Code=2136 RO-data=484 RW-data=68 ZI-data=1060  
".\Motors.axf" - 0 Errors, 0 Warning(s).
Load "C:\\Documents and Settings\\kuba\\Plocha\\ARM\\Motors\\MDK-ARM\\Motors.axf" 
Erase Done.
Programming Done.
Verify OK.
Build target 'Motors'
compiling init.c...
linking...
Program Size: Code=1356 RO-data=484 RW-data=60 ZI-data=1028  
".\Motors.axf" - 0 Errors, 0 Warning(s).
Load "C:\\Documents and Settings\\kuba\\Plocha\\ARM\\Motors\\MDK-ARM\\Motors.axf" 
Erase Done.
Programming Done.
Verify OK.
Build target 'Motors'
compiling init.c...
linking...
Program Size: Code=2224 RO-data=484 RW-data=68 ZI-data=1060  
".\Motors.axf" - 0 Errors, 0 Warning(s).
Load "C:\\Documents and Settings\\kuba\\Plocha\\ARM\\Motors\\MDK-ARM\\Motors.axf" 
Erase Done.
Programming Done.
Verify OK.
Build target 'Motors'
compiling init.c...
linking...
Program Size: Code=2224 RO-data=484 RW-data=68 ZI-data=1060  
".\Motors.axf" - 0 Errors, 0 Warning(s).
Load "C:\\Documents and Settings\\kuba\\Plocha\\ARM\\Motors\\MDK-ARM\\Motors.axf" 
Erase Done.
Programming Done.
Verify OK.
Build target 'Motors'
compiling init.c...
linking...
Program Size: Code=1200 RO-data=484 RW-data=60 ZI-data=1028  
".\Motors.axf" - 0 Errors, 0 Warning(s).
Load "C:\\Documents and Settings\\kuba\\Plocha\\ARM\\Motors\\MDK-ARM\\Motors.axf" 
Erase Done.
Programming Done.
Verify OK.
Build target 'Motors'
compiling init.c...
linking...
Program Size: Code=1340 RO-data=484 RW-data=68 ZI-data=1028  
".\Motors.axf" - 0 Errors, 0 Warning(s).
Load "C:\\Documents and Settings\\kuba\\Plocha\\ARM\\Motors\\MDK-ARM\\Motors.axf" 
Erase Done.
Programming Done.
Verify OK.
Build target 'Motors'
compiling init.c...
linking...
Program Size: Code=1268 RO-data=484 RW-data=68 ZI-data=1028  
".\Motors.axf" - 0 Errors, 0 Warning(s).
Load "C:\\Documents and Settings\\kuba\\Plocha\\ARM\\Motors\\MDK-ARM\\Motors.axf" 
Erase Done.
Programming Done.
Verify OK.
Build target 'Motors'
compiling init.c...
linking...
Program Size: Code=1332 RO-data=484 RW-data=68 ZI-data=1028  
".\Motors.axf" - 0 Errors, 0 Warning(s).
Load "C:\\Documents and Settings\\kuba\\Plocha\\ARM\\Motors\\MDK-ARM\\Motors.axf" 
Erase Done.
Programming Done.
Verify OK.
Build target 'Motors'
compiling init.c...
linking...
Program Size: Code=2136 RO-data=484 RW-data=68 ZI-data=1060  
".\Motors.axf" - 0 Errors, 0 Warning(s).
Load "C:\\Documents and Settings\\kuba\\Plocha\\ARM\\Motors\\MDK-ARM\\Motors.axf" 
Erase Done.
Programming Done.
Verify OK.
Build target 'Motors'
compiling init.c...
linking...
Program Size: Code=2136 RO-data=484 RW-data=68 ZI-data=1060  
".\Motors.axf" - 0 Errors, 0 Warning(s).
Load "C:\\Documents and Settings\\kuba\\Plocha\\ARM\\Motors\\MDK-ARM\\Motors.axf" 
Erase Done.
Programming Done.
Verify OK.
Build target 'Motors'
compiling init.c...
linking...
Program Size: Code=2224 RO-data=484 RW-data=68 ZI-data=1060  
".\Motors.axf" - 0 Errors, 0 Warning(s).
Load "C:\\Documents and Settings\\kuba\\Plocha\\ARM\\Motors\\MDK-ARM\\Motors.axf" 
Erase Done.
Programming Done.
Verify OK.
Build target 'Motors'
compiling init.c...
linking...
Program Size: Code=2224 RO-data=484 RW-data=68 ZI-data=1060  
".\Motors.axf" - 0 Errors, 0 Warning(s).
Load "C:\\Documents and Settings\\kuba\\Plocha\\ARM\\Motors\\MDK-ARM\\Motors.axf" 
Erase Done.
Programming Done.
Verify OK.
Build target 'Motors'
compiling init.c...
linking...
Program Size: Code=2224 RO-data=484 RW-data=68 ZI-data=1060  
".\Motors.axf" - 0 Errors, 0 Warning(s).
Load "C:\\Documents and Settings\\kuba\\Plocha\\ARM\\Motors\\MDK-ARM\\Motors.axf" 
Erase Done.
Programming Done.
Verify OK.
Build target 'Motors'
compiling init.c...
linking...
Program Size: Code=2224 RO-data=484 RW-data=68 ZI-data=1060  
".\Motors.axf" - 0 Errors, 0 Warning(s).
Load "C:\\Documents and Settings\\kuba\\Plocha\\ARM\\Motors\\MDK-ARM\\Motors.axf" 
Erase Done.
Programming Done.
Verify OK.
Build target 'Motors'
compiling init.c...
linking...
Program Size: Code=2224 RO-data=484 RW-data=68 ZI-data=1060  
".\Motors.axf" - 0 Errors, 0 Warning(s).
Load "C:\\Documents and Settings\\kuba\\Plocha\\ARM\\Motors\\MDK-ARM\\Motors.axf" 
Erase Done.
Programming Done.
Verify OK.
Build target 'Motors'
compiling init.c...
linking...
Program Size: Code=2224 RO-data=484 RW-data=68 ZI-data=1060  
".\Motors.axf" - 0 Errors, 0 Warning(s).
Load "C:\\Documents and Settings\\kuba\\Plocha\\ARM\\Motors\\MDK-ARM\\Motors.axf" 
Erase Done.
Programming Done.
Verify OK.
Build target 'Motors'
compiling init.c...
linking...
Program Size: Code=2212 RO-data=484 RW-data=68 ZI-data=1060  
".\Motors.axf" - 0 Errors, 0 Warning(s).
Load "C:\\Documents and Settings\\kuba\\Plocha\\ARM\\Motors\\MDK-ARM\\Motors.axf" 
Erase Done.
Programming Done.
Verify OK.
Build target 'Motors'
compiling init.c...
linking...
Program Size: Code=2212 RO-data=484 RW-data=68 ZI-data=1060  
".\Motors.axf" - 0 Errors, 0 Warning(s).
Load "C:\\Documents and Settings\\kuba\\Plocha\\ARM\\Motors\\MDK-ARM\\Motors.axf" 
Erase Done.
Programming Done.
Verify OK.
Build target 'Motors'
compiling init.c...
linking...
Program Size: Code=2208 RO-data=484 RW-data=68 ZI-data=1060  
".\Motors.axf" - 0 Errors, 0 Warning(s).
Load "C:\\Documents and Settings\\kuba\\Plocha\\ARM\\Motors\\MDK-ARM\\Motors.axf" 
Erase Done.
Programming Done.
Verify OK.
Build target 'Motors'
compiling init.c...
linking...
Program Size: Code=2208 RO-data=484 RW-data=68 ZI-data=1060  
".\Motors.axf" - 0 Errors, 0 Warning(s).
Load "C:\\Documents and Settings\\kuba\\Plocha\\ARM\\Motors\\MDK-ARM\\Motors.axf" 
Erase Done.
Programming Done.
Verify OK.
Build target 'Motors'
compiling init.c...
linking...
Program Size: Code=2208 RO-data=484 RW-data=68 ZI-data=1060  
".\Motors.axf" - 0 Errors, 0 Warning(s).
Load "C:\\Documents and Settings\\kuba\\Plocha\\ARM\\Motors\\MDK-ARM\\Motors.axf" 
Erase Done.
Programming Done.
Verify OK.
Build target 'Motors'
compiling init.c...
linking...
Program Size: Code=2208 RO-data=484 RW-data=68 ZI-data=1060  
".\Motors.axf" - 0 Errors, 0 Warning(s).
Load "C:\\Documents and Settings\\kuba\\Plocha\\ARM\\Motors\\MDK-ARM\\Motors.axf" 
Erase Done.
Programming Done.
Verify OK.
Build target 'Motors'
compiling init.c...
linking...
Program Size: Code=2208 RO-data=484 RW-data=68 ZI-data=1060  
".\Motors.axf" - 0 Errors, 0 Warning(s).
Load "C:\\Documents and Settings\\kuba\\Plocha\\ARM\\Motors\\MDK-ARM\\Motors.axf" 
Erase Done.
Programming Done.
Verify OK.
Build target 'Motors'
compiling init.c...
linking...
Program Size: Code=2212 RO-data=484 RW-data=68 ZI-data=1060  
".\Motors.axf" - 0 Errors, 0 Warning(s).
Load "C:\\Documents and Settings\\kuba\\Plocha\\ARM\\Motors\\MDK-ARM\\Motors.axf" 
Erase Done.
Programming Done.
Verify OK.
Build target 'Motors'
compiling init.c...
linking...
Program Size: Code=2208 RO-data=484 RW-data=68 ZI-data=1060  
".\Motors.axf" - 0 Errors, 0 Warning(s).
Load "C:\\Documents and Settings\\kuba\\Plocha\\ARM\\Motors\\MDK-ARM\\Motors.axf" 
Erase Done.
Programming Done.
Verify OK.
Build target 'Motors'
compiling init.c...
linking...
Program Size: Code=2208 RO-data=484 RW-data=68 ZI-data=1060  
".\Motors.axf" - 0 Errors, 0 Warning(s).
Load "C:\\Documents and Settings\\kuba\\Plocha\\ARM\\Motors\\MDK-ARM\\Motors.axf" 
Erase Done.
Programming Done.
Verify OK.
Build target 'Motors'
compiling pwm.c...
linking...
Program Size: Code=2220 RO-data=484 RW-data=68 ZI-data=1060  
".\Motors.axf" - 0 Errors, 0 Warning(s).
Load "C:\\Documents and Settings\\kuba\\Plocha\\ARM\\Motors\\MDK-ARM\\Motors.axf" 
Erase Done.
Programming Done.
Verify OK.
Build target 'Motors'
compiling pwm.c...
linking...
Program Size: Code=2220 RO-data=484 RW-data=68 ZI-data=1060  
".\Motors.axf" - 0 Errors, 0 Warning(s).
Load "C:\\Documents and Settings\\kuba\\Plocha\\ARM\\Motors\\MDK-ARM\\Motors.axf" 
Erase Done.
Programming Done.
Verify OK.
Build target 'Motors'
compiling init.c...
compiling pwm.c...
linking...
Program Size: Code=2212 RO-data=484 RW-data=68 ZI-data=1060  
".\Motors.axf" - 0 Errors, 0 Warning(s).
Load "C:\\Documents and Settings\\kuba\\Plocha\\ARM\\Motors\\MDK-ARM\\Motors.axf" 
Erase Done.
Programming Done.
Verify OK.
Build target 'Motors'
compiling init.c...
linking...
Program Size: Code=2216 RO-data=484 RW-data=68 ZI-data=1060  
".\Motors.axf" - 0 Errors, 0 Warning(s).
Load "C:\\Documents and Settings\\kuba\\Plocha\\ARM\\Motors\\MDK-ARM\\Motors.axf" 
Erase Done.
Programming Done.
Verify OK.
Build target 'Motors'
compiling main.c...
compiling init.c...
linking...
Program Size: Code=2224 RO-data=484 RW-data=68 ZI-data=1060  
".\Motors.axf" - 0 Errors, 0 Warning(s).
Load "C:\\Documents and Settings\\kuba\\Plocha\\ARM\\Motors\\MDK-ARM\\Motors.axf" 
Erase Done.
Programming Done.
Verify OK.
Build target 'Motors'
compiling main.c...
linking...
Program Size: Code=2252 RO-data=484 RW-data=68 ZI-data=1060  
".\Motors.axf" - 0 Errors, 0 Warning(s).
Load "C:\\Documents and Settings\\kuba\\Plocha\\ARM\\Motors\\MDK-ARM\\Motors.axf" 
Erase Done.
Programming Done.
Verify OK.
Build target 'Motors'
compiling main.c...
linking...
Program Size: Code=2272 RO-data=484 RW-data=68 ZI-data=1060  
".\Motors.axf" - 0 Errors, 0 Warning(s).
Load "C:\\Documents and Settings\\kuba\\Plocha\\ARM\\Motors\\MDK-ARM\\Motors.axf" 
Erase Done.
Programming Done.
Verify OK.
Build target 'Motors'
compiling main.c...
linking...
Program Size: Code=2272 RO-data=484 RW-data=68 ZI-data=1060  
".\Motors.axf" - 0 Errors, 0 Warning(s).
Load "C:\\Documents and Settings\\kuba\\Plocha\\ARM\\Motors\\MDK-ARM\\Motors.axf" 
Erase Done.
Programming Done.
Verify OK.
Build target 'Motors'
compiling main.c...
linking...
Program Size: Code=2292 RO-data=484 RW-data=68 ZI-data=1060  
".\Motors.axf" - 0 Errors, 0 Warning(s).
Load "C:\\Documents and Settings\\kuba\\Plocha\\ARM\\Motors\\MDK-ARM\\Motors.axf" 
Erase Done.
Programming Done.
Verify OK.
Build target 'Motors'
compiling main.c...
linking...
Program Size: Code=2292 RO-data=484 RW-data=68 ZI-data=1060  
".\Motors.axf" - 0 Errors, 0 Warning(s).
Load "C:\\Documents and Settings\\kuba\\Plocha\\ARM\\Motors\\MDK-ARM\\Motors.axf" 
Erase Done.
Programming Done.
Verify OK.
Build target 'Motors'
compiling main.c...
compiling init.c...
linking...
Program Size: Code=2292 RO-data=484 RW-data=68 ZI-data=1060  
".\Motors.axf" - 0 Errors, 0 Warning(s).
Load "C:\\Documents and Settings\\kuba\\Plocha\\ARM\\Motors\\MDK-ARM\\Motors.axf" 
Erase Done.
Programming Done.
Verify OK.
Build target 'Motors'
compiling init.c...
linking...
Program Size: Code=2296 RO-data=484 RW-data=68 ZI-data=1060  
".\Motors.axf" - 0 Errors, 0 Warning(s).
Build target 'Motors'
compiling init.c...
linking...
Program Size: Code=2296 RO-data=484 RW-data=68 ZI-data=1060  
".\Motors.axf" - 0 Errors, 0 Warning(s).
Load "C:\\Documents and Settings\\kuba\\Plocha\\ARM\\Motors\\MDK-ARM\\Motors.axf" 
Erase Done.
Programming Done.
Verify OK.
Load "C:\\Documents and Settings\\kuba\\Plocha\\ARM\\Motors\\MDK-ARM\\Motors.axf" 
Erase Done.
Programming Done.
Verify OK.
Build target 'Motors'
compiling main.c...
..\main.c(24): warning:  #223-D: function "calib" declared implicitly
..\main.c(25): error:  #268: declaration may not appear after executable statement in block
..\main.c(71): warning:  #940-D: missing return statement at end of non-void function "calib"
compiling init.c...
".\Motors.axf" - 1 Errors, 2 Warning(s).
Target not created
Build target 'Motors'
compiling main.c...
..\main.c(17): warning:  #1295-D: Deprecated declaration calib - give arg types
..\main.c(26): error:  #268: declaration may not appear after executable statement in block
".\Motors.axf" - 1 Errors, 1 Warning(s).
Target not created
Build target 'Motors'
compiling main.c...
..\main.c(27): error:  #268: declaration may not appear after executable statement in block
".\Motors.axf" - 1 Errors, 0 Warning(s).
Target not created
Build target 'Motors'
compiling main.c...
linking...
Program Size: Code=2392 RO-data=484 RW-data=76 ZI-data=1060  
".\Motors.axf" - 0 Errors, 0 Warning(s).
Load "C:\\Documents and Settings\\kuba\\Plocha\\ARM\\Motors\\MDK-ARM\\Motors.axf" 
Erase Done.
Programming Done.
Verify OK.
Build target 'Motors'
compiling main.c...
linking...
Program Size: Code=2296 RO-data=484 RW-data=68 ZI-data=1060  
".\Motors.axf" - 0 Errors, 0 Warning(s).
Load "C:\\Documents and Settings\\kuba\\Plocha\\ARM\\Motors\\MDK-ARM\\Motors.axf" 
Erase Done.
Programming Done.
Verify OK.
Build target 'Motors'
compiling main.c...
linking...
Program Size: Code=2220 RO-data=484 RW-data=68 ZI-data=1060  
".\Motors.axf" - 0 Errors, 0 Warning(s).
Load "C:\\Documents and Settings\\kuba\\Plocha\\ARM\\Motors\\MDK-ARM\\Motors.axf" 
Erase Done.
Programming Done.
Verify OK.
Build target 'Motors'
compiling main.c...
..\main.c(26): warning:  #177-D: variable "cnt" was declared but never referenced
linking...
Program Size: Code=2220 RO-data=484 RW-data=68 ZI-data=1060  
".\Motors.axf" - 0 Errors, 1 Warning(s).
Build target 'Motors'
linking...
Program Size: Code=2220 RO-data=484 RW-data=68 ZI-data=1060  
".\Motors.axf" - 0 Errors, 0 Warning(s).
Load "C:\\Documents and Settings\\kuba\\Plocha\\ARM\\Motors\\MDK-ARM\\Motors.axf" 
Erase Done.
Programming Done.
Verify OK.
Build target 'Motors'
compiling main.c...
..\main.c(26): warning:  #177-D: variable "cnt" was declared but never referenced
compiling init.c...
linking...
Program Size: Code=2220 RO-data=484 RW-data=68 ZI-data=1060  
".\Motors.axf" - 0 Errors, 1 Warning(s).
Load "C:\\Documents and Settings\\kuba\\Plocha\\ARM\\Motors\\MDK-ARM\\Motors.axf" 
Erase Done.
Programming Done.
Verify OK.
Build target 'Motors'
linking...
Program Size: Code=2220 RO-data=484 RW-data=68 ZI-data=1060  
".\Motors.axf" - 0 Errors, 0 Warning(s).
Load "C:\\Documents and Settings\\kuba\\Plocha\\ARM\\Motors\\MDK-ARM\\Motors.axf" 
Erase Done.
Programming Done.
Verify OK.
Build target 'Motors'
compiling init.c...
linking...
Program Size: Code=2216 RO-data=484 RW-data=68 ZI-data=1060  
".\Motors.axf" - 0 Errors, 0 Warning(s).
Load "C:\\Documents and Settings\\kuba\\Plocha\\ARM\\Motors\\MDK-ARM\\Motors.axf" 
Erase Done.
Programming Done.
Verify OK.
Build target 'Motors'
compiling main.c...
..\main.c(26): warning:  #177-D: variable "cnt" was declared but never referenced
linking...
Program Size: Code=2216 RO-data=484 RW-data=68 ZI-data=1060  
".\Motors.axf" - 0 Errors, 1 Warning(s).
Load "C:\\Documents and Settings\\kuba\\Plocha\\ARM\\Motors\\MDK-ARM\\Motors.axf" 
Erase Done.
Programming Done.
Verify OK.
Build target 'Motors'
compiling main.c...
..\main.c(26): warning:  #177-D: variable "cnt" was declared but never referenced
linking...
Program Size: Code=2216 RO-data=484 RW-data=68 ZI-data=1060  
".\Motors.axf" - 0 Errors, 1 Warning(s).
Load "C:\\Documents and Settings\\kuba\\Plocha\\ARM\\Motors\\MDK-ARM\\Motors.axf" 
Erase Done.
Programming Done.
Verify OK.
Build target 'Motors'
compiling main.c...
..\main.c(26): warning:  #177-D: variable "cnt" was declared but never referenced
linking...
Program Size: Code=2256 RO-data=484 RW-data=68 ZI-data=1060  
".\Motors.axf" - 0 Errors, 1 Warning(s).
Load "C:\\Documents and Settings\\kuba\\Plocha\\ARM\\Motors\\MDK-ARM\\Motors.axf" 
Erase Done.
Programming Done.
Verify OK.
Build target 'Motors'
compiling main.c...
..\main.c(26): warning:  #177-D: variable "cnt" was declared but never referenced
linking...
Program Size: Code=2272 RO-data=484 RW-data=68 ZI-data=1060  
".\Motors.axf" - 0 Errors, 1 Warning(s).
Build target 'Motors'
compiling main.c...
linking...
Program Size: Code=2292 RO-data=484 RW-data=68 ZI-data=1060  
".\Motors.axf" - 0 Errors, 0 Warning(s).
Load "C:\\Documents and Settings\\kuba\\Plocha\\ARM\\Motors\\MDK-ARM\\Motors.axf" 
Erase Done.
Programming Done.
Verify OK.
Build target 'Motors'
compiling main.c...
linking...
Program Size: Code=2332 RO-data=484 RW-data=68 ZI-data=1060  
".\Motors.axf" - 0 Errors, 0 Warning(s).
Load "C:\\Documents and Settings\\kuba\\Plocha\\ARM\\Motors\\MDK-ARM\\Motors.axf" 
Erase Done.
Programming Done.
Verify OK.
Build target 'Motors'
compiling main.c...
linking...
Program Size: Code=2336 RO-data=484 RW-data=68 ZI-data=1060  
".\Motors.axf" - 0 Errors, 0 Warning(s).
Load "C:\\Documents and Settings\\kuba\\Plocha\\ARM\\Motors\\MDK-ARM\\Motors.axf" 
Erase Done.
Programming Done.
Verify OK.
Build target 'Motors'
compiling main.c...
linking...
Program Size: Code=2340 RO-data=484 RW-data=68 ZI-data=1060  
".\Motors.axf" - 0 Errors, 0 Warning(s).
Load "C:\\Documents and Settings\\kuba\\Plocha\\ARM\\Motors\\MDK-ARM\\Motors.axf" 
Erase Done.
Programming Done.
Verify OK.
Build target 'Motors'
compiling main.c...
linking...
Program Size: Code=2340 RO-data=484 RW-data=68 ZI-data=1060  
".\Motors.axf" - 0 Errors, 0 Warning(s).
Load "C:\\Documents and Settings\\kuba\\Plocha\\ARM\\Motors\\MDK-ARM\\Motors.axf" 
Erase Done.
Programming Done.
Verify OK.
Build target 'Motors'
compiling main.c...
compiling init.c...
linking...
Program Size: Code=2296 RO-data=484 RW-data=68 ZI-data=1060  
".\Motors.axf" - 0 Errors, 0 Warning(s).
Load "C:\\Documents and Settings\\kuba\\Plocha\\ARM\\Motors\\MDK-ARM\\Motors.axf" 
Erase Done.
Programming Done.
Verify OK.
Build target 'Motors'
compiling main.c...
linking...
Program Size: Code=2336 RO-data=484 RW-data=68 ZI-data=1060  
".\Motors.axf" - 0 Errors, 0 Warning(s).
Load "C:\\Documents and Settings\\kuba\\Plocha\\ARM\\Motors\\MDK-ARM\\Motors.axf" 
Erase Done.
Programming Done.
Verify OK.
Build target 'Motors'
compiling main.c...
linking...
Program Size: Code=2340 RO-data=484 RW-data=68 ZI-data=1060  
".\Motors.axf" - 0 Errors, 0 Warning(s).
Load "C:\\Documents and Settings\\kuba\\Plocha\\ARM\\Motors\\MDK-ARM\\Motors.axf" 
Erase Done.
Programming Done.
Verify OK.
Load "C:\\Documents and Settings\\kuba\\Plocha\\ARM\\Motors\\MDK-ARM\\Motors.axf" 
Erase Done.
Programming Done.
Verify OK.
Build target 'Motors'
compiling main.c...
linking...
Program Size: Code=2340 RO-data=484 RW-data=68 ZI-data=1060  
".\Motors.axf" - 0 Errors, 0 Warning(s).
Load "C:\\Documents and Settings\\kuba\\Plocha\\ARM\\Motors\\MDK-ARM\\Motors.axf" 
Erase Done.
Programming Done.
Verify OK.
Build target 'Motors'
compiling main.c...
compiling init.c...
linking...
Program Size: Code=2336 RO-data=484 RW-data=68 ZI-data=1060  
".\Motors.axf" - 0 Errors, 0 Warning(s).
Load "C:\\Documents and Settings\\kuba\\Plocha\\ARM\\Motors\\MDK-ARM\\Motors.axf" 
Erase Done.
Programming Done.
Verify OK.
